Archive member included because of file (symbol)

C:\Users\Antonio\Atollic\TrueSTUDIO\ARM_workspace\Accelerometer_23_05\libarm_cortexM4lf_math.a(arm_cos_f32.o)
                              src\ADC\Goertzel.o (arm_cos_f32)
c:/program files (x86)/atollic/truestudio for arm lite 4.3.1/armtools/bin/../lib/gcc/arm-atollic-eabi/4.7.3/../../../../arm-atollic-eabi/lib/armv7e-m/fpu\libc.a(lib_a-init.o)
                              src\startup_stm32f40xx.o (__libc_init_array)
c:/program files (x86)/atollic/truestudio for arm lite 4.3.1/armtools/bin/../lib/gcc/arm-atollic-eabi/4.7.3/../../../../arm-atollic-eabi/lib/armv7e-m/fpu\libc.a(lib_a-memcpy.o)
                              src\ADC\Goertzel.o (memcpy)
c:/program files (x86)/atollic/truestudio for arm lite 4.3.1/armtools/bin/../lib/gcc/arm-atollic-eabi/4.7.3/../../../../arm-atollic-eabi/lib/armv7e-m/fpu\libc.a(lib_a-memset.o)
                              src\Timer\timer.o (memset)
c:/program files (x86)/atollic/truestudio for arm lite 4.3.1/armtools/bin/../lib/gcc/arm-atollic-eabi/4.7.3/../../../../arm-atollic-eabi/lib/armv7e-m/fpu\libc.a(lib_a-strlen.o)
                              src\tiny_printf.o (strlen)
c:/program files (x86)/atollic/truestudio for arm lite 4.3.1/armtools/bin/../lib/gcc/arm-atollic-eabi/4.7.3/../../../../arm-atollic-eabi/lib/armv7e-m/fpu\libc.a(lib_a-vsprintf.o)
                              src\HD44780_task\HD44780.o (vsprintf)
c:/program files (x86)/atollic/truestudio for arm lite 4.3.1/armtools/bin/../lib/gcc/arm-atollic-eabi/4.7.3/../../../../arm-atollic-eabi/lib/armv7e-m/fpu\libc.a(lib_a-impure.o)
                              c:/program files (x86)/atollic/truestudio for arm lite 4.3.1/armtools/bin/../lib/gcc/arm-atollic-eabi/4.7.3/../../../../arm-atollic-eabi/lib/armv7e-m/fpu\libc.a(lib_a-vsprintf.o) (_impure_ptr)
c:/program files (x86)/atollic/truestudio for arm lite 4.3.1/armtools/bin/../lib/gcc/arm-atollic-eabi/4.7.3/../../../../arm-atollic-eabi/lib/armv7e-m/fpu\libc.a(lib_a-svfprintf.o)
                              c:/program files (x86)/atollic/truestudio for arm lite 4.3.1/armtools/bin/../lib/gcc/arm-atollic-eabi/4.7.3/../../../../arm-atollic-eabi/lib/armv7e-m/fpu\libc.a(lib_a-vsprintf.o) (_svfprintf_r)
c:/program files (x86)/atollic/truestudio for arm lite 4.3.1/armtools/bin/../lib/gcc/arm-atollic-eabi/4.7.3/../../../../arm-atollic-eabi/lib/armv7e-m/fpu\libc.a(lib_a-dtoa.o)
                              c:/program files (x86)/atollic/truestudio for arm lite 4.3.1/armtools/bin/../lib/gcc/arm-atollic-eabi/4.7.3/../../../../arm-atollic-eabi/lib/armv7e-m/fpu\libc.a(lib_a-svfprintf.o) (_dtoa_r)
c:/program files (x86)/atollic/truestudio for arm lite 4.3.1/armtools/bin/../lib/gcc/arm-atollic-eabi/4.7.3/../../../../arm-atollic-eabi/lib/armv7e-m/fpu\libc.a(lib_a-locale.o)
                              c:/program files (x86)/atollic/truestudio for arm lite 4.3.1/armtools/bin/../lib/gcc/arm-atollic-eabi/4.7.3/../../../../arm-atollic-eabi/lib/armv7e-m/fpu\libc.a(lib_a-svfprintf.o) (_localeconv_r)
c:/program files (x86)/atollic/truestudio for arm lite 4.3.1/armtools/bin/../lib/gcc/arm-atollic-eabi/4.7.3/../../../../arm-atollic-eabi/lib/armv7e-m/fpu\libc.a(lib_a-malloc.o)
                              c:/program files (x86)/atollic/truestudio for arm lite 4.3.1/armtools/bin/../lib/gcc/arm-atollic-eabi/4.7.3/../../../../arm-atollic-eabi/lib/armv7e-m/fpu\libc.a(lib_a-dtoa.o) (malloc)
c:/program files (x86)/atollic/truestudio for arm lite 4.3.1/armtools/bin/../lib/gcc/arm-atollic-eabi/4.7.3/../../../../arm-atollic-eabi/lib/armv7e-m/fpu\libc.a(lib_a-mallocr.o)
                              c:/program files (x86)/atollic/truestudio for arm lite 4.3.1/armtools/bin/../lib/gcc/arm-atollic-eabi/4.7.3/../../../../arm-atollic-eabi/lib/armv7e-m/fpu\libc.a(lib_a-svfprintf.o) (_malloc_r)
c:/program files (x86)/atollic/truestudio for arm lite 4.3.1/armtools/bin/../lib/gcc/arm-atollic-eabi/4.7.3/../../../../arm-atollic-eabi/lib/armv7e-m/fpu\libc.a(lib_a-memchr.o)
                              c:/program files (x86)/atollic/truestudio for arm lite 4.3.1/armtools/bin/../lib/gcc/arm-atollic-eabi/4.7.3/../../../../arm-atollic-eabi/lib/armv7e-m/fpu\libc.a(lib_a-svfprintf.o) (memchr)
c:/program files (x86)/atollic/truestudio for arm lite 4.3.1/armtools/bin/../lib/gcc/arm-atollic-eabi/4.7.3/../../../../arm-atollic-eabi/lib/armv7e-m/fpu\libc.a(lib_a-mlock.o)
                              c:/program files (x86)/atollic/truestudio for arm lite 4.3.1/armtools/bin/../lib/gcc/arm-atollic-eabi/4.7.3/../../../../arm-atollic-eabi/lib/armv7e-m/fpu\libc.a(lib_a-mallocr.o) (__malloc_lock)
c:/program files (x86)/atollic/truestudio for arm lite 4.3.1/armtools/bin/../lib/gcc/arm-atollic-eabi/4.7.3/../../../../arm-atollic-eabi/lib/armv7e-m/fpu\libc.a(lib_a-mprec.o)
[...]
Memory Configuration

Name             Origin             Length             Attributes
FLASH            0x08000000         0x00100000         xr
RAM              0x20000000         0x00020000         xrw
MEMORY_B1        0x60000000         0x00000000         xr
CCMRAM           0x10000000         0x00010000         rw
*default*        0x00000000         0xffffffff

Linker script and memory map

LOAD c:/program files (x86)/atollic/truestudio for arm lite 4.3.1/armtools/bin/../lib/gcc/arm-atollic-eabi/4.7.3/armv7e-m/fpu/crti.o
LOAD c:/program files (x86)/atollic/truestudio for arm lite 4.3.1/armtools/bin/../lib/gcc/arm-atollic-eabi/4.7.3/armv7e-m/fpu/crtbegin.o
LOAD src\usbd_usr.o
LOAD src\usbd_desc.o
LOAD src\usbd_cdc_vcp.o
LOAD src\usb_bsp.o
LOAD src\usart.o
LOAD src\tiny_printf.o
LOAD src\system_stm32f4xx.o
LOAD src\syscalls.o
LOAD src\stm32f4xx_it.o
LOAD src\startup_stm32f40xx.o
LOAD src\main.o
LOAD src\USB\usb.o
LOAD src\Timer\timer.o
LOAD src\Servo\servo.o
LOAD src\NokiaLCD\nokiaLCD.o
LOAD src\HD44780_task\HD44780.o
LOAD src\HD44780\hd44780.o
LOAD src\GPIO\gpio.o
LOAD src\EXTI\exti.o
LOAD src\Delay\delay.o
LOAD src\Algorithms\algorithms.o
LOAD src\Accelerometer\stm32f4_discovery_lis3dsh.o
LOAD src\Accelerometer\accelerometer.o
LOAD src\ADC\adc.o
LOAD src\ADC\Goertzel.o
LOAD src\10DOF\ITG3200\gyroscope.o
LOAD src\10DOF\HMC5883L\magnetometer.o
LOAD src\10DOF\BMP085\pressure.o
LOAD src\10DOF\ADXL345\accelerometer.o
LOAD Utilities\STM32F4-Discovery\stm32f4_discovery_lis302dl.o
LOAD Utilities\STM32F4-Discovery\stm32f4_discovery.o
LOAD Libraries\STM32_USB_OTG_Driver\src\usb_dcd_int.o
LOAD Libraries\STM32_USB_OTG_Driver\src\usb_dcd.o
LOAD Libraries\STM32_USB_OTG_Driver\src\usb_core.o
LOAD Libraries\STM32_USB_Device_Library\Core\src\usbd_req.o
LOAD Libraries\STM32_USB_Device_Library\Core\src\usbd_ioreq.o
LOAD Libraries\STM32_USB_Device_Library\Core\src\usbd_core.o
LOAD Libraries\STM32_USB_Device_Library\Class\cdc\src\usbd_cdc_core.o
LOAD Libraries\STM32F4xx_StdPeriph_Driver\src\stm32f4xx_wwdg.o
LOAD Libraries\STM32F4xx_StdPeriph_Driver\src\stm32f4xx_usart.o
LOAD Libraries\STM32F4xx_StdPeriph_Driver\src\stm32f4xx_tim.o
LOAD Libraries\STM32F4xx_StdPeriph_Driver\src\stm32f4xx_syscfg.o
LOAD Libraries\STM32F4xx_StdPeriph_Driver\src\stm32f4xx_spi.o
LOAD Libraries\STM32F4xx_StdPeriph_Driver\src\stm32f4xx_sdio.o
LOAD Libraries\STM32F4xx_StdPeriph_Driver\src\stm32f4xx_sai.o
LOAD Libraries\STM32F4xx_StdPeriph_Driver\src\stm32f4xx_rtc.o
LOAD Libraries\STM32F4xx_StdPeriph_Driver\src\stm32f4xx_rng.o
LOAD Libraries\STM32F4xx_StdPeriph_Driver\src\stm32f4xx_rcc.o
LOAD Libraries\STM32F4xx_StdPeriph_Driver\src\stm32f4xx_pwr.o
LOAD Libraries\STM32F4xx_StdPeriph_Driver\src\stm32f4xx_ltdc.o
LOAD Libraries\STM32F4xx_StdPeriph_Driver\src\stm32f4xx_iwdg.o
LOAD Libraries\STM32F4xx_StdPeriph_Driver\src\stm32f4xx_i2c.o
LOAD Libraries\STM32F4xx_StdPeriph_Driver\src\stm32f4xx_hash_sha1.o
LOAD Libraries\STM32F4xx_StdPeriph_Driver\src\stm32f4xx_hash_md5.o
LOAD Libraries\STM32F4xx_StdPeriph_Driver\src\stm32f4xx_hash.o
LOAD Libraries\STM32F4xx_StdPeriph_Driver\src\stm32f4xx_gpio.o
LOAD Libraries\STM32F4xx_StdPeriph_Driver\src\stm32f4xx_fsmc.o
LOAD Libraries\STM32F4xx_StdPeriph_Driver\src\stm32f4xx_flash.o
LOAD Libraries\STM32F4xx_StdPeriph_Driver\src\stm32f4xx_exti.o
LOAD Libraries\STM32F4xx_StdPeriph_Driver\src\stm32f4xx_dma2d.o
LOAD Libraries\STM32F4xx_StdPeriph_Driver\src\stm32f4xx_dma.o
LOAD Libraries\STM32F4xx_StdPeriph_Driver\src\stm32f4xx_dcmi.o
LOAD Libraries\STM32F4xx_StdPeriph_Driver\src\stm32f4xx_dbgmcu.o
LOAD Libraries\STM32F4xx_StdPeriph_Driver\src\stm32f4xx_dac.o
LOAD Libraries\STM32F4xx_StdPeriph_Driver\src\stm32f4xx_cryp_tdes.o
LOAD Libraries\STM32F4xx_StdPeriph_Driver\src\stm32f4xx_cryp_des.o
LOAD Libraries\STM32F4xx_StdPeriph_Driver\src\stm32f4xx_cryp_aes.o
LOAD Libraries\STM32F4xx_StdPeriph_Driver\src\stm32f4xx_cryp.o
LOAD Libraries\STM32F4xx_StdPeriph_Driver\src\stm32f4xx_crc.o
LOAD Libraries\STM32F4xx_StdPeriph_Driver\src\stm32f4xx_can.o
LOAD Libraries\STM32F4xx_StdPeriph_Driver\src\stm32f4xx_adc.o
LOAD Libraries\STM32F4xx_StdPeriph_Driver\src\misc.o
LOAD C:\Users\Antonio\Atollic\TrueSTUDIO\ARM_workspace\Accelerometer_23_05\libarm_cortexM4lf_math.a
LOAD C:\Users\Antonio\Atollic\TrueSTUDIO\ARM_workspace\Accelerometer_23_05\libPDMFilter_CM4F_GCC.a
START GROUP
LOAD c:/program files (x86)/atollic/truestudio for arm lite 4.3.1/armtools/bin/../lib/gcc/arm-atollic-eabi/4.7.3/../../../../arm-atollic-eabi/lib/armv7e-m/fpu\libc.a
LOAD c:/program files (x86)/atollic/truestudio for arm lite 4.3.1/armtools/bin/../lib/gcc/arm-atollic-eabi/4.7.3/../../../../arm-atollic-eabi/lib/armv7e-m/fpu\libm.a
END GROUP
                0x00001000                malloc_getpagesize_P = 0x1000
START GROUP
LOAD c:/program files (x86)/atollic/truestudio for arm lite 4.3.1/armtools/bin/../lib/gcc/arm-atollic-eabi/4.7.3/armv7e-m/fpu\libgcc.a
LOAD c:/program files (x86)/atollic/truestudio for arm lite 4.3.1/armtools/bin/../lib/gcc/arm-atollic-eabi/4.7.3/../../../../arm-atollic-eabi/lib/armv7e-m/fpu\libc.a
END GROUP
LOAD c:/program files (x86)/atollic/truestudio for arm lite 4.3.1/armtools/bin/../lib/gcc/arm-atollic-eabi/4.7.3/armv7e-m/fpu/crtend.o
LOAD c:/program files (x86)/atollic/truestudio for arm lite 4.3.1/armtools/bin/../lib/gcc/arm-atollic-eabi/4.7.3/armv7e-m/fpu/crtn.o
                0x20020000                _estack = 0x20020000
                0x00000000                _Min_Heap_Size = 0x0
                0x00000400                _Min_Stack_Size = 0x400

.isr_vector     0x08000000      0x188
                0x08000000                . = ALIGN (0x4)
 *(.isr_vector)
 .isr_vector    0x08000000      0x188 src\startup_stm32f40xx.o
                0x08000000                g_pfnVectors
                0x08000188                . = ALIGN (0x4)

.text           0x08000188     0x56e0
                0x08000188                . = ALIGN (0x4)
 *(.text)
 .text          0x08000188       0x54 c:/program files (x86)/atollic/truestudio for arm lite 4.3.1/armtools/bin/../lib/gcc/arm-atollic-eabi/4.7.3/armv7e-m/fpu/crtbegin.o
 .text          0x080001dc      0x370 c:/program files (x86)/atollic/truestudio for arm lite 4.3.1/armtools/bin/../lib/gcc/arm-atollic-eabi/4.7.3/armv7e-m/fpu\libgcc.a(_arm_addsubdf3.o)
                0x080001dc                __aeabi_drsub
                0x080001e4                __aeabi_dsub
                0x080001e4                __subdf3
                0x080001e8                __aeabi_dadd
                0x080001e8                __adddf3
                0x08000460                __floatunsidf
                0x08000460                __aeabi_ui2d
                0x08000480                __floatsidf
                0x08000480                __aeabi_i2d
                0x080004a4                __aeabi_f2d
                0x080004a4                __extendsfdf2
                0x080004e0                __floatundidf
                0x080004e0                __aeabi_ul2d
                0x080004f0                __floatdidf
                0x080004f0                __aeabi_l2d
 .text          0x0800054c      0x424 c:/program files (x86)/atollic/truestudio for arm lite 4.3.1/armtools/bin/../lib/gcc/arm-atollic-eabi/4.7.3/armv7e-m/fpu\libgcc.a(_arm_muldivdf3.o)
                0x0800054c                __aeabi_dmul
                0x0800054c                __muldf3
                0x080007a0                __divdf3
                0x080007a0                __aeabi_ddiv
 .text          0x08000970      0x110 c:/program files (x86)/atollic/truestudio for arm lite 4.3.1/armtools/bin/../lib/gcc/arm-atollic-eabi/4.7.3/armv7e-m/fpu\libgcc.a(_arm_cmpdf2.o)
                0x08000970                __gtdf2
                0x08000970                __gedf2
                0x08000978                __ltdf2
                0x08000978                __ledf2
                0x08000980                __nedf2
                0x08000980                __eqdf2
                0x08000980                __cmpdf2
                0x080009fc                __aeabi_cdrcmple
                0x08000a0c                __aeabi_cdcmpeq
                0x08000a0c                __aeabi_cdcmple
                0x08000a1c                __aeabi_dcmpeq
                0x08000a30                __aeabi_dcmplt
                0x08000a44                __aeabi_dcmple
                0x08000a58                __aeabi_dcmpge
                0x08000a6c                __aeabi_dcmpgt
 .text          0x08000a80       0xa0 c:/program files (x86)/atollic/truestudio for arm lite 4.3.1/armtools/bin/../lib/gcc/arm-atollic-eabi/4.7.3/armv7e-m/fpu\libgcc.a(_arm_truncdfsf2.o)
                0x08000a80                __truncdfsf2
                0x08000a80                __aeabi_d2f
 .text          0x08000b20       0x2c c:/program files (x86)/atollic/truestudio for arm lite 4.3.1/armtools/bin/../lib/gcc/arm-atollic-eabi/4.7.3/armv7e-m/fpu\libgcc.a(_aeabi_uldivmod.o)
                0x08000b20                __aeabi_uldivmod
 .text          0x08000b4c       0x58 c:/program files (x86)/atollic/truestudio for arm lite 4.3.1/armtools/bin/../lib/gcc/arm-atollic-eabi/4.7.3/armv7e-m/fpu\libgcc.a(bpabi.o)
                0x08000b4c                __gnu_ldivmod_helper
                0x08000b78                __gnu_uldivmod_helper
 .text          0x08000ba4        0x4 c:/program files (x86)/atollic/truestudio for arm lite 4.3.1/armtools/bin/../lib/gcc/arm-atollic-eabi/4.7.3/armv7e-m/fpu\libgcc.a(_dvmd_tls.o)
                0x08000ba4                __aeabi_idiv0
                0x08000ba4                __aeabi_ldiv0
 .text          0x08000ba8      0x2bc c:/program files (x86)/atollic/truestudio for arm lite 4.3.1/armtools/bin/../lib/gcc/arm-atollic-eabi/4.7.3/armv7e-m/fpu\libgcc.a(_divdi3.o)
                0x08000ba8                __divdi3
 .text          0x08000e64      0x288 c:/program files (x86)/atollic/truestudio for arm lite 4.3.1/armtools/bin/../lib/gcc/arm-atollic-eabi/4.7.3/armv7e-m/fpu\libgcc.a(_udivdi3.o)
                0x08000e64                __udivdi3
 *(.text*)
 .text.USBD_USR_Init
                0x080010ec        0x2 src\usbd_usr.o
                0x080010ec                USBD_USR_Init
 .text.USBD_USR_DeviceReset
                0x080010ee        0x2 src\usbd_usr.o
                0x080010ee                USBD_USR_DeviceReset
 .text.USBD_USR_DeviceConfigured
                0x080010f0        0x2 src\usbd_usr.o
                0x080010f0                USBD_USR_DeviceConfigured
 .text.USBD_USR_DeviceConnected
                0x080010f2        0x2 src\usbd_usr.o
                0x080010f2                USBD_USR_DeviceConnected
 .text.USBD_USR_DeviceDisconnected
                0x080010f4        0x2 src\usbd_usr.o
                0x080010f4                USBD_USR_DeviceDisconnected
 .text.USBD_USR_DeviceSuspended
                0x080010f6        0x2 src\usbd_usr.o
                0x080010f6                USBD_USR_DeviceSuspended
 .text.USBD_USR_DeviceResumed
                0x080010f8        0x2 src\usbd_usr.o
                0x080010f8                USBD_USR_DeviceResumed
 *fill*         0x080010fa        0x2 00
 .text.USBD_USR_DeviceDescriptor
                0x080010fc        0xc src\usbd_desc.o
                0x080010fc                USBD_USR_DeviceDescriptor
 .text.USBD_USR_LangIDStrDescriptor
                0x08001108        0xc src\usbd_desc.o
                0x08001108                USBD_USR_LangIDStrDescriptor
 .text.USBD_USR_ManufacturerStrDescriptor
                0x08001114       0x1c src\usbd_desc.o
                0x08001114                USBD_USR_ManufacturerStrDescriptor
 .text.USBD_USR_InterfaceStrDescriptor
                0x08001130       0x1c src\usbd_desc.o
                0x08001130                USBD_USR_InterfaceStrDescriptor
 .text.USBD_USR_ConfigStrDescriptor
                0x0800114c       0x1c src\usbd_desc.o
                0x0800114c                USBD_USR_ConfigStrDescriptor
 .text.USBD_USR_SerialStrDescriptor
                0x08001168       0x24 src\usbd_desc.o
                0x08001168                USBD_USR_SerialStrDescriptor
 .text.USBD_USR_ProductStrDescriptor
                0x0800118c       0x24 src\usbd_desc.o
                0x0800118c                USBD_USR_ProductStrDescriptor
 .text.VCP_DataRx
                0x080011b0       0x8c src\usbd_cdc_vcp.o
 .text.VCP_DeInit
                0x0800123c       0x20 src\usbd_cdc_vcp.o
 .text.VCP_Init
                0x0800125c       0x22 src\usbd_cdc_vcp.o
 *fill*         0x0800127e        0x2 00
 .text.VCP_Ctrl
                0x08001280       0x34 src\usbd_cdc_vcp.o
 .text.VCP_DataTx
                0x080012b4       0x8c src\usbd_cdc_vcp.o
                0x080012b4                VCP_DataTx
 .text.USB_OTG_BSP_Init
                0x08001340       0xa8 src\usb_bsp.o
                0x08001340                USB_OTG_BSP_Init
 .text.USB_OTG_BSP_EnableInterrupt
                0x080013e8       0x28 src\usb_bsp.o
                0x080013e8                USB_OTG_BSP_EnableInterrupt
 .text.USB_OTG_BSP_uDelay
                0x08001410       0x14 src\usb_bsp.o
                0x08001410                USB_OTG_BSP_uDelay
 .text.USB_OTG_BSP_mDelay
                0x08001424        0xa src\usb_bsp.o
                0x08001424                USB_OTG_BSP_mDelay
 .text.ust_cpy  0x0800142e       0x12 src\usart.o
                0x0800142e                ust_cpy
 .text.ust_config
                0x08001440       0xa2 src\usart.o
                0x08001440                ust_config
 .text.ts_itoa  0x080014e2       0x36 src\tiny_printf.o
                0x080014e2                ts_itoa
 .text.ts_formatstring
                0x08001518       0xba src\tiny_printf.o
                0x08001518                ts_formatstring
 .text.siprintf
                0x080015d2       0x18 src\tiny_printf.o
                0x080015d2                siprintf
                0x080015d2                sprintf
 *fill*         0x080015ea        0x2 00
 .text.SystemInit
                0x080015ec      0x11c src\system_stm32f4xx.o
                0x080015ec                SystemInit
 .text.NMI_Handler
                0x08001708        0x2 src\stm32f4xx_it.o
                0x08001708                NMI_Handler
 .text.HardFault_Handler
                0x0800170a        0x2 src\stm32f4xx_it.o
                0x0800170a                HardFault_Handler
 .text.MemManage_Handler
                0x0800170c        0x2 src\stm32f4xx_it.o
                0x0800170c                MemManage_Handler
 .text.BusFault_Handler
                0x0800170e        0x2 src\stm32f4xx_it.o
                0x0800170e                BusFault_Handler
 .text.UsageFault_Handler
                0x08001710        0x2 src\stm32f4xx_it.o
                0x08001710                UsageFault_Handler
 .text.SVC_Handler
                0x08001712        0x2 src\stm32f4xx_it.o
                0x08001712                SVC_Handler
 .text.DebugMon_Handler
                0x08001714        0x2 src\stm32f4xx_it.o
                0x08001714                DebugMon_Handler
 .text.PendSV_Handler
                0x08001716        0x2 src\stm32f4xx_it.o
                0x08001716                PendSV_Handler
 .text.SysTick_Handler
                0x08001718       0x3c src\stm32f4xx_it.o
                0x08001718                SysTick_Handler
 .text.EXTI9_5_IRQHandler
                0x08001754       0x98 src\stm32f4xx_it.o
                0x08001754                EXTI9_5_IRQHandler
 .text.OTG_FS_WKUP_IRQHandler
                0x080017ec       0x30 src\stm32f4xx_it.o
                0x080017ec                OTG_FS_WKUP_IRQHandler
 .text.OTG_FS_IRQHandler
                0x0800181c        0xc src\stm32f4xx_it.o
                0x0800181c                OTG_FS_IRQHandler
 .text.USART2_IRQHandler
                0x08001828       0x40 src\stm32f4xx_it.o
                0x08001828                USART2_IRQHandler
 .text.Reset_Handler
                0x08001868       0x50 src\startup_stm32f40xx.o
                0x08001868                Reset_Handler
 .text.Default_Handler
                0x080018b8        0x4 src\startup_stm32f40xx.o
                0x080018b8                RTC_Alarm_IRQHandler
                0x080018b8                HASH_RNG_IRQHandler
                0x080018b8                EXTI2_IRQHandler
                0x080018b8                TIM8_CC_IRQHandler
                0x080018b8                TIM1_CC_IRQHandler
                0x080018b8                DMA2_Stream5_IRQHandler
                0x080018b8                DMA1_Stream5_IRQHandler
                0x080018b8                PVD_IRQHandler
                0x080018b8                SDIO_IRQHandler
                0x080018b8                TAMP_STAMP_IRQHandler
                0x080018b8                CAN2_RX1_IRQHandler
                0x080018b8                EXTI3_IRQHandler
                0x080018b8                TIM8_TRG_COM_TIM14_IRQHandler
                0x080018b8                TIM1_UP_TIM10_IRQHandler
                0x080018b8                TIM8_UP_TIM13_IRQHandler
                0x080018b8                I2C3_ER_IRQHandler
                0x080018b8                EXTI0_IRQHandler
                0x080018b8                I2C2_EV_IRQHandler
                0x080018b8                DMA1_Stream2_IRQHandler
                0x080018b8                CAN1_RX0_IRQHandler
                0x080018b8                FPU_IRQHandler
                0x080018b8                OTG_HS_WKUP_IRQHandler
                0x080018b8                CAN2_SCE_IRQHandler
                0x080018b8                DMA2_Stream2_IRQHandler
                0x080018b8                SPI1_IRQHandler
                0x080018b8                TIM6_DAC_IRQHandler
                0x080018b8                TIM1_BRK_TIM9_IRQHandler
                0x080018b8                DCMI_IRQHandler
                0x080018b8                CAN2_RX0_IRQHandler
                0x080018b8                DMA2_Stream3_IRQHandler
                0x080018b8                USART6_IRQHandler
                0x080018b8                USART3_IRQHandler
                0x080018b8                CRYP_IRQHandler
                0x080018b8                CAN1_RX1_IRQHandler
                0x080018b8                UART5_IRQHandler
                0x080018b8                DMA2_Stream0_IRQHandler
                0x080018b8                TIM4_IRQHandler
                0x080018b8                I2C1_EV_IRQHandler
                0x080018b8                DMA1_Stream6_IRQHandler
                0x080018b8                DMA1_Stream1_IRQHandler
                0x080018b8                UART4_IRQHandler
                0x080018b8                TIM3_IRQHandler
                0x080018b8                RCC_IRQHandler
                0x080018b8                TIM8_BRK_TIM12_IRQHandler
                0x080018b8                Default_Handler
                0x080018b8                EXTI15_10_IRQHandler
                0x080018b8                ADC_IRQHandler
                0x080018b8                DMA1_Stream7_IRQHandler
                0x080018b8                CAN2_TX_IRQHandler
                0x080018b8                TIM5_IRQHandler
                0x080018b8                DMA2_Stream7_IRQHandler
                0x080018b8                I2C3_EV_IRQHandler
                0x080018b8                RTC_WKUP_IRQHandler
                0x080018b8                ETH_WKUP_IRQHandler
                0x080018b8                SPI2_IRQHandler
                0x080018b8                OTG_HS_EP1_IN_IRQHandler
                0x080018b8                DMA1_Stream0_IRQHandler
                0x080018b8                CAN1_TX_IRQHandler
                0x080018b8                EXTI4_IRQHandler
                0x080018b8                FSMC_IRQHandler
                0x080018b8                ETH_IRQHandler
                0x080018b8                OTG_HS_EP1_OUT_IRQHandler
                0x080018b8                WWDG_IRQHandler
                0x080018b8                TIM1_TRG_COM_TIM11_IRQHandler
                0x080018b8                OTG_HS_IRQHandler
                0x080018b8                EXTI1_IRQHandler
                0x080018b8                I2C2_ER_IRQHandler
                0x080018b8                DMA2_Stream1_IRQHandler
                0x080018b8                CAN1_SCE_IRQHandler
                0x080018b8                FLASH_IRQHandler
                0x080018b8                DMA2_Stream4_IRQHandler
                0x080018b8                USART1_IRQHandler
                0x080018b8                SPI3_IRQHandler
                0x080018b8                DMA1_Stream4_IRQHandler
                0x080018b8                I2C1_ER_IRQHandler
                0x080018b8                DMA2_Stream6_IRQHandler
                0x080018b8                DMA1_Stream3_IRQHandler
 .text.startup.main
                0x080018bc      0x1dc src\main.o
                0x080018bc                main
 .text.USB_init
                0x08001a98       0x74 src\USB\usb.o
                0x08001a98                USB_init
 .text.InitTimerWithIRQ
                0x08001b0c       0x74 src\Timer\timer.o
                0x08001b0c                InitTimerWithIRQ
 .text.InitPWM  0x08001b80       0xb0 src\Timer\timer.o
                0x08001b80                InitPWM
 .text.TIM2_IRQHandler
                0x08001c30       0x8c src\Timer\timer.o
                0x08001c30                TIM2_IRQHandler
 .text.LCD5110_CS.part.2
                0x08001cbc       0x10 src\NokiaLCD\nokiaLCD.o
 .text.LCD5110_LCD_write_byte
                0x08001ccc       0x80 src\NokiaLCD\nokiaLCD.o
 .text.LCD5110_WriteData
                0x08001d4c       0x28 src\NokiaLCD\nokiaLCD.o
                0x08001d4c                LCD5110_WriteData
 .text.LCD5110_Clear
                0x08001d74       0x18 src\NokiaLCD\nokiaLCD.o
                0x08001d74                LCD5110_Clear
 .text.LCD5110_Initialize
                0x08001d8c       0xe4 src\NokiaLCD\nokiaLCD.o
                0x08001d8c                LCD5110_Initialize
 .text.LCD5110_GoTo
                0x08001e70       0x24 src\NokiaLCD\nokiaLCD.o
                0x08001e70                LCD5110_GoTo
 .text.LCD5110_ClearLine
                0x08001e94       0x1e src\NokiaLCD\nokiaLCD.o
                0x08001e94                LCD5110_ClearLine
 .text.LCD5110_WriteTextXY
                0x08001eb2       0x1c src\NokiaLCD\nokiaLCD.o
                0x08001eb2                LCD5110_WriteTextXY
 .text.LCD5110_draw_bmp_pixel
                0x08001ece       0x50 src\NokiaLCD\nokiaLCD.o
                0x08001ece                LCD5110_draw_bmp_pixel
 *fill*         0x08001f1e        0x2 00
 .text.LCD5110_WriteBMP
                0x08001f20       0x18 src\NokiaLCD\nokiaLCD.o
                0x08001f20                LCD5110_WriteBMP
 .text.task_del
                0x08001f38       0x30 src\HD44780_task\HD44780.o
 .text.set_output
                0x08001f68       0x48 src\HD44780_task\HD44780.o
 .text.enable   0x08001fb0       0x20 src\HD44780_task\HD44780.o
 .text.write    0x08001fd0       0x60 src\HD44780_task\HD44780.o
 .text.TIM7_IRQHandler
                0x08002030       0xc4 src\HD44780_task\HD44780.o
                0x08002030                TIM7_IRQHandler
 .text.LCD_WriteNibble
                0x080020f4       0x60 src\HD44780\hd44780.o
                0x080020f4                LCD_WriteNibble
 .text.LCD_ReadNibble
                0x08002154       0x60 src\HD44780\hd44780.o
                0x08002154                LCD_ReadNibble
 .text.LCD_ReadStatus
                0x080021b4       0x68 src\HD44780\hd44780.o
                0x080021b4                LCD_ReadStatus
 .text.LCD_WriteData
                0x0800221c       0x38 src\HD44780\hd44780.o
                0x0800221c                LCD_WriteData
 .text.LCD_WriteCommand
                0x08002254       0x2c src\HD44780\hd44780.o
                0x08002254                LCD_WriteCommand
 .text.LCD_WriteText
                0x08002280       0x16 src\HD44780\hd44780.o
                0x08002280                LCD_WriteText
 .text.LCD_GoTo
                0x08002296        0xe src\HD44780\hd44780.o
                0x08002296                LCD_GoTo
 .text.LCD_WriteTextXY
                0x080022a4       0x16 src\HD44780\hd44780.o
                0x080022a4                LCD_WriteTextXY
 .text.LCD_Clear
                0x080022ba        0x6 src\HD44780\hd44780.o
                0x080022ba                LCD_Clear
 .text.InitLeds
                0x080022c0       0x50 src\GPIO\gpio.o
                0x080022c0                InitLeds
 .text.InitButtons
                0x08002310       0x28 src\GPIO\gpio.o
                0x08002310                InitButtons
 .text.SysTick_ButtonAction
                0x08002338       0x70 src\GPIO\gpio.o
                0x08002338                SysTick_ButtonAction
 .text.InitButtonsEXTI
                0x080023a8       0x52 src\EXTI\exti.o
                0x080023a8                InitButtonsEXTI
 *fill*         0x080023fa        0x2 00
 .text.delay_ms
                0x080023fc       0x18 src\Delay\delay.o
                0x080023fc                delay_ms
 .text.delay_us
                0x08002414       0x10 src\Delay\delay.o
                0x08002414                delay_us
 .text.SysTick_DelayAction
                0x08002424       0x14 src\Delay\delay.o
                0x08002424                SysTick_DelayAction
 .text.SysTick_Conf
                0x08002438       0x44 src\Delay\delay.o
                0x08002438                SysTick_Conf
 .text._LIS3DSH_SendByte
                0x0800247c       0x5c src\Accelerometer\stm32f4_discovery_lis3dsh.o
 .text.LIS3DSH_ReadByte
                0x080024d8       0x30 src\Accelerometer\stm32f4_discovery_lis3dsh.o
                0x080024d8                LIS3DSH_ReadByte
 .text.LIS3DSH_Read
                0x08002508       0x20 src\Accelerometer\stm32f4_discovery_lis3dsh.o
                0x08002508                LIS3DSH_Read
 .text.LIS3DSH_ReadAxes
                0x08002528      0x100 src\Accelerometer\stm32f4_discovery_lis3dsh.o
                0x08002528                LIS3DSH_ReadAxes
 .text.LIS3DSH_WriteByte
                0x08002628       0x2c src\Accelerometer\stm32f4_discovery_lis3dsh.o
                0x08002628                LIS3DSH_WriteByte
 .text.LIS3DSH_SetOffsets
                0x08002654       0x24 src\Accelerometer\stm32f4_discovery_lis3dsh.o
                0x08002654                LIS3DSH_SetOffsets
 .text.LIS3DSH_AxesEnable
                0x08002678       0x1a src\Accelerometer\stm32f4_discovery_lis3dsh.o
                0x08002678                LIS3DSH_AxesEnable
 .text.LIS3DSH_SetMeasuredRange
                0x08002692       0x1a src\Accelerometer\stm32f4_discovery_lis3dsh.o
                0x08002692                LIS3DSH_SetMeasuredRange
 .text.LIS3DSH_SetFilterBandwidth
                0x080026ac       0x1a src\Accelerometer\stm32f4_discovery_lis3dsh.o
                0x080026ac                LIS3DSH_SetFilterBandwidth
 .text.LIS3DSH_SetOutputDataRate
                0x080026c6       0x1a src\Accelerometer\stm32f4_discovery_lis3dsh.o
                0x080026c6                LIS3DSH_SetOutputDataRate
 .text.LIS3DSH_Init
                0x080026e0      0x13c src\Accelerometer\stm32f4_discovery_lis3dsh.o
                0x080026e0                LIS3DSH_Init
 .text.InitAccelerometer
                0x0800281c       0x70 src\Accelerometer\accelerometer.o
                0x0800281c                InitAccelerometer
 .text.SysTick_UpdateAccelerometer
                0x0800288c      0x104 src\Accelerometer\accelerometer.o
                0x0800288c                SysTick_UpdateAccelerometer
 .text.Main_AccelerometerAction
                0x08002990      0x264 src\Accelerometer\accelerometer.o
                0x08002990                Main_AccelerometerAction
 *fill*         0x08002bf4        0x4 00
 .text.algorithm
                0x08002bf8      0x3d8 src\ADC\Goertzel.o
                0x08002bf8                algorithm
 .text.USBD_OTG_ISR_Handler
                0x08002fd0      0x49c Libraries\STM32_USB_OTG_Driver\src\usb_dcd_int.o
                0x08002fd0                USBD_OTG_ISR_Handler
 .text.DCD_Init
                0x0800346c       0x88 Libraries\STM32_USB_OTG_Driver\src\usb_dcd.o
                0x0800346c                DCD_Init
 .text.DCD_EP_Open
                0x080034f4       0x42 Libraries\STM32_USB_OTG_Driver\src\usb_dcd.o
                0x080034f4                DCD_EP_Open
 .text.DCD_EP_Close
                0x08003536       0x32 Libraries\STM32_USB_OTG_Driver\src\usb_dcd.o
                0x08003536                DCD_EP_Close
 .text.DCD_EP_PrepareRx
                0x08003568       0x34 Libraries\STM32_USB_OTG_Driver\src\usb_dcd.o
                0x08003568                DCD_EP_PrepareRx
 .text.DCD_EP_Tx
                0x0800359c       0x32 Libraries\STM32_USB_OTG_Driver\src\usb_dcd.o
                0x0800359c                DCD_EP_Tx
 .text.DCD_EP_Stall
                0x080035ce       0x3c Libraries\STM32_USB_OTG_Driver\src\usb_dcd.o
                0x080035ce                DCD_EP_Stall
 .text.DCD_EP_ClrStall
                0x0800360a       0x3c Libraries\STM32_USB_OTG_Driver\src\usb_dcd.o
                0x0800360a                DCD_EP_ClrStall
 .text.DCD_EP_SetAddress
                0x08003646       0x10 Libraries\STM32_USB_OTG_Driver\src\usb_dcd.o
                0x08003646                DCD_EP_SetAddress
 *fill*         0x08003656        0x2 00
 .text.USB_OTG_CoreReset
                0x08003658       0x4c Libraries\STM32_USB_OTG_Driver\src\usb_core.o
 .text.USB_OTG_WritePacket
                0x080036a4       0x26 Libraries\STM32_USB_OTG_Driver\src\usb_core.o
                0x080036a4                USB_OTG_WritePacket
 .text.USB_OTG_ReadPacket
                0x080036ca       0x22 Libraries\STM32_USB_OTG_Driver\src\usb_core.o
                0x080036ca                USB_OTG_ReadPacket
 .text.USB_OTG_SelectCore
                0x080036ec       0xc0 Libraries\STM32_USB_OTG_Driver\src\usb_core.o
                0x080036ec                USB_OTG_SelectCore
 .text.USB_OTG_CoreInit
                0x080037ac       0xe4 Libraries\STM32_USB_OTG_Driver\src\usb_core.o
                0x080037ac                USB_OTG_CoreInit
 .text.USB_OTG_EnableGlobalInt
                0x08003890        0xe Libraries\STM32_USB_OTG_Driver\src\usb_core.o
                0x08003890                USB_OTG_EnableGlobalInt
 .text.USB_OTG_DisableGlobalInt
                0x0800389e        0xe Libraries\STM32_USB_OTG_Driver\src\usb_core.o
                0x0800389e                USB_OTG_DisableGlobalInt
 .text.USB_OTG_FlushTxFifo
                0x080038ac       0x3c Libraries\STM32_USB_OTG_Driver\src\usb_core.o
                0x080038ac                USB_OTG_FlushTxFifo
 .text.USB_OTG_FlushRxFifo
                0x080038e8       0x34 Libraries\STM32_USB_OTG_Driver\src\usb_core.o
                0x080038e8                USB_OTG_FlushRxFifo
 .text.USB_OTG_SetCurrentMode
                0x0800391c       0x2a Libraries\STM32_USB_OTG_Driver\src\usb_core.o
                0x0800391c                USB_OTG_SetCurrentMode
 .text.USB_OTG_IsDeviceMode
                0x08003946        0xe Libraries\STM32_USB_OTG_Driver\src\usb_core.o
                0x08003946                USB_OTG_IsDeviceMode
 .text.USB_OTG_ReadCoreItr
                0x08003954        0xa Libraries\STM32_USB_OTG_Driver\src\usb_core.o
                0x08003954                USB_OTG_ReadCoreItr
 .text.USB_OTG_InitDevSpeed
                0x0800395e        0xc Libraries\STM32_USB_OTG_Driver\src\usb_core.o
                0x0800395e                USB_OTG_InitDevSpeed
 *fill*         0x0800396a        0x2 00
 .text.USB_OTG_EnableDevInt
                0x0800396c       0x3c Libraries\STM32_USB_OTG_Driver\src\usb_core.o
                0x0800396c                USB_OTG_EnableDevInt
 .text.USB_OTG_CoreInitDev
                0x080039a8      0x100 Libraries\STM32_USB_OTG_Driver\src\usb_core.o
                0x080039a8                USB_OTG_CoreInitDev
 .text.USB_OTG_GetDeviceSpeed
                0x08003aa8       0x1c Libraries\STM32_USB_OTG_Driver\src\usb_core.o
                0x08003aa8                USB_OTG_GetDeviceSpeed
 .text.USB_OTG_EP0Activate
                0x08003ac4       0x2c Libraries\STM32_USB_OTG_Driver\src\usb_core.o
                0x08003ac4                USB_OTG_EP0Activate
 .text.USB_OTG_EPActivate
                0x08003af0       0x5e Libraries\STM32_USB_OTG_Driver\src\usb_core.o
                0x08003af0                USB_OTG_EPActivate
 .text.USB_OTG_EPDeactivate
                0x08003b4e       0x3e Libraries\STM32_USB_OTG_Driver\src\usb_core.o
                0x08003b4e                USB_OTG_EPDeactivate
 .text.USB_OTG_EPStartXfer
                0x08003b8c      0x10a Libraries\STM32_USB_OTG_Driver\src\usb_core.o
                0x08003b8c                USB_OTG_EPStartXfer
 .text.USB_OTG_EP0StartXfer
                0x08003c96       0xda Libraries\STM32_USB_OTG_Driver\src\usb_core.o
                0x08003c96                USB_OTG_EP0StartXfer
 .text.USB_OTG_EPSetStall
                0x08003d70       0x36 Libraries\STM32_USB_OTG_Driver\src\usb_core.o
                0x08003d70                USB_OTG_EPSetStall
 .text.USB_OTG_EPClearStall
                0x08003da6       0x28 Libraries\STM32_USB_OTG_Driver\src\usb_core.o
                0x08003da6                USB_OTG_EPClearStall
 .text.USB_OTG_ReadDevAllOutEp_itr
                0x08003dce        0xc Libraries\STM32_USB_OTG_Driver\src\usb_core.o
                0x08003dce                USB_OTG_ReadDevAllOutEp_itr
 .text.USB_OTG_ReadDevOutEP_itr
                0x08003dda       0x10 Libraries\STM32_USB_OTG_Driver\src\usb_core.o
                0x08003dda                USB_OTG_ReadDevOutEP_itr
 .text.USB_OTG_ReadDevAllInEPItr
                0x08003dea        0xc Libraries\STM32_USB_OTG_Driver\src\usb_core.o
                0x08003dea                USB_OTG_ReadDevAllInEPItr
 .text.USB_OTG_EP0_OutStart
                0x08003df6       0x3c Libraries\STM32_USB_OTG_Driver\src\usb_core.o
                0x08003df6                USB_OTG_EP0_OutStart
 .text.USB_OTG_UngateClock
                0x08003e32       0x20 Libraries\STM32_USB_OTG_Driver\src\usb_core.o
                0x08003e32                USB_OTG_UngateClock
 .text.USBD_ParseSetupRequest
                0x08003e52       0x44 Libraries\STM32_USB_Device_Library\Core\src\usbd_req.o
                0x08003e52                USBD_ParseSetupRequest
 .text.USBD_CtlError
                0x08003e96       0x28 Libraries\STM32_USB_Device_Library\Core\src\usbd_req.o
                0x08003e96                USBD_CtlError
 *fill*         0x08003ebe        0x2 00
 .text.USBD_StdEPReq
                0x08003ec0       0xc4 Libraries\STM32_USB_Device_Library\Core\src\usbd_req.o
                0x08003ec0                USBD_StdEPReq
 .text.USBD_StdItfReq
                0x08003f84       0x30 Libraries\STM32_USB_Device_Library\Core\src\usbd_req.o
                0x08003f84                USBD_StdItfReq
 .text.USBD_StdDevReq
                0x08003fb4      0x254 Libraries\STM32_USB_Device_Library\Core\src\usbd_req.o
                0x08003fb4                USBD_StdDevReq
 .text.USBD_GetString
                0x08004208       0x3c Libraries\STM32_USB_Device_Library\Core\src\usbd_req.o
                0x08004208                USBD_GetString
 .text.USBD_CtlSendData
                0x08004244       0x22 Libraries\STM32_USB_Device_Library\Core\src\usbd_ioreq.o
                0x08004244                USBD_CtlSendData
 .text.USBD_CtlContinueSendData
                0x08004266       0x12 Libraries\STM32_USB_Device_Library\Core\src\usbd_ioreq.o
                0x08004266                USBD_CtlContinueSendData
 .text.USBD_CtlPrepareRx
                0x08004278       0x22 Libraries\STM32_USB_Device_Library\Core\src\usbd_ioreq.o
                0x08004278                USBD_CtlPrepareRx
 .text.USBD_CtlContinueRx
                0x0800429a       0x12 Libraries\STM32_USB_Device_Library\Core\src\usbd_ioreq.o
                0x0800429a                USBD_CtlContinueRx
 .text.USBD_CtlSendStatus
                0x080042ac       0x1e Libraries\STM32_USB_Device_Library\Core\src\usbd_ioreq.o
                0x080042ac                USBD_CtlSendStatus
 .text.USBD_CtlReceiveStatus
                0x080042ca       0x1e Libraries\STM32_USB_Device_Library\Core\src\usbd_ioreq.o
                0x080042ca                USBD_CtlReceiveStatus
 .text.USBD_Resume
                0x080042e8       0x16 Libraries\STM32_USB_Device_Library\Core\src\usbd_core.o
 .text.USBD_Suspend
                0x080042fe       0x14 Libraries\STM32_USB_Device_Library\Core\src\usbd_core.o
 .text.USBD_SOF
                0x08004312       0x10 Libraries\STM32_USB_Device_Library\Core\src\usbd_core.o
 .text.USBD_IsoINIncomplete
                0x08004322        0xe Libraries\STM32_USB_Device_Library\Core\src\usbd_core.o
 .text.USBD_IsoOUTIncomplete
                0x08004330        0xe Libraries\STM32_USB_Device_Library\Core\src\usbd_core.o
 .text.USBD_Reset
                0x0800433e       0x2e Libraries\STM32_USB_Device_Library\Core\src\usbd_core.o
 .text.USBD_SetupStage
                0x0800436c       0x48 Libraries\STM32_USB_Device_Library\Core\src\usbd_core.o
 .text.USBD_DataInStage
                0x080043b4       0x98 Libraries\STM32_USB_Device_Library\Core\src\usbd_core.o
 .text.USBD_DataOutStage
                0x0800444c       0x74 Libraries\STM32_USB_Device_Library\Core\src\usbd_core.o
 .text.USBD_Init
                0x080044c0       0x38 Libraries\STM32_USB_Device_Library\Core\src\usbd_core.o
                0x080044c0                USBD_Init
 .text.USBD_SetCfg
                0x080044f8       0x18 Libraries\STM32_USB_Device_Library\Core\src\usbd_core.o
                0x080044f8                USBD_SetCfg
 .text.USBD_ClrCfg
                0x08004510        0xe Libraries\STM32_USB_Device_Library\Core\src\usbd_core.o
                0x08004510                USBD_ClrCfg
 *fill*         0x0800451e        0x2 00
 .text.usbd_cdc_EP0_RxReady
                0x08004520       0x30 Libraries\STM32_USB_Device_Library\Class\cdc\src\usbd_cdc_core.o
 .text.USBD_cdc_GetCfgDesc
                0x08004550        0xc Libraries\STM32_USB_Device_Library\Class\cdc\src\usbd_cdc_core.o
 .text.usbd_cdc_SOF
                0x0800455c       0x9c Libraries\STM32_USB_Device_Library\Class\cdc\src\usbd_cdc_core.o
 .text.usbd_cdc_DataOut
                0x080045f8       0x38 Libraries\STM32_USB_Device_Library\Class\cdc\src\usbd_cdc_core.o
 .text.usbd_cdc_Setup
                0x08004630       0xb4 Libraries\STM32_USB_Device_Library\Class\cdc\src\usbd_cdc_core.o
 .text.usbd_cdc_DeInit
                0x080046e4       0x28 Libraries\STM32_USB_Device_Library\Class\cdc\src\usbd_cdc_core.o
 .text.usbd_cdc_Init
                0x0800470c       0x64 Libraries\STM32_USB_Device_Library\Class\cdc\src\usbd_cdc_core.o
 .text.usbd_cdc_DataIn
                0x08004770       0x58 Libraries\STM32_USB_Device_Library\Class\cdc\src\usbd_cdc_core.o
 .text.USART_Init
                0x080047c8       0xb8 Libraries\STM32F4xx_StdPeriph_Driver\src\stm32f4xx_usart.o
                0x080047c8                USART_Init
 .text.USART_Cmd
                0x08004880       0x18 Libraries\STM32F4xx_StdPeriph_Driver\src\stm32f4xx_usart.o
                0x08004880                USART_Cmd
 .text.USART_SendData
                0x08004898        0x8 Libraries\STM32F4xx_StdPeriph_Driver\src\stm32f4xx_usart.o
                0x08004898                USART_SendData
 .text.USART_ReceiveData
                0x080048a0        0x8 Libraries\STM32F4xx_StdPeriph_Driver\src\stm32f4xx_usart.o
                0x080048a0                USART_ReceiveData
 .text.USART_ITConfig
                0x080048a8       0x34 Libraries\STM32F4xx_StdPeriph_Driver\src\stm32f4xx_usart.o
                0x080048a8                USART_ITConfig
 .text.USART_GetFlagStatus
                0x080048dc        0xc Libraries\STM32F4xx_StdPeriph_Driver\src\stm32f4xx_usart.o
                0x080048dc                USART_GetFlagStatus
 .text.USART_GetITStatus
                0x080048e8       0x40 Libraries\STM32F4xx_StdPeriph_Driver\src\stm32f4xx_usart.o
                0x080048e8                USART_GetITStatus
 .text.TIM_TimeBaseInit
                0x08004928       0x7c Libraries\STM32F4xx_StdPeriph_Driver\src\stm32f4xx_tim.o
                0x08004928                TIM_TimeBaseInit
 .text.TIM_ARRPreloadConfig
                0x080049a4       0x18 Libraries\STM32F4xx_StdPeriph_Driver\src\stm32f4xx_tim.o
                0x080049a4                TIM_ARRPreloadConfig
 .text.TIM_Cmd  0x080049bc       0x18 Libraries\STM32F4xx_StdPeriph_Driver\src\stm32f4xx_tim.o
                0x080049bc                TIM_Cmd
 .text.TIM_OC1Init
                0x080049d4       0x70 Libraries\STM32F4xx_StdPeriph_Driver\src\stm32f4xx_tim.o
                0x080049d4                TIM_OC1Init
 .text.TIM_OC2Init
                0x08004a44       0x88 Libraries\STM32F4xx_StdPeriph_Driver\src\stm32f4xx_tim.o
                0x08004a44                TIM_OC2Init
 .text.TIM_OC1PreloadConfig
                0x08004acc       0x10 Libraries\STM32F4xx_StdPeriph_Driver\src\stm32f4xx_tim.o
                0x08004acc                TIM_OC1PreloadConfig
 .text.TIM_OC2PreloadConfig
                0x08004adc       0x14 Libraries\STM32F4xx_StdPeriph_Driver\src\stm32f4xx_tim.o
                0x08004adc                TIM_OC2PreloadConfig
 .text.TIM_ITConfig
                0x08004af0       0x12 Libraries\STM32F4xx_StdPeriph_Driver\src\stm32f4xx_tim.o
                0x08004af0                TIM_ITConfig
 .text.TIM_GetITStatus
                0x08004b02       0x16 Libraries\STM32F4xx_StdPeriph_Driver\src\stm32f4xx_tim.o
                0x08004b02                TIM_GetITStatus
 .text.TIM_ClearITPendingBit
                0x08004b18        0x8 Libraries\STM32F4xx_StdPeriph_Driver\src\stm32f4xx_tim.o
                0x08004b18                TIM_ClearITPendingBit
 .text.SYSCFG_EXTILineConfig
                0x08004b20       0x34 Libraries\STM32F4xx_StdPeriph_Driver\src\stm32f4xx_syscfg.o
                0x08004b20                SYSCFG_EXTILineConfig
 .text.SPI_I2S_DeInit
                0x08004b54       0xb0 Libraries\STM32F4xx_StdPeriph_Driver\src\stm32f4xx_spi.o
                0x08004b54                SPI_I2S_DeInit
 .text.SPI_Init
                0x08004c04       0x3e Libraries\STM32F4xx_StdPeriph_Driver\src\stm32f4xx_spi.o
                0x08004c04                SPI_Init
 .text.SPI_Cmd  0x08004c42       0x18 Libraries\STM32F4xx_StdPeriph_Driver\src\stm32f4xx_spi.o
                0x08004c42                SPI_Cmd
 .text.SPI_I2S_ReceiveData
                0x08004c5a        0x6 Libraries\STM32F4xx_StdPeriph_Driver\src\stm32f4xx_spi.o
                0x08004c5a                SPI_I2S_ReceiveData
 .text.SPI_I2S_SendData
                0x08004c60        0x4 Libraries\STM32F4xx_StdPeriph_Driver\src\stm32f4xx_spi.o
                0x08004c60                SPI_I2S_SendData
 .text.SPI_I2S_GetFlagStatus
                0x08004c64        0xc Libraries\STM32F4xx_StdPeriph_Driver\src\stm32f4xx_spi.o
                0x08004c64                SPI_I2S_GetFlagStatus
 .text.RCC_GetClocksFreq
                0x08004c70       0x8c Libraries\STM32F4xx_StdPeriph_Driver\src\stm32f4xx_rcc.o
                0x08004c70                RCC_GetClocksFreq
 .text.RCC_AHB1PeriphClockCmd
                0x08004cfc       0x18 Libraries\STM32F4xx_StdPeriph_Driver\src\stm32f4xx_rcc.o
                0x08004cfc                RCC_AHB1PeriphClockCmd
 .text.RCC_AHB2PeriphClockCmd
                0x08004d14       0x18 Libraries\STM32F4xx_StdPeriph_Driver\src\stm32f4xx_rcc.o
                0x08004d14                RCC_AHB2PeriphClockCmd
 .text.RCC_APB1PeriphClockCmd
                0x08004d2c       0x18 Libraries\STM32F4xx_StdPeriph_Driver\src\stm32f4xx_rcc.o
                0x08004d2c                RCC_APB1PeriphClockCmd
 .text.RCC_APB2PeriphClockCmd
                0x08004d44       0x18 Libraries\STM32F4xx_StdPeriph_Driver\src\stm32f4xx_rcc.o
                0x08004d44                RCC_APB2PeriphClockCmd
 .text.RCC_APB1PeriphResetCmd
                0x08004d5c       0x18 Libraries\STM32F4xx_StdPeriph_Driver\src\stm32f4xx_rcc.o
                0x08004d5c                RCC_APB1PeriphResetCmd
 .text.RCC_APB2PeriphResetCmd
                0x08004d74       0x18 Libraries\STM32F4xx_StdPeriph_Driver\src\stm32f4xx_rcc.o
                0x08004d74                RCC_APB2PeriphResetCmd
 .text.GPIO_Init
                0x08004d8c       0x86 Libraries\STM32F4xx_StdPeriph_Driver\src\stm32f4xx_gpio.o
                0x08004d8c                GPIO_Init
 .text.GPIO_ReadInputDataBit
                0x08004e12        0xc Libraries\STM32F4xx_StdPeriph_Driver\src\stm32f4xx_gpio.o
                0x08004e12                GPIO_ReadInputDataBit
 .text.GPIO_SetBits
                0x08004e1e        0x4 Libraries\STM32F4xx_StdPeriph_Driver\src\stm32f4xx_gpio.o
                0x08004e1e                GPIO_SetBits
 .text.GPIO_ResetBits
                0x08004e22        0x4 Libraries\STM32F4xx_StdPeriph_Driver\src\stm32f4xx_gpio.o
                0x08004e22                GPIO_ResetBits
 .text.GPIO_WriteBit
                0x08004e26        0xa Libraries\STM32F4xx_StdPeriph_Driver\src\stm32f4xx_gpio.o
                0x08004e26                GPIO_WriteBit
 .text.GPIO_ToggleBits
                0x08004e30        0x8 Libraries\STM32F4xx_StdPeriph_Driver\src\stm32f4xx_gpio.o
                0x08004e30                GPIO_ToggleBits
 .text.GPIO_PinAFConfig
                0x08004e38       0x2e Libraries\STM32F4xx_StdPeriph_Driver\src\stm32f4xx_gpio.o
                0x08004e38                GPIO_PinAFConfig
 *fill*         0x08004e66        0x2 00
 .text.EXTI_Init
                0x08004e68       0x78 Libraries\STM32F4xx_StdPeriph_Driver\src\stm32f4xx_exti.o
                0x08004e68                EXTI_Init
 .text.EXTI_GetITStatus
                0x08004ee0       0x14 Libraries\STM32F4xx_StdPeriph_Driver\src\stm32f4xx_exti.o
                0x08004ee0                EXTI_GetITStatus
 .text.EXTI_ClearITPendingBit
                0x08004ef4        0xc Libraries\STM32F4xx_StdPeriph_Driver\src\stm32f4xx_exti.o
                0x08004ef4                EXTI_ClearITPendingBit
 .text.ADC_SoftwareStartConv
                0x08004f00        0xa Libraries\STM32F4xx_StdPeriph_Driver\src\stm32f4xx_adc.o
                0x08004f00                ADC_SoftwareStartConv
 *fill*         0x08004f0a        0x2 00
 .text.NVIC_PriorityGroupConfig
                0x08004f0c       0x14 Libraries\STM32F4xx_StdPeriph_Driver\src\misc.o
                0x08004f0c                NVIC_PriorityGroupConfig
 .text.NVIC_Init
                0x08004f20       0x6c Libraries\STM32F4xx_StdPeriph_Driver\src\misc.o
                0x08004f20                NVIC_Init
 .text.SysTick_CLKSourceConfig
                0x08004f8c       0x18 Libraries\STM32F4xx_StdPeriph_Driver\src\misc.o
                0x08004f8c                SysTick_CLKSourceConfig
 .text.arm_cos_f32
                0x08004fa4       0xdc C:\Users\Antonio\Atollic\TrueSTUDIO\ARM_workspace\Accelerometer_23_05\libarm_cortexM4lf_math.a(arm_cos_f32.o)
                0x08004fa4                arm_cos_f32
 .text.__libc_init_array
                0x08005080       0x4c c:/program files (x86)/atollic/truestudio for arm lite 4.3.1/armtools/bin/../lib/gcc/arm-atollic-eabi/4.7.3/../../../../arm-atollic-eabi/lib/armv7e-m/fpu\libc.a(lib_a-init.o)
                0x08005080                __libc_init_array
 .text.memcpy   0x080050cc       0x12 c:/program files (x86)/atollic/truestudio for arm lite 4.3.1/armtools/bin/../lib/gcc/arm-atollic-eabi/4.7.3/../../../../arm-atollic-eabi/lib/armv7e-m/fpu\libc.a(lib_a-memcpy.o)
                0x080050cc                memcpy
 .text.memset   0x080050de       0x10 c:/program files (x86)/atollic/truestudio for arm lite 4.3.1/armtools/bin/../lib/gcc/arm-atollic-eabi/4.7.3/../../../../arm-atollic-eabi/lib/armv7e-m/fpu\libc.a(lib_a-memset.o)
                0x080050de                memset
 *fill*         0x080050ee        0x2 00
 .text.acosf    0x080050f0       0xb0 c:/program files (x86)/atollic/truestudio for arm lite 4.3.1/armtools/bin/../lib/gcc/arm-atollic-eabi/4.7.3/../../../../arm-atollic-eabi/lib/armv7e-m/fpu\libm.a(lib_a-wf_acos.o)
                0x080050f0                acosf
 .text.atan2f   0x080051a0        0x4 c:/program files (x86)/atollic/truestudio for arm lite 4.3.1/armtools/bin/../lib/gcc/arm-atollic-eabi/4.7.3/../../../../arm-atollic-eabi/lib/armv7e-m/fpu\libm.a(lib_a-wf_atan2.o)
                0x080051a0                atan2f
 .text.sqrtf    0x080051a4       0xb4 c:/program files (x86)/atollic/truestudio for arm lite 4.3.1/armtools/bin/../lib/gcc/arm-atollic-eabi/4.7.3/../../../../arm-atollic-eabi/lib/armv7e-m/fpu\libm.a(lib_a-wf_sqrt.o)
                0x080051a4                sqrtf
 .text.__ieee754_acosf
                0x08005258      0x1e8 c:/program files (x86)/atollic/truestudio for arm lite 4.3.1/armtools/bin/../lib/gcc/arm-atollic-eabi/4.7.3/../../../../arm-atollic-eabi/lib/armv7e-m/fpu\libm.a(lib_a-ef_acos.o)
                0x08005258                __ieee754_acosf
 .text.__ieee754_atan2f
                0x08005440      0x150 c:/program files (x86)/atollic/truestudio for arm lite 4.3.1/armtools/bin/../lib/gcc/arm-atollic-eabi/4.7.3/../../../../arm-atollic-eabi/lib/armv7e-m/fpu\libm.a(lib_a-ef_atan2.o)
                0x08005440                __ieee754_atan2f
 .text.__ieee754_sqrtf
                0x08005590       0x90 c:/program files (x86)/atollic/truestudio for arm lite 4.3.1/armtools/bin/../lib/gcc/arm-atollic-eabi/4.7.3/../../../../arm-atollic-eabi/lib/armv7e-m/fpu\libm.a(lib_a-ef_sqrt.o)
                0x08005590                __ieee754_sqrtf
 .text.matherr  0x08005620        0x4 c:/program files (x86)/atollic/truestudio for arm lite 4.3.1/armtools/bin/../lib/gcc/arm-atollic-eabi/4.7.3/../../../../arm-atollic-eabi/lib/armv7e-m/fpu\libm.a(lib_a-s_matherr.o)
                0x08005620                matherr
 *fill*         0x08005624        0x4 00
 .text.nan      0x08005628       0x10 c:/program files (x86)/atollic/truestudio for arm lite 4.3.1/armtools/bin/../lib/gcc/arm-atollic-eabi/4.7.3/../../../../arm-atollic-eabi/lib/armv7e-m/fpu\libm.a(lib_a-s_nan.o)
                0x08005628                nan
 .text.atanf    0x08005638      0x1a4 c:/program files (x86)/atollic/truestudio for arm lite 4.3.1/armtools/bin/../lib/gcc/arm-atollic-eabi/4.7.3/../../../../arm-atollic-eabi/lib/armv7e-m/fpu\libm.a(lib_a-sf_atan.o)
                0x08005638                atanf
 .text.fabsf    0x080057dc        0xe c:/program files (x86)/atollic/truestudio for arm lite 4.3.1/armtools/bin/../lib/gcc/arm-atollic-eabi/4.7.3/../../../../arm-atollic-eabi/lib/armv7e-m/fpu\libm.a(lib_a-sf_fabs.o)
                0x080057dc                fabsf
 *fill*         0x080057ea        0x2 00
 .text.__fpclassifyf
                0x080057ec       0x58 c:/program files (x86)/atollic/truestudio for arm lite 4.3.1/armtools/bin/../lib/gcc/arm-atollic-eabi/4.7.3/../../../../arm-atollic-eabi/lib/armv7e-m/fpu\libm.a(lib_a-sf_fpclassify.o)
                0x080057ec                __fpclassifyf
 .text.__errno  0x08005844        0xc c:/program files (x86)/atollic/truestudio for arm lite 4.3.1/armtools/bin/../lib/gcc/arm-atollic-eabi/4.7.3/../../../../arm-atollic-eabi/lib/armv7e-m/fpu\libc.a(lib_a-errno.o)
                0x08005844                __errno
 *(.glue_7)
 .glue_7        0x00000000        0x0 linker stubs
 *(.glue_7t)
 .glue_7t       0x00000000        0x0 linker stubs
 *(.eh_frame)
 .eh_frame      0x08005850        0x0 c:/program files (x86)/atollic/truestudio for arm lite 4.3.1/armtools/bin/../lib/gcc/arm-atollic-eabi/4.7.3/armv7e-m/fpu/crtbegin.o
 *(.init)
 .init          0x08005850        0x4 c:/program files (x86)/atollic/truestudio for arm lite 4.3.1/armtools/bin/../lib/gcc/arm-atollic-eabi/4.7.3/armv7e-m/fpu/crti.o
                0x08005850                _init
 .init          0x08005854        0x8 c:/program files (x86)/atollic/truestudio for arm lite 4.3.1/armtools/bin/../lib/gcc/arm-atollic-eabi/4.7.3/armv7e-m/fpu/crtn.o
 *(.fini)
 .fini          0x0800585c        0x4 c:/program files (x86)/atollic/truestudio for arm lite 4.3.1/armtools/bin/../lib/gcc/arm-atollic-eabi/4.7.3/armv7e-m/fpu/crti.o
                0x0800585c                _fini
 .fini          0x08005860        0x8 c:/program files (x86)/atollic/truestudio for arm lite 4.3.1/armtools/bin/../lib/gcc/arm-atollic-eabi/4.7.3/armv7e-m/fpu/crtn.o
                0x08005868                . = ALIGN (0x4)
                0x08005868                _etext = .

.vfp11_veneer   0x08005868        0x0
 .vfp11_veneer  0x00000000        0x0 linker stubs

.v4_bx          0x08005868        0x0
 .v4_bx         0x00000000        0x0 linker stubs

.iplt           0x08005868        0x0
 .iplt          0x00000000        0x0 c:/program files (x86)/atollic/truestudio for arm lite 4.3.1/armtools/bin/../lib/gcc/arm-atollic-eabi/4.7.3/armv7e-m/fpu/crtbegin.o

.rodata         0x08005868      0x964
                0x08005868                . = ALIGN (0x4)
 *(.rodata)
 .rodata        0x08005868       0x6c src\ADC\Goertzel.o
 .rodata        0x080058d4      0x410 C:\Users\Antonio\Atollic\TrueSTUDIO\ARM_workspace\Accelerometer_23_05\libarm_cortexM4lf_math.a(arm_cos_f32.o)
 *(.rodata*)
 .rodata.str1.1
                0x08005ce4       0x88 src\usbd_desc.o
 .rodata.str1.1
                0x08005d6c       0x50 src\main.o
                                 0x5d (size before relaxing)
 .rodata.AVR_bmp
                0x08005dbc      0x15e src\NokiaLCD\nokiaLCD.o
                0x08005dbc                AVR_bmp
 .rodata.font6x8
                0x08005f1a      0x228 src\NokiaLCD\nokiaLCD.o
                0x08005f1a                font6x8
 *fill*         0x08006142        0x2 00
 .rodata.LONG_TIME_IN_MS
                0x08006144        0x4 src\GPIO\gpio.o
                0x08006144                LONG_TIME_IN_MS
 .rodata.str1.1
                0x08006148       0x2a src\Accelerometer\accelerometer.o
 .rodata.str1.1
                0x08006172       0x2a src\ADC\Goertzel.o
 .rodata.CSWTCH.22
                0x0800619c        0x3 Libraries\STM32_USB_OTG_Driver\src\usb_core.o
 .rodata.str1.1
                0x00000000       0x2a c:/program files (x86)/atollic/truestudio for arm lite 4.3.1/armtools/bin/../lib/gcc/arm-atollic-eabi/4.7.3/../../../../arm-atollic-eabi/lib/armv7e-m/fpu\libc.a(lib_a-impure.o)
                                  0x2 (size before relaxing)
 .rodata.str1.1
                0x0800619f        0x6 c:/program files (x86)/atollic/truestudio for arm lite 4.3.1/armtools/bin/../lib/gcc/arm-atollic-eabi/4.7.3/../../../../arm-atollic-eabi/lib/armv7e-m/fpu\libm.a(lib_a-wf_acos.o)
                                  0x7 (size before relaxing)
 .rodata.str1.1
                0x080061a5        0x6 c:/program files (x86)/atollic/truestudio for arm lite 4.3.1/armtools/bin/../lib/gcc/arm-atollic-eabi/4.7.3/../../../../arm-atollic-eabi/lib/armv7e-m/fpu\libm.a(lib_a-wf_sqrt.o)
 *fill*         0x080061ab        0x1 00
 .rodata.atanlo
                0x080061ac       0x10 c:/program files (x86)/atollic/truestudio for arm lite 4.3.1/armtools/bin/../lib/gcc/arm-atollic-eabi/4.7.3/../../../../arm-atollic-eabi/lib/armv7e-m/fpu\libm.a(lib_a-sf_atan.o)
 .rodata.atanhi
                0x080061bc       0x10 c:/program files (x86)/atollic/truestudio for arm lite 4.3.1/armtools/bin/../lib/gcc/arm-atollic-eabi/4.7.3/../../../../arm-atollic-eabi/lib/armv7e-m/fpu\libm.a(lib_a-sf_atan.o)
                0x080061cc                . = ALIGN (0x4)

.ARM.extab
 *(.ARM.extab* .gnu.linkonce.armextab.*)

.ARM            0x080061cc        0x8
                0x080061cc                __exidx_start = .
 *(.ARM.exidx*)
 .ARM.exidx     0x080061cc        0x8 c:/program files (x86)/atollic/truestudio for arm lite 4.3.1/armtools/bin/../lib/gcc/arm-atollic-eabi/4.7.3/armv7e-m/fpu\libgcc.a(_divdi3.o)
 .ARM.exidx     0x080061d4        0x0 c:/program files (x86)/atollic/truestudio for arm lite 4.3.1/armtools/bin/../lib/gcc/arm-atollic-eabi/4.7.3/armv7e-m/fpu\libgcc.a(_udivdi3.o)
                                  0x8 (size before relaxing)
                0x080061d4                __exidx_end = .

.rel.dyn        0x080061d4        0x0
 .rel.iplt      0x00000000        0x0 c:/program files (x86)/atollic/truestudio for arm lite 4.3.1/armtools/bin/../lib/gcc/arm-atollic-eabi/4.7.3/armv7e-m/fpu/crtbegin.o

.preinit_array  0x080061d4        0x0
                0x080061d4                PROVIDE (__preinit_array_start, .)
 *(.preinit_array*)
                0x080061d4                PROVIDE (__preinit_array_end, .)

.init_array     0x080061d4        0x4
                0x080061d4                PROVIDE (__init_array_start, .)
 *(SORT(.init_array.*))
 *(.init_array*)
 .init_array    0x080061d4        0x4 c:/program files (x86)/atollic/truestudio for arm lite 4.3.1/armtools/bin/../lib/gcc/arm-atollic-eabi/4.7.3/armv7e-m/fpu/crtbegin.o
                0x080061d8                PROVIDE (__init_array_end, .)

.fini_array     0x080061d8        0x4
                0x080061d8                PROVIDE (__fini_array_start, .)
 *(SORT(.fini_array.*))
 *(.fini_array*)
 .fini_array    0x080061d8        0x4 c:/program files (x86)/atollic/truestudio for arm lite 4.3.1/armtools/bin/../lib/gcc/arm-atollic-eabi/4.7.3/armv7e-m/fpu/crtbegin.o
                0x080061dc                PROVIDE (__fini_array_end, .)
                0x080061dc                _sidata = LOADADDR (.data)

.data           0x20000000      0x22c load address 0x080061dc
                0x20000000                . = ALIGN (0x4)
                0x20000000                _sdata = .
 *(.data)
 *(.data*)
 .data.USR_cb   0x20000000       0x1c src\usbd_usr.o
                0x20000000                USR_cb
 .data.USR_desc
                0x2000001c       0x1c src\usbd_desc.o
                0x2000001c                USR_desc
 .data.USBD_LangIDDesc
                0x20000038        0x4 src\usbd_desc.o
                0x20000038                USBD_LangIDDesc
 .data.USBD_DeviceDesc
                0x2000003c       0x12 src\usbd_desc.o
                0x2000003c                USBD_DeviceDesc
 *fill*         0x2000004e        0x2 00
 .data.VCP_fops
                0x20000050       0x14 src\usbd_cdc_vcp.o
                0x20000050                VCP_fops
 .data.g_lc     0x20000064        0x8 src\usbd_cdc_vcp.o
                0x20000064                g_lc
 .data.SystemCoreClock
                0x2000006c        0x4 src\system_stm32f4xx.o
                0x2000006c                SystemCoreClock
 .data.ServoDirection
                0x20000070        0x1 src\main.o
                0x20000070                ServoDirection
 *fill*         0x20000071        0x3 00
 .data.LIS3DSHTimeout
                0x20000074        0x4 src\Accelerometer\stm32f4_discovery_lis3dsh.o
                0x20000074                LIS3DSHTimeout
 .data.pBuffer_done
                0x20000078        0x4 src\ADC\adc.o
                0x20000078                pBuffer_done
 .data.pBuffer_temp
                0x2000007c        0x4 src\ADC\adc.o
                0x2000007c                pBuffer_temp
 .data.USBD_DCD_INT_fops
                0x20000080        0x4 Libraries\STM32_USB_Device_Library\Core\src\usbd_core.o
                0x20000080                USBD_DCD_INT_fops
 .data.USBD_DCD_INT_cb
                0x20000084       0x2c Libraries\STM32_USB_Device_Library\Core\src\usbd_core.o
                0x20000084                USBD_DCD_INT_cb
 .data.USBD_CDC_cb
                0x200000b0       0x2c Libraries\STM32_USB_Device_Library\Class\cdc\src\usbd_cdc_core.o
                0x200000b0                USBD_CDC_cb
 .data.cdcCmd   0x200000dc        0x4 Libraries\STM32_USB_Device_Library\Class\cdc\src\usbd_cdc_core.o
 .data.usbd_cdc_CfgDesc
                0x200000e0       0x43 Libraries\STM32_USB_Device_Library\Class\cdc\src\usbd_cdc_core.o
                0x200000e0                usbd_cdc_CfgDesc
 .data.APBAHBPrescTable
                0x20000123       0x10 Libraries\STM32F4xx_StdPeriph_Driver\src\stm32f4xx_rcc.o
 *fill*         0x20000133        0x1 00
 .data.impure_data
                0x20000134       0xf0 c:/program files (x86)/atollic/truestudio for arm lite 4.3.1/armtools/bin/../lib/gcc/arm-atollic-eabi/4.7.3/../../../../arm-atollic-eabi/lib/armv7e-m/fpu\libc.a(lib_a-impure.o)
 .data._impure_ptr
                0x20000224        0x4 c:/program files (x86)/atollic/truestudio for arm lite 4.3.1/armtools/bin/../lib/gcc/arm-atollic-eabi/4.7.3/../../../../arm-atollic-eabi/lib/armv7e-m/fpu\libc.a(lib_a-impure.o)
                0x20000224                _impure_ptr
 .data.__fdlib_version
                0x20000228        0x1 c:/program files (x86)/atollic/truestudio for arm lite 4.3.1/armtools/bin/../lib/gcc/arm-atollic-eabi/4.7.3/../../../../arm-atollic-eabi/lib/armv7e-m/fpu\libm.a(lib_a-s_lib_ver.o)
                0x20000228                __fdlib_version
                0x2000022c                . = ALIGN (0x4)
 *fill*         0x20000229        0x3 00
                0x2000022c                _edata = .
                0x08006408                _siccmram = LOADADDR (.ccmram)

.jcr            0x2000022c        0x0 load address 0x08006408
 .jcr           0x2000022c        0x0 c:/program files (x86)/atollic/truestudio for arm lite 4.3.1/armtools/bin/../lib/gcc/arm-atollic-eabi/4.7.3/armv7e-m/fpu/crtbegin.o

.igot.plt       0x2000022c        0x0 load address 0x08006408
 .igot.plt      0x00000000        0x0 c:/program files (x86)/atollic/truestudio for arm lite 4.3.1/armtools/bin/../lib/gcc/arm-atollic-eabi/4.7.3/armv7e-m/fpu/crtbegin.o

.ccmram         0x10000000        0x0 load address 0x08006408
                0x10000000                . = ALIGN (0x4)
                0x10000000                _sccmram = .
 *(.ccmram)
 *(.ccmram*)
                0x10000000                . = ALIGN (0x4)
                0x10000000                _eccmram = .
                0x10000000                . = ALIGN (0x4)

.bss            0x2000022c     0x2334
                0x2000022c                _sbss = .
                0x2000022c                __bss_start__ = _sbss
 *(.bss)
 .bss           0x2000022c       0x1c c:/program files (x86)/atollic/truestudio for arm lite 4.3.1/armtools/bin/../lib/gcc/arm-atollic-eabi/4.7.3/armv7e-m/fpu/crtbegin.o
 *(.bss*)
 .bss.i.8756    0x20000248        0x2 src\stm32f4xx_it.o
 .bss.acc_initialized
                0x2000024a        0x1 src\main.o
                0x2000024a                acc_initialized
 *fill*         0x2000024b        0x1 00
 .bss.numberOfStoredValues.8683
                0x2000024c        0x2 src\Timer\timer.o
 .bss.numberOfSummedSamples.8681
                0x2000024e        0x1 src\Timer\timer.o
 *fill*         0x2000024f        0x1 00
 .bss.currentSum.8682
                0x20000250        0x4 src\Timer\timer.o
 .bss.Queue_Tail
                0x20000254        0x2 src\HD44780_task\HD44780.o
 .bss.Queue     0x20000256      0xbb8 src\HD44780_task\HD44780.o
 .bss.Queue_Head
                0x20000e0e        0x2 src\HD44780_task\HD44780.o
 .bss.Lcd_Conf  0x20000e10       0x24 src\HD44780_task\HD44780.o
 .bss.buttonsTime
                0x20000e34        0xc src\GPIO\gpio.o
                0x20000e34                buttonsTime
 .bss.buttons   0x20000e40        0x3 src\GPIO\gpio.o
                0x20000e40                buttons
 *fill*         0x20000e43        0x1 00
 .bss.zmax.11333
                0x20000e44        0x2 src\Accelerometer\accelerometer.o
 .bss.xmin.11328
                0x20000e46        0x2 src\Accelerometer\accelerometer.o
 .bss.ySum.11326
                0x20000e48        0x4 src\Accelerometer\accelerometer.o
 .bss.zSum.11327
                0x20000e4c        0x4 src\Accelerometer\accelerometer.o
 .bss.ymin.11330
                0x20000e50        0x2 src\Accelerometer\accelerometer.o
 .bss.zActual   0x20000e52        0x2 src\Accelerometer\accelerometer.o
                0x20000e52                zActual
 .bss.numberOfSamples.11323
                0x20000e54        0x1 src\Accelerometer\accelerometer.o
 *fill*         0x20000e55        0x1 00
 .bss.zmin.11332
                0x20000e56        0x2 src\Accelerometer\accelerometer.o
 .bss.xZero     0x20000e58        0x2 src\Accelerometer\accelerometer.o
                0x20000e58                xZero
 .bss.xmax.11329
                0x20000e5a        0x2 src\Accelerometer\accelerometer.o
 .bss.xActual   0x20000e5c        0x2 src\Accelerometer\accelerometer.o
                0x20000e5c                xActual
 .bss.yZero     0x20000e5e        0x2 src\Accelerometer\accelerometer.o
                0x20000e5e                yZero
 .bss.ymax.11331
                0x20000e60        0x2 src\Accelerometer\accelerometer.o
 *fill*         0x20000e62        0x2 00
 .bss.xSum.11325
                0x20000e64        0x4 src\Accelerometer\accelerometer.o
 .bss.zZero     0x20000e68        0x2 src\Accelerometer\accelerometer.o
                0x20000e68                zZero
 .bss.yActual   0x20000e6a        0x2 src\Accelerometer\accelerometer.o
                0x20000e6a                yActual
 .bss.Counter.11322
                0x20000e6c        0x1 src\Accelerometer\accelerometer.o
 *fill*         0x20000e6d        0x1 00
 .bss.Buffer1   0x20000e6e      0x400 src\ADC\adc.o
                0x20000e6e                Buffer1
 .bss.Buffer2   0x2000126e      0x400 src\ADC\adc.o
                0x2000126e                Buffer2
 *fill*         0x2000166e        0x2 00
 .bss.micSamplesReady
                0x20001670        0x4 src\ADC\adc.o
                0x20001670                micSamplesReady
 .bss.DataSendRequest
                0x20001674        0x1 src\ADC\adc.o
                0x20001674                DataSendRequest
 *fill*         0x20001675        0x1 00
 .bss.ADC3ConvertedValue
                0x20001676        0x2 src\ADC\adc.o
                0x20001676                ADC3ConvertedValue
 .bss.USBD_cfg_status
                0x20001678        0x4 Libraries\STM32_USB_Device_Library\Core\src\usbd_req.o
                0x20001678                USBD_cfg_status
 .bss.cfgidx.8750
                0x2000167c        0x1 Libraries\STM32_USB_Device_Library\Core\src\usbd_req.o
 *fill*         0x2000167d        0x3 00
 .bss.USBD_ep_status
                0x20001680        0x4 Libraries\STM32_USB_Device_Library\Core\src\usbd_req.o
                0x20001680                USBD_ep_status
 .bss.USBD_default_cfg
                0x20001684        0x4 Libraries\STM32_USB_Device_Library\Core\src\usbd_req.o
                0x20001684                USBD_default_cfg
 .bss.usbd_cdc_AltSet
                0x20001688        0x4 Libraries\STM32_USB_Device_Library\Class\cdc\src\usbd_cdc_core.o
 .bss.USB_Tx_State
                0x2000168c        0x1 Libraries\STM32_USB_Device_Library\Class\cdc\src\usbd_cdc_core.o
                0x2000168c                USB_Tx_State
 *fill*         0x2000168d        0x3 00
 .bss.cdcLen    0x20001690        0x4 Libraries\STM32_USB_Device_Library\Class\cdc\src\usbd_cdc_core.o
 .bss.APP_Rx_ptr_in
                0x20001694        0x4 Libraries\STM32_USB_Device_Library\Class\cdc\src\usbd_cdc_core.o
                0x20001694                APP_Rx_ptr_in
 .bss.APP_Rx_ptr_out
                0x20001698        0x4 Libraries\STM32_USB_Device_Library\Class\cdc\src\usbd_cdc_core.o
                0x20001698                APP_Rx_ptr_out
 .bss.APP_Rx_length
                0x2000169c        0x4 Libraries\STM32_USB_Device_Library\Class\cdc\src\usbd_cdc_core.o
                0x2000169c                APP_Rx_length
 .bss.FrameCount.8744
                0x200016a0        0x4 Libraries\STM32_USB_Device_Library\Class\cdc\src\usbd_cdc_core.o
 *(COMMON)
 COMMON         0x200016a4        0x4 src\stm32f4xx_it.o
                0x200016a4                delayCnt
 COMMON         0x200016a8      0x5f0 src\USB\usb.o
                0x200016a8                USB_OTG_dev
 COMMON         0x20001c98        0x8 src\HD44780\hd44780.o
                0x20001c98                GPIO_InitStructure
 COMMON         0x20001ca0       0x32 Libraries\STM32_USB_Device_Library\Core\src\usbd_req.o
                0x20001ca0                USBD_StrDesc
 COMMON         0x20001cd2      0x88b Libraries\STM32_USB_Device_Library\Class\cdc\src\usbd_cdc_core.o
                0x20001cd2                usbd_cdc_OtherCfgDesc
                0x20001d15                USB_Rx_Buffer
                0x20001d55                CmdBuff
                0x20001d5d                APP_Rx_Buffer
                0x20002560                . = ALIGN (0x4)
 *fill*         0x2000255d        0x3 00
                0x20002560                _ebss = .
                0x20002560                __bss_end__ = _ebss

._user_heap_stack
                0x20002560      0x400
                0x20002560                . = ALIGN (0x4)
                0x20002560                PROVIDE (end, .)
                0x20002560                PROVIDE (_end, .)
                0x20002560                . = (. + _Min_Heap_Size)
                0x20002960                . = (. + _Min_Stack_Size)
 *fill*         0x20002560      0x400 00
                0x20002960                . = ALIGN (0x4)

.memory_b1_text
 *(.mb1text)
 *(.mb1text*)
 *(.mb1rodata)
 *(.mb1rodata*)

/DISCARD/
 libc.a(*)
 libm.a(*)
 libgcc.a(*)

.ARM.attributes
                0x00000000       0x32
 *(.ARM.attributes)
 .ARM.attributes
                0x00000000       0x24 c:/program files (x86)/atollic/truestudio for arm lite 4.3.1/armtools/bin/../lib/gcc/arm-atollic-eabi/4.7.3/armv7e-m/fpu/crti.o
 .ARM.attributes
                0x00000024       0x36 c:/program files (x86)/atollic/truestudio for arm lite 4.3.1/armtools/bin/../lib/gcc/arm-atollic-eabi/4.7.3/armv7e-m/fpu/crtbegin.o
 .ARM.attributes
                0x0000005a       0x3b src\usbd_usr.o
 .ARM.attributes
                0x00000095       0x3b src\usbd_desc.o
 .ARM.attributes
                0x000000d0       0x3b src\usbd_cdc_vcp.o
 .ARM.attributes
                0x0000010b       0x3b src\usb_bsp.o
 .ARM.attributes
                0x00000146       0x3b src\usart.o
 .ARM.attributes
                0x00000181       0x3b src\tiny_printf.o
 .ARM.attributes
                0x000001bc       0x3b src\system_stm32f4xx.o
 .ARM.attributes
                0x000001f7       0x3b src\stm32f4xx_it.o
 .ARM.attributes
                0x00000232       0x21 src\startup_stm32f40xx.o
 .ARM.attributes
                0x00000253       0x3b src\main.o
 .ARM.attributes
                0x0000028e       0x3b src\USB\usb.o
 .ARM.attributes
                0x000002c9       0x3b src\Timer\timer.o
 .ARM.attributes
                0x00000304       0x3b src\NokiaLCD\nokiaLCD.o
 .ARM.attributes
                0x0000033f       0x3b src\HD44780_task\HD44780.o
 .ARM.attributes
                0x0000037a       0x3b src\HD44780\hd44780.o
 .ARM.attributes
                0x000003b5       0x3b src\GPIO\gpio.o
 .ARM.attributes
                0x000003f0       0x3b src\EXTI\exti.o
 .ARM.attributes
                0x0000042b       0x3b src\Delay\delay.o
 .ARM.attributes
                0x00000466       0x3b src\Accelerometer\stm32f4_discovery_lis3dsh.o
 .ARM.attributes
                0x000004a1       0x3b src\Accelerometer\accelerometer.o
 .ARM.attributes
                0x000004dc       0x3b src\ADC\adc.o
 .ARM.attributes
                0x00000517       0x3b src\ADC\Goertzel.o
 .ARM.attributes
                0x00000552       0x3b Libraries\STM32_USB_OTG_Driver\src\usb_dcd_int.o
 .ARM.attributes
                0x0000058d       0x3b Libraries\STM32_USB_OTG_Driver\src\usb_dcd.o
 .ARM.attributes
                0x000005c8       0x3b Libraries\STM32_USB_OTG_Driver\src\usb_core.o
 .ARM.attributes
                0x00000603       0x3b Libraries\STM32_USB_Device_Library\Core\src\usbd_req.o
 .ARM.attributes
                0x0000063e       0x3b Libraries\STM32_USB_Device_Library\Core\src\usbd_ioreq.o
 .ARM.attributes
                0x00000679       0x3b Libraries\STM32_USB_Device_Library\Core\src\usbd_core.o
 .ARM.attributes
                0x000006b4       0x3b Libraries\STM32_USB_Device_Library\Class\cdc\src\usbd_cdc_core.o
 .ARM.attributes
                0x000006ef       0x3b Libraries\STM32F4xx_StdPeriph_Driver\src\stm32f4xx_usart.o
 .ARM.attributes
                0x0000072a       0x3b Libraries\STM32F4xx_StdPeriph_Driver\src\stm32f4xx_tim.o
 .ARM.attributes
                0x00000765       0x3b Libraries\STM32F4xx_StdPeriph_Driver\src\stm32f4xx_syscfg.o
 .ARM.attributes
                0x000007a0       0x3b Libraries\STM32F4xx_StdPeriph_Driver\src\stm32f4xx_spi.o
 .ARM.attributes
                0x000007db       0x3b Libraries\STM32F4xx_StdPeriph_Driver\src\stm32f4xx_rcc.o
 .ARM.attributes
                0x00000816       0x3b Libraries\STM32F4xx_StdPeriph_Driver\src\stm32f4xx_gpio.o
 .ARM.attributes
                0x00000851       0x3b Libraries\STM32F4xx_StdPeriph_Driver\src\stm32f4xx_exti.o
 .ARM.attributes
                0x0000088c       0x3b Libraries\STM32F4xx_StdPeriph_Driver\src\stm32f4xx_adc.o
 .ARM.attributes
                0x000008c7       0x3b Libraries\STM32F4xx_StdPeriph_Driver\src\misc.o
 .ARM.attributes
                0x00000902       0x3b C:\Users\Antonio\Atollic\TrueSTUDIO\ARM_workspace\Accelerometer_23_05\libarm_cortexM4lf_math.a(arm_cos_f32.o)
 .ARM.attributes
                0x0000093d       0x36 c:/program files (x86)/atollic/truestudio for arm lite 4.3.1/armtools/bin/../lib/gcc/arm-atollic-eabi/4.7.3/../../../../arm-atollic-eabi/lib/armv7e-m/fpu\libc.a(lib_a-init.o)
 .ARM.attributes
                0x00000973       0x36 c:/program files (x86)/atollic/truestudio for arm lite 4.3.1/armtools/bin/../lib/gcc/arm-atollic-eabi/4.7.3/../../../../arm-atollic-eabi/lib/armv7e-m/fpu\libc.a(lib_a-memcpy.o)
 .ARM.attributes
                0x000009a9       0x36 c:/program files (x86)/atollic/truestudio for arm lite 4.3.1/armtools/bin/../lib/gcc/arm-atollic-eabi/4.7.3/../../../../arm-atollic-eabi/lib/armv7e-m/fpu\libc.a(lib_a-memset.o)
 .ARM.attributes
                0x000009df       0x36 c:/program files (x86)/atollic/truestudio for arm lite 4.3.1/armtools/bin/../lib/gcc/arm-atollic-eabi/4.7.3/../../../../arm-atollic-eabi/lib/armv7e-m/fpu\libc.a(lib_a-impure.o)
 .ARM.attributes
                0x00000a15       0x36 c:/program files (x86)/atollic/truestudio for arm lite 4.3.1/armtools/bin/../lib/gcc/arm-atollic-eabi/4.7.3/../../../../arm-atollic-eabi/lib/armv7e-m/fpu\libm.a(lib_a-wf_acos.o)
 .ARM.attributes
                0x00000a4b       0x36 c:/program files (x86)/atollic/truestudio for arm lite 4.3.1/armtools/bin/../lib/gcc/arm-atollic-eabi/4.7.3/../../../../arm-atollic-eabi/lib/armv7e-m/fpu\libm.a(lib_a-wf_atan2.o)
 .ARM.attributes
                0x00000a81       0x36 c:/program files (x86)/atollic/truestudio for arm lite 4.3.1/armtools/bin/../lib/gcc/arm-atollic-eabi/4.7.3/../../../../arm-atollic-eabi/lib/armv7e-m/fpu\libm.a(lib_a-wf_sqrt.o)
 .ARM.attributes
                0x00000ab7       0x36 c:/program files (x86)/atollic/truestudio for arm lite 4.3.1/armtools/bin/../lib/gcc/arm-atollic-eabi/4.7.3/../../../../arm-atollic-eabi/lib/armv7e-m/fpu\libm.a(lib_a-ef_acos.o)
 .ARM.attributes
                0x00000aed       0x36 c:/program files (x86)/atollic/truestudio for arm lite 4.3.1/armtools/bin/../lib/gcc/arm-atollic-eabi/4.7.3/../../../../arm-atollic-eabi/lib/armv7e-m/fpu\libm.a(lib_a-ef_atan2.o)
 .ARM.attributes
                0x00000b23       0x36 c:/program files (x86)/atollic/truestudio for arm lite 4.3.1/armtools/bin/../lib/gcc/arm-atollic-eabi/4.7.3/../../../../arm-atollic-eabi/lib/armv7e-m/fpu\libm.a(lib_a-ef_sqrt.o)
 .ARM.attributes
                0x00000b59       0x36 c:/program files (x86)/atollic/truestudio for arm lite 4.3.1/armtools/bin/../lib/gcc/arm-atollic-eabi/4.7.3/../../../../arm-atollic-eabi/lib/armv7e-m/fpu\libm.a(lib_a-s_lib_ver.o)
 .ARM.attributes
                0x00000b8f       0x36 c:/program files (x86)/atollic/truestudio for arm lite 4.3.1/armtools/bin/../lib/gcc/arm-atollic-eabi/4.7.3/../../../../arm-atollic-eabi/lib/armv7e-m/fpu\libm.a(lib_a-s_matherr.o)
 .ARM.attributes
                0x00000bc5       0x36 c:/program files (x86)/atollic/truestudio for arm lite 4.3.1/armtools/bin/../lib/gcc/arm-atollic-eabi/4.7.3/../../../../arm-atollic-eabi/lib/armv7e-m/fpu\libm.a(lib_a-s_nan.o)
 .ARM.attributes
                0x00000bfb       0x36 c:/program files (x86)/atollic/truestudio for arm lite 4.3.1/armtools/bin/../lib/gcc/arm-atollic-eabi/4.7.3/../../../../arm-atollic-eabi/lib/armv7e-m/fpu\libm.a(lib_a-sf_atan.o)
 .ARM.attributes
                0x00000c31       0x36 c:/program files (x86)/atollic/truestudio for arm lite 4.3.1/armtools/bin/../lib/gcc/arm-atollic-eabi/4.7.3/../../../../arm-atollic-eabi/lib/armv7e-m/fpu\libm.a(lib_a-sf_fabs.o)
 .ARM.attributes
                0x00000c67       0x36 c:/program files (x86)/atollic/truestudio for arm lite 4.3.1/armtools/bin/../lib/gcc/arm-atollic-eabi/4.7.3/../../../../arm-atollic-eabi/lib/armv7e-m/fpu\libm.a(lib_a-sf_fpclassify.o)
 .ARM.attributes
                0x00000c9d       0x36 c:/program files (x86)/atollic/truestudio for arm lite 4.3.1/armtools/bin/../lib/gcc/arm-atollic-eabi/4.7.3/../../../../arm-atollic-eabi/lib/armv7e-m/fpu\libc.a(lib_a-errno.o)
 .ARM.attributes
                0x00000cd3       0x24 c:/program files (x86)/atollic/truestudio for arm lite 4.3.1/armtools/bin/../lib/gcc/arm-atollic-eabi/4.7.3/armv7e-m/fpu\libgcc.a(_arm_addsubdf3.o)
 .ARM.attributes
                0x00000cf7       0x24 c:/program files (x86)/atollic/truestudio for arm lite 4.3.1/armtools/bin/../lib/gcc/arm-atollic-eabi/4.7.3/armv7e-m/fpu\libgcc.a(_arm_muldivdf3.o)
 .ARM.attributes
                0x00000d1b       0x24 c:/program files (x86)/atollic/truestudio for arm lite 4.3.1/armtools/bin/../lib/gcc/arm-atollic-eabi/4.7.3/armv7e-m/fpu\libgcc.a(_arm_cmpdf2.o)
 .ARM.attributes
                0x00000d3f       0x24 c:/program files (x86)/atollic/truestudio for arm lite 4.3.1/armtools/bin/../lib/gcc/arm-atollic-eabi/4.7.3/armv7e-m/fpu\libgcc.a(_arm_truncdfsf2.o)
 .ARM.attributes
                0x00000d63       0x24 c:/program files (x86)/atollic/truestudio for arm lite 4.3.1/armtools/bin/../lib/gcc/arm-atollic-eabi/4.7.3/armv7e-m/fpu\libgcc.a(_aeabi_uldivmod.o)
 .ARM.attributes
                0x00000d87       0x36 c:/program files (x86)/atollic/truestudio for arm lite 4.3.1/armtools/bin/../lib/gcc/arm-atollic-eabi/4.7.3/armv7e-m/fpu\libgcc.a(bpabi.o)
 .ARM.attributes
                0x00000dbd       0x24 c:/program files (x86)/atollic/truestudio for arm lite 4.3.1/armtools/bin/../lib/gcc/arm-atollic-eabi/4.7.3/armv7e-m/fpu\libgcc.a(_dvmd_tls.o)
 .ARM.attributes
                0x00000de1       0x36 c:/program files (x86)/atollic/truestudio for arm lite 4.3.1/armtools/bin/../lib/gcc/arm-atollic-eabi/4.7.3/armv7e-m/fpu\libgcc.a(_divdi3.o)
 .ARM.attributes
                0x00000e17       0x36 c:/program files (x86)/atollic/truestudio for arm lite 4.3.1/armtools/bin/../lib/gcc/arm-atollic-eabi/4.7.3/armv7e-m/fpu\libgcc.a(_udivdi3.o)
 .ARM.attributes
                0x00000e4d       0x24 c:/program files (x86)/atollic/truestudio for arm lite 4.3.1/armtools/bin/../lib/gcc/arm-atollic-eabi/4.7.3/armv7e-m/fpu/crtn.o
OUTPUT(Accelerometer_23_05.elf elf32-littlearm)

.debug_info     0x00000000    0x1ffdc
 .debug_info    0x00000000      0x1eb src\usbd_usr.o
 .debug_info    0x000001eb      0x50e src\usbd_desc.o
 .debug_info    0x000006f9      0xaa7 src\usbd_cdc_vcp.o
 .debug_info    0x000011a0     0x13bf src\usb_bsp.o
 .debug_info    0x0000255f      0x3b9 src\usart.o
 .debug_info    0x00002918      0xe8e src\tiny_printf.o
 .debug_info    0x000037a6      0x64c src\system_stm32f4xx.o
 .debug_info    0x00003df2     0x11ed src\stm32f4xx_it.o
 .debug_info    0x00004fdf       0x8c src\startup_stm32f40xx.o
 .debug_info    0x0000506b      0xc38 src\main.o
 .debug_info    0x00005ca3      0xf49 src\USB\usb.o
 .debug_info    0x00006bec      0xcf0 src\Timer\timer.o
 .debug_info    0x000078dc      0xd22 src\NokiaLCD\nokiaLCD.o
 .debug_info    0x000085fe     0x16f8 src\HD44780_task\HD44780.o
 .debug_info    0x00009cf6      0xc7e src\HD44780\hd44780.o
 .debug_info    0x0000a974      0x449 src\GPIO\gpio.o
 .debug_info    0x0000adbd      0x4d4 src\EXTI\exti.o
 .debug_info    0x0000b291      0x79f src\Delay\delay.o
 .debug_info    0x0000ba30      0xdcc src\Accelerometer\stm32f4_discovery_lis3dsh.o
 .debug_info    0x0000c7fc      0x883 src\Accelerometer\accelerometer.o
 .debug_info    0x0000d07f      0x968 src\ADC\adc.o
 .debug_info    0x0000d9e7      0x989 src\ADC\Goertzel.o
 .debug_info    0x0000e370     0x251a Libraries\STM32_USB_OTG_Driver\src\usb_dcd_int.o
 .debug_info    0x0001088a     0x14f9 Libraries\STM32_USB_OTG_Driver\src\usb_dcd.o
 .debug_info    0x00011d83     0x2a20 Libraries\STM32_USB_OTG_Driver\src\usb_core.o
 .debug_info    0x000147a3     0x1465 Libraries\STM32_USB_Device_Library\Core\src\usbd_req.o
 .debug_info    0x00015c08      0xf1e Libraries\STM32_USB_Device_Library\Core\src\usbd_ioreq.o
 .debug_info    0x00016b26     0x13eb Libraries\STM32_USB_Device_Library\Core\src\usbd_core.o
 .debug_info    0x00017f11     0x1347 Libraries\STM32_USB_Device_Library\Class\cdc\src\usbd_cdc_core.o
 .debug_info    0x00019258      0xbb1 Libraries\STM32F4xx_StdPeriph_Driver\src\stm32f4xx_usart.o
 .debug_info    0x00019e09     0x2276 Libraries\STM32F4xx_StdPeriph_Driver\src\stm32f4xx_tim.o
 .debug_info    0x0001c07f      0x2ed Libraries\STM32F4xx_StdPeriph_Driver\src\stm32f4xx_syscfg.o
 .debug_info    0x0001c36c      0xceb Libraries\STM32F4xx_StdPeriph_Driver\src\stm32f4xx_spi.o
 .debug_info    0x0001d057      0xf4b Libraries\STM32F4xx_StdPeriph_Driver\src\stm32f4xx_rcc.o
 .debug_info    0x0001dfa2      0x782 Libraries\STM32F4xx_StdPeriph_Driver\src\stm32f4xx_gpio.o
 .debug_info    0x0001e724      0x365 Libraries\STM32F4xx_StdPeriph_Driver\src\stm32f4xx_exti.o
 .debug_info    0x0001ea89      0xd67 Libraries\STM32F4xx_StdPeriph_Driver\src\stm32f4xx_adc.o
 .debug_info    0x0001f7f0      0x597 Libraries\STM32F4xx_StdPeriph_Driver\src\misc.o
 .debug_info    0x0001fd87      0x255 C:\Users\Antonio\Atollic\TrueSTUDIO\ARM_workspace\Accelerometer_23_05\libarm_cortexM4lf_math.a(arm_cos_f32.o)

.debug_abbrev   0x00000000     0x54a7
 .debug_abbrev  0x00000000       0xe1 src\usbd_usr.o
 .debug_abbrev  0x000000e1      0x1dd src\usbd_desc.o
 .debug_abbrev  0x000002be      0x2bd src\usbd_cdc_vcp.o
 .debug_abbrev  0x0000057b      0x278 src\usb_bsp.o
 .debug_abbrev  0x000007f3      0x18c src\usart.o
 .debug_abbrev  0x0000097f      0x2e2 src\tiny_printf.o
 .debug_abbrev  0x00000c61      0x163 src\system_stm32f4xx.o
 .debug_abbrev  0x00000dc4      0x2ac src\stm32f4xx_it.o
 .debug_abbrev  0x00001070       0x12 src\startup_stm32f40xx.o
 .debug_abbrev  0x00001082      0x1e6 src\main.o
 .debug_abbrev  0x00001268      0x1db src\USB\usb.o
 .debug_abbrev  0x00001443      0x1f5 src\Timer\timer.o
 .debug_abbrev  0x00001638      0x2e4 src\NokiaLCD\nokiaLCD.o
 .debug_abbrev  0x0000191c      0x3a6 src\HD44780_task\HD44780.o
 .debug_abbrev  0x00001cc2      0x22e src\HD44780\hd44780.o
 .debug_abbrev  0x00001ef0      0x185 src\GPIO\gpio.o
 .debug_abbrev  0x00002075      0x12b src\EXTI\exti.o
 .debug_abbrev  0x000021a0      0x1ea src\Delay\delay.o
 .debug_abbrev  0x0000238a      0x2a9 src\Accelerometer\stm32f4_discovery_lis3dsh.o
 .debug_abbrev  0x00002633      0x23d src\Accelerometer\accelerometer.o
 .debug_abbrev  0x00002870      0x18b src\ADC\adc.o
 .debug_abbrev  0x000029fb      0x262 src\ADC\Goertzel.o
 .debug_abbrev  0x00002c5d      0x2df Libraries\STM32_USB_OTG_Driver\src\usb_dcd_int.o
 .debug_abbrev  0x00002f3c      0x2ea Libraries\STM32_USB_OTG_Driver\src\usb_dcd.o
 .debug_abbrev  0x00003226      0x41a Libraries\STM32_USB_OTG_Driver\src\usb_core.o
 .debug_abbrev  0x00003640      0x381 Libraries\STM32_USB_Device_Library\Core\src\usbd_req.o
 .debug_abbrev  0x000039c1      0x1d0 Libraries\STM32_USB_Device_Library\Core\src\usbd_ioreq.o
 .debug_abbrev  0x00003b91      0x33a Libraries\STM32_USB_Device_Library\Core\src\usbd_core.o
 .debug_abbrev  0x00003ecb      0x320 Libraries\STM32_USB_Device_Library\Class\cdc\src\usbd_cdc_core.o
 .debug_abbrev  0x000041eb      0x225 Libraries\STM32F4xx_StdPeriph_Driver\src\stm32f4xx_usart.o
 .debug_abbrev  0x00004410      0x2cb Libraries\STM32F4xx_StdPeriph_Driver\src\stm32f4xx_tim.o
 .debug_abbrev  0x000046db      0x185 Libraries\STM32F4xx_StdPeriph_Driver\src\stm32f4xx_syscfg.o
 .debug_abbrev  0x00004860      0x21f Libraries\STM32F4xx_StdPeriph_Driver\src\stm32f4xx_spi.o
 .debug_abbrev  0x00004a7f      0x20b Libraries\STM32F4xx_StdPeriph_Driver\src\stm32f4xx_rcc.o
 .debug_abbrev  0x00004c8a      0x21e Libraries\STM32F4xx_StdPeriph_Driver\src\stm32f4xx_gpio.o
 .debug_abbrev  0x00004ea8      0x1e1 Libraries\STM32F4xx_StdPeriph_Driver\src\stm32f4xx_exti.o
 .debug_abbrev  0x00005089      0x215 Libraries\STM32F4xx_StdPeriph_Driver\src\stm32f4xx_adc.o
 .debug_abbrev  0x0000529e      0x13a Libraries\STM32F4xx_StdPeriph_Driver\src\misc.o
 .debug_abbrev  0x000053d8       0xcf C:\Users\Antonio\Atollic\TrueSTUDIO\ARM_workspace\Accelerometer_23_05\libarm_cortexM4lf_math.a(arm_cos_f32.o)

.debug_aranges  0x00000000     0x12c8
 .debug_aranges
                0x00000000       0x50 src\usbd_usr.o
 .debug_aranges
                0x00000050       0x50 src\usbd_desc.o
 .debug_aranges
                0x000000a0       0x40 src\usbd_cdc_vcp.o
 .debug_aranges
                0x000000e0       0x48 src\usb_bsp.o
 .debug_aranges
                0x00000128       0x28 src\usart.o
 .debug_aranges
                0x00000150       0x60 src\tiny_printf.o
 .debug_aranges
                0x000001b0       0x28 src\system_stm32f4xx.o
 .debug_aranges
                0x000001d8       0x80 src\stm32f4xx_it.o
 .debug_aranges
                0x00000258       0x28 src\startup_stm32f40xx.o
 .debug_aranges
                0x00000280       0x20 src\main.o
 .debug_aranges
                0x000002a0       0x20 src\USB\usb.o
 .debug_aranges
                0x000002c0       0x38 src\Timer\timer.o
 .debug_aranges
                0x000002f8       0x88 src\NokiaLCD\nokiaLCD.o
 .debug_aranges
                0x00000380       0x90 src\HD44780_task\HD44780.o
 .debug_aranges
                0x00000410       0x90 src\HD44780\hd44780.o
 .debug_aranges
                0x000004a0       0x30 src\GPIO\gpio.o
 .debug_aranges
                0x000004d0       0x20 src\EXTI\exti.o
 .debug_aranges
                0x000004f0       0x38 src\Delay\delay.o
 .debug_aranges
                0x00000528       0x88 src\Accelerometer\stm32f4_discovery_lis3dsh.o
 .debug_aranges
                0x000005b0       0x38 src\Accelerometer\accelerometer.o
 .debug_aranges
                0x000005e8       0x28 src\ADC\adc.o
 .debug_aranges
                0x00000610       0x20 src\ADC\Goertzel.o
 .debug_aranges
                0x00000630       0x20 Libraries\STM32_USB_OTG_Driver\src\usb_dcd_int.o
 .debug_aranges
                0x00000650       0x80 Libraries\STM32_USB_OTG_Driver\src\usb_dcd.o
 .debug_aranges
                0x000006d0      0x130 Libraries\STM32_USB_OTG_Driver\src\usb_core.o
 .debug_aranges
                0x00000800       0x48 Libraries\STM32_USB_Device_Library\Core\src\usbd_req.o
 .debug_aranges
                0x00000848       0x50 Libraries\STM32_USB_Device_Library\Core\src\usbd_ioreq.o
 .debug_aranges
                0x00000898       0x80 Libraries\STM32_USB_Device_Library\Core\src\usbd_core.o
 .debug_aranges
                0x00000918       0x58 Libraries\STM32_USB_Device_Library\Class\cdc\src\usbd_cdc_core.o
 .debug_aranges
                0x00000970      0x100 Libraries\STM32F4xx_StdPeriph_Driver\src\stm32f4xx_usart.o
 .debug_aranges
                0x00000a70      0x2e8 Libraries\STM32F4xx_StdPeriph_Driver\src\stm32f4xx_tim.o
 .debug_aranges
                0x00000d58       0x50 Libraries\STM32F4xx_StdPeriph_Driver\src\stm32f4xx_syscfg.o
 .debug_aranges
                0x00000da8       0xe0 Libraries\STM32F4xx_StdPeriph_Driver\src\stm32f4xx_spi.o
 .debug_aranges
                0x00000e88      0x1b8 Libraries\STM32F4xx_StdPeriph_Driver\src\stm32f4xx_rcc.o
 .debug_aranges
                0x00001040       0x88 Libraries\STM32F4xx_StdPeriph_Driver\src\stm32f4xx_gpio.o
 .debug_aranges
                0x000010c8       0x58 Libraries\STM32F4xx_StdPeriph_Driver\src\stm32f4xx_exti.o
 .debug_aranges
                0x00001120      0x148 Libraries\STM32F4xx_StdPeriph_Driver\src\stm32f4xx_adc.o
 .debug_aranges
                0x00001268       0x40 Libraries\STM32F4xx_StdPeriph_Driver\src\misc.o
 .debug_aranges
                0x000012a8       0x20 C:\Users\Antonio\Atollic\TrueSTUDIO\ARM_workspace\Accelerometer_23_05\libarm_cortexM4lf_math.a(arm_cos_f32.o)

.debug_ranges   0x00000000     0x1260
 .debug_ranges  0x00000000       0x40 src\usbd_usr.o
 .debug_ranges  0x00000040       0xa0 src\usbd_desc.o
 .debug_ranges  0x000000e0       0x48 src\usbd_cdc_vcp.o
 .debug_ranges  0x00000128       0x38 src\usb_bsp.o
 .debug_ranges  0x00000160       0x18 src\usart.o
 .debug_ranges  0x00000178       0x98 src\tiny_printf.o
 .debug_ranges  0x00000210       0x18 src\system_stm32f4xx.o
 .debug_ranges  0x00000228       0x70 src\stm32f4xx_it.o
 .debug_ranges  0x00000298       0x20 src\startup_stm32f40xx.o
 .debug_ranges  0x000002b8       0x10 src\main.o
 .debug_ranges  0x000002c8       0x10 src\USB\usb.o
 .debug_ranges  0x000002d8       0x28 src\Timer\timer.o
 .debug_ranges  0x00000300       0x90 src\NokiaLCD\nokiaLCD.o
 .debug_ranges  0x00000390       0xb0 src\HD44780_task\HD44780.o
 .debug_ranges  0x00000440       0x80 src\HD44780\hd44780.o
 .debug_ranges  0x000004c0       0x20 src\GPIO\gpio.o
 .debug_ranges  0x000004e0       0x10 src\EXTI\exti.o
 .debug_ranges  0x000004f0       0x58 src\Delay\delay.o
 .debug_ranges  0x00000548       0xa8 src\Accelerometer\stm32f4_discovery_lis3dsh.o
 .debug_ranges  0x000005f0       0x28 src\Accelerometer\accelerometer.o
 .debug_ranges  0x00000618       0x18 src\ADC\adc.o
 .debug_ranges  0x00000630       0x40 src\ADC\Goertzel.o
 .debug_ranges  0x00000670       0x10 Libraries\STM32_USB_OTG_Driver\src\usb_dcd_int.o
 .debug_ranges  0x00000680       0x70 Libraries\STM32_USB_OTG_Driver\src\usb_dcd.o
 .debug_ranges  0x000006f0      0x138 Libraries\STM32_USB_OTG_Driver\src\usb_core.o
 .debug_ranges  0x00000828       0x58 Libraries\STM32_USB_Device_Library\Core\src\usbd_req.o
 .debug_ranges  0x00000880       0x40 Libraries\STM32_USB_Device_Library\Core\src\usbd_ioreq.o
 .debug_ranges  0x000008c0       0x70 Libraries\STM32_USB_Device_Library\Core\src\usbd_core.o
 .debug_ranges  0x00000930       0x48 Libraries\STM32_USB_Device_Library\Class\cdc\src\usbd_cdc_core.o
 .debug_ranges  0x00000978       0xf0 Libraries\STM32F4xx_StdPeriph_Driver\src\stm32f4xx_usart.o
 .debug_ranges  0x00000a68      0x308 Libraries\STM32F4xx_StdPeriph_Driver\src\stm32f4xx_tim.o
 .debug_ranges  0x00000d70       0x40 Libraries\STM32F4xx_StdPeriph_Driver\src\stm32f4xx_syscfg.o
 .debug_ranges  0x00000db0       0xd0 Libraries\STM32F4xx_StdPeriph_Driver\src\stm32f4xx_spi.o
 .debug_ranges  0x00000e80      0x1a8 Libraries\STM32F4xx_StdPeriph_Driver\src\stm32f4xx_rcc.o
 .debug_ranges  0x00001028       0x78 Libraries\STM32F4xx_StdPeriph_Driver\src\stm32f4xx_gpio.o
 .debug_ranges  0x000010a0       0x48 Libraries\STM32F4xx_StdPeriph_Driver\src\stm32f4xx_exti.o
 .debug_ranges  0x000010e8      0x138 Libraries\STM32F4xx_StdPeriph_Driver\src\stm32f4xx_adc.o
 .debug_ranges  0x00001220       0x30 Libraries\STM32F4xx_StdPeriph_Driver\src\misc.o
 .debug_ranges  0x00001250       0x10 C:\Users\Antonio\Atollic\TrueSTUDIO\ARM_workspace\Accelerometer_23_05\libarm_cortexM4lf_math.a(arm_cos_f32.o)

.debug_line     0x00000000     0x799c
 .debug_line    0x00000000      0x19a src\usbd_usr.o
 .debug_line    0x0000019a      0x203 src\usbd_desc.o
 .debug_line    0x0000039d      0x2e0 src\usbd_cdc_vcp.o
 .debug_line    0x0000067d      0x282 src\usb_bsp.o
 .debug_line    0x000008ff      0x1d0 src\usart.o
 .debug_line    0x00000acf      0x35e src\tiny_printf.o
 .debug_line    0x00000e2d      0x1b1 src\system_stm32f4xx.o
 .debug_line    0x00000fde      0x35e src\stm32f4xx_it.o
 .debug_line    0x0000133c       0x78 src\startup_stm32f40xx.o
 .debug_line    0x000013b4      0x315 src\main.o
 .debug_line    0x000016c9      0x2a0 src\USB\usb.o
 .debug_line    0x00001969      0x281 src\Timer\timer.o
 .debug_line    0x00001bea      0x3e5 src\NokiaLCD\nokiaLCD.o
 .debug_line    0x00001fcf      0x463 src\HD44780_task\HD44780.o
 .debug_line    0x00002432      0x361 src\HD44780\hd44780.o