Archive member included because of file (symbol)

C:\Users\Antonio\Atollic\TrueSTUDIO\ARM_workspace\ADC_MIC_30_04\libarm_cortexM4lf_math.a(arm_cos_f32.o)
                              src\ADC\Goertzel.o (arm_cos_f32)
c:/program files (x86)/atollic/truestudio for arm lite 4.3.1/armtools/bin/../lib/gcc/arm-atollic-eabi/4.7.3/../../../../arm-atollic-eabi/lib/armv7e-m/fpu\libc.a(lib_a-init.o)
                              src\startup_stm32f40xx.o (__libc_init_array)
c:/program files (x86)/atollic/truestudio for arm lite 4.3.1/armtools/bin/../lib/gcc/arm-atollic-eabi/4.7.3/../../../../arm-atollic-eabi/lib/armv7e-m/fpu\libc.a(lib_a-memcpy.o)
                              src\ADC\Goertzel.o (memcpy)
c:/program files (x86)/atollic/truestudio for arm lite 4.3.1/armtools/bin/../lib/gcc/arm-atollic-eabi/4.7.3/../../../../arm-atollic-eabi/lib/armv7e-m/fpu\libc.a(lib_a-memset.o)
                              src\Timer\timer.o (memset)
c:/program files (x86)/atollic/truestudio for arm lite 4.3.1/armtools/bin/../lib/gcc/arm-atollic-eabi/4.7.3/../../../../arm-atollic-eabi/lib/armv7e-m/fpu\libc.a(lib_a-strlen.o)
                              src\tiny_printf.o (strlen)
c:/program files (x86)/atollic/truestudio for arm lite 4.3.1/armtools/bin/../lib/gcc/arm-atollic-eabi/4.7.3/../../../../arm-atollic-eabi/lib/armv7e-m/fpu\libc.a(lib_a-vsprintf.o)
                              src\HD44780_task\HD44780.o (vsprintf)
c:/program files (x86)/atollic/truestudio for arm lite 4.3.1/armtools/bin/../lib/gcc/arm-atollic-eabi/4.7.3/../../../../arm-atollic-eabi/lib/armv7e-m/fpu\libc.a(lib_a-impure.o)
                              c:/program files (x86)/atollic/truestudio for arm lite 4.3.1/armtools/bin/../lib/gcc/arm-atollic-eabi/4.7.3/../../../../arm-atollic-eabi/lib/armv7e-m/fpu\libc.a(lib_a-vsprintf.o) (_impure_ptr)
c:/program files (x86)/atollic/truestudio for arm lite 4.3.1/armtools/bin/../lib/gcc/arm-atollic-eabi/4.7.3/../../../../arm-atollic-eabi/lib/armv7e-m/fpu\libc.a(lib_a-svfprintf.o)
                              c:/program files (x86)/atollic/truestudio for arm lite 4.3.1/armtools/bin/../lib/gcc/arm-atollic-eabi/4.7.3/../../../../arm-atollic-eabi/lib/armv7e-m/fpu\libc.a(lib_a-vsprintf.o) (_svfprintf_r)
c:/program files (x86)/atollic/truestudio for arm lite 4.3.1/armtools/bin/../lib/gcc/arm-atollic-eabi/4.7.3/../../../../arm-atollic-eabi/lib/armv7e-m/fpu\libc.a(lib_a-dtoa.o)
                              c:/program files (x86)/atollic/truestudio for arm lite 4.3.1/armtools/bin/../lib/gcc/arm-atollic-eabi/4.7.3/../../../../arm-atollic-eabi/lib/armv7e-m/fpu\libc.a(lib_a-svfprintf.o) (_dtoa_r)
c:/program files (x86)/atollic/truestudio for arm lite 4.3.1/armtools/bin/../lib/gcc/arm-atollic-eabi/4.7.3/../../../../arm-atollic-eabi/lib/armv7e-m/fpu\libc.a(lib_a-locale.o)
                              c:/program files (x86)/atollic/truestudio for arm lite 4.3.1/armtools/bin/../lib/gcc/arm-atollic-eabi/4.7.3/../../../../arm-atollic-eabi/lib/armv7e-m/fpu\libc.a(lib_a-svfprintf.o) (_localeconv_r)
c:/program files (x86)/atollic/truestudio for arm lite 4.3.1/armtools/bin/../lib/gcc/arm-atollic-eabi/4.7.3/../../../../arm-atollic-eabi/lib/armv7e-m/fpu\libc.a(lib_a-malloc.o)
                              c:/program files (x86)/atollic/truestudio for arm lite 4.3.1/armtools/bin/../lib/gcc/arm-atollic-eabi/4.7.3/../../../../arm-atollic-eabi/lib/armv7e-m/fpu\libc.a(lib_a-dtoa.o) (malloc)
c:/program files (x86)/atollic/truestudio for arm lite 4.3.1/armtools/bin/../lib/gcc/arm-atollic-eabi/4.7.3/../../../../arm-atollic-eabi/lib/armv7e-m/fpu\libc.a(lib_a-mallocr.o)
                              c:/program files (x86)/atollic/truestudio for arm lite 4.3.1/armtools/bin/../lib/gcc/arm-atollic-eabi/4.7.3/../../../../arm-atollic-eabi/lib/armv7e-m/fpu\libc.a(lib_a-svfprintf.o) (_malloc_r)
c:/program files (x86)/atollic/truestudio for arm lite 4.3.1/armtools/bin/../lib/gcc/arm-atollic-eabi/4.7.3/../../../../arm-atollic-eabi/lib/armv7e-m/fpu\libc.a(lib_a-memchr.o)
                              c:/program files (x86)/atollic/truestudio for arm lite 4.3.1/armtools/bin/../lib/gcc/arm-atollic-eabi/4.7.3/../../../../arm-atollic-eabi/lib/armv7e-m/fpu\libc.a(lib_a-svfprintf.o) (memchr)
c:/program files (x86)/atollic/truestudio for arm lite 4.3.1/armtools/bin/../lib/gcc/arm-atollic-eabi/4.7.3/../../../../arm-atollic-eabi/lib/armv7e-m/fpu\libc.a(lib_a-mlock.o)
                              c:/program files (x86)/atollic/truestudio for arm lite 4.3.1/armtools/bin/../lib/gcc/arm-atollic-eabi/4.7.3/../../../../arm-atollic-eabi/lib/armv7e-m/fpu\libc.a(lib_a-mallocr.o) (__malloc_lock)
c:/program files (x86)/atollic/truestudio for arm lite 4.3.1/armtools/bin/../lib/gcc/arm-atollic-eabi/4.7.3/../../../../arm-atollic-eabi/lib/armv7e-m/fpu\libc.a(lib_a-mprec.o)
[...]
Memory Configuration

Name             Origin             Length             Attributes
FLASH            0x08000000         0x00100000         xr
RAM              0x20000000         0x00020000         xrw
MEMORY_B1        0x60000000         0x00000000         xr
CCMRAM           0x10000000         0x00010000         rw
*default*        0x00000000         0xffffffff

Linker script and memory map

LOAD c:/program files (x86)/atollic/truestudio for arm lite 4.3.1/armtools/bin/../lib/gcc/arm-atollic-eabi/4.7.3/armv7e-m/fpu/crti.o
LOAD c:/program files (x86)/atollic/truestudio for arm lite 4.3.1/armtools/bin/../lib/gcc/arm-atollic-eabi/4.7.3/armv7e-m/fpu/crtbegin.o
LOAD src\usbd_usr.o
LOAD src\usbd_desc.o
LOAD src\usbd_cdc_vcp.o
LOAD src\usb_bsp.o
LOAD src\usart.o
LOAD src\tiny_printf.o
LOAD src\system_stm32f4xx.o
LOAD src\syscalls.o
LOAD src\stm32f4xx_it.o
LOAD src\startup_stm32f40xx.o
LOAD src\main.o
LOAD src\USB\usb.o
LOAD src\Timer\timer.o
LOAD src\Servo\servo.o
LOAD src\HD44780_task\HD44780.o
LOAD src\HD44780\hd44780.o
LOAD src\GPIO\gpio.o
LOAD src\EXTI\exti.o
LOAD src\Delay\delay.o
LOAD src\ADC\adc.o
LOAD src\ADC\Goertzel.o
LOAD Utilities\STM32F4-Discovery\stm32f4_discovery_lis302dl.o
LOAD Utilities\STM32F4-Discovery\stm32f4_discovery.o
LOAD Libraries\STM32_USB_OTG_Driver\src\usb_dcd_int.o
LOAD Libraries\STM32_USB_OTG_Driver\src\usb_dcd.o
LOAD Libraries\STM32_USB_OTG_Driver\src\usb_core.o
LOAD Libraries\STM32_USB_Device_Library\Core\src\usbd_req.o
LOAD Libraries\STM32_USB_Device_Library\Core\src\usbd_ioreq.o
LOAD Libraries\STM32_USB_Device_Library\Core\src\usbd_core.o
LOAD Libraries\STM32_USB_Device_Library\Class\cdc\src\usbd_cdc_core.o
LOAD Libraries\STM32F4xx_StdPeriph_Driver\src\stm32f4xx_wwdg.o
LOAD Libraries\STM32F4xx_StdPeriph_Driver\src\stm32f4xx_usart.o
LOAD Libraries\STM32F4xx_StdPeriph_Driver\src\stm32f4xx_tim.o
LOAD Libraries\STM32F4xx_StdPeriph_Driver\src\stm32f4xx_syscfg.o
LOAD Libraries\STM32F4xx_StdPeriph_Driver\src\stm32f4xx_spi.o
LOAD Libraries\STM32F4xx_StdPeriph_Driver\src\stm32f4xx_sdio.o
LOAD Libraries\STM32F4xx_StdPeriph_Driver\src\stm32f4xx_sai.o
LOAD Libraries\STM32F4xx_StdPeriph_Driver\src\stm32f4xx_rtc.o
LOAD Libraries\STM32F4xx_StdPeriph_Driver\src\stm32f4xx_rng.o
LOAD Libraries\STM32F4xx_StdPeriph_Driver\src\stm32f4xx_rcc.o
LOAD Libraries\STM32F4xx_StdPeriph_Driver\src\stm32f4xx_pwr.o
LOAD Libraries\STM32F4xx_StdPeriph_Driver\src\stm32f4xx_ltdc.o
LOAD Libraries\STM32F4xx_StdPeriph_Driver\src\stm32f4xx_iwdg.o
LOAD Libraries\STM32F4xx_StdPeriph_Driver\src\stm32f4xx_i2c.o
LOAD Libraries\STM32F4xx_StdPeriph_Driver\src\stm32f4xx_hash_sha1.o
LOAD Libraries\STM32F4xx_StdPeriph_Driver\src\stm32f4xx_hash_md5.o
LOAD Libraries\STM32F4xx_StdPeriph_Driver\src\stm32f4xx_hash.o
LOAD Libraries\STM32F4xx_StdPeriph_Driver\src\stm32f4xx_gpio.o
LOAD Libraries\STM32F4xx_StdPeriph_Driver\src\stm32f4xx_fsmc.o
LOAD Libraries\STM32F4xx_StdPeriph_Driver\src\stm32f4xx_flash.o
LOAD Libraries\STM32F4xx_StdPeriph_Driver\src\stm32f4xx_exti.o
LOAD Libraries\STM32F4xx_StdPeriph_Driver\src\stm32f4xx_dma2d.o
LOAD Libraries\STM32F4xx_StdPeriph_Driver\src\stm32f4xx_dma.o
LOAD Libraries\STM32F4xx_StdPeriph_Driver\src\stm32f4xx_dcmi.o
LOAD Libraries\STM32F4xx_StdPeriph_Driver\src\stm32f4xx_dbgmcu.o
LOAD Libraries\STM32F4xx_StdPeriph_Driver\src\stm32f4xx_dac.o
LOAD Libraries\STM32F4xx_StdPeriph_Driver\src\stm32f4xx_cryp_tdes.o
LOAD Libraries\STM32F4xx_StdPeriph_Driver\src\stm32f4xx_cryp_des.o
LOAD Libraries\STM32F4xx_StdPeriph_Driver\src\stm32f4xx_cryp_aes.o
LOAD Libraries\STM32F4xx_StdPeriph_Driver\src\stm32f4xx_cryp.o
LOAD Libraries\STM32F4xx_StdPeriph_Driver\src\stm32f4xx_crc.o
LOAD Libraries\STM32F4xx_StdPeriph_Driver\src\stm32f4xx_can.o
LOAD Libraries\STM32F4xx_StdPeriph_Driver\src\stm32f4xx_adc.o
LOAD Libraries\STM32F4xx_StdPeriph_Driver\src\misc.o
LOAD C:\Users\Antonio\Atollic\TrueSTUDIO\ARM_workspace\ADC_MIC_30_04\libarm_cortexM4lf_math.a
LOAD C:\Users\Antonio\Atollic\TrueSTUDIO\ARM_workspace\ADC_MIC_30_04\libPDMFilter_CM4F_GCC.a
START GROUP
LOAD c:/program files (x86)/atollic/truestudio for arm lite 4.3.1/armtools/bin/../lib/gcc/arm-atollic-eabi/4.7.3/../../../../arm-atollic-eabi/lib/armv7e-m/fpu\libc.a
LOAD c:/program files (x86)/atollic/truestudio for arm lite 4.3.1/armtools/bin/../lib/gcc/arm-atollic-eabi/4.7.3/../../../../arm-atollic-eabi/lib/armv7e-m/fpu\libm.a
END GROUP
                0x00001000                malloc_getpagesize_P = 0x1000
START GROUP
LOAD c:/program files (x86)/atollic/truestudio for arm lite 4.3.1/armtools/bin/../lib/gcc/arm-atollic-eabi/4.7.3/armv7e-m/fpu\libgcc.a
LOAD c:/program files (x86)/atollic/truestudio for arm lite 4.3.1/armtools/bin/../lib/gcc/arm-atollic-eabi/4.7.3/../../../../arm-atollic-eabi/lib/armv7e-m/fpu\libc.a
END GROUP
LOAD c:/program files (x86)/atollic/truestudio for arm lite 4.3.1/armtools/bin/../lib/gcc/arm-atollic-eabi/4.7.3/armv7e-m/fpu/crtend.o
LOAD c:/program files (x86)/atollic/truestudio for arm lite 4.3.1/armtools/bin/../lib/gcc/arm-atollic-eabi/4.7.3/armv7e-m/fpu/crtn.o
                0x20020000                _estack = 0x20020000
                0x00000000                _Min_Heap_Size = 0x0
                0x00000400                _Min_Stack_Size = 0x400

.isr_vector     0x08000000      0x188
                0x08000000                . = ALIGN (0x4)
 *(.isr_vector)
 .isr_vector    0x08000000      0x188 src\startup_stm32f40xx.o
                0x08000000                g_pfnVectors
                0x08000188                . = ALIGN (0x4)

.text           0x08000188     0x47fc
                0x08000188                . = ALIGN (0x4)
 *(.text)
 .text          0x08000188       0x54 c:/program files (x86)/atollic/truestudio for arm lite 4.3.1/armtools/bin/../lib/gcc/arm-atollic-eabi/4.7.3/armv7e-m/fpu/crtbegin.o
 .text          0x080001dc      0x370 c:/program files (x86)/atollic/truestudio for arm lite 4.3.1/armtools/bin/../lib/gcc/arm-atollic-eabi/4.7.3/armv7e-m/fpu\libgcc.a(_arm_addsubdf3.o)
                0x080001dc                __aeabi_drsub
                0x080001e4                __aeabi_dsub
                0x080001e4                __subdf3
                0x080001e8                __aeabi_dadd
                0x080001e8                __adddf3
                0x08000460                __floatunsidf
                0x08000460                __aeabi_ui2d
                0x08000480                __floatsidf
                0x08000480                __aeabi_i2d
                0x080004a4                __aeabi_f2d
                0x080004a4                __extendsfdf2
                0x080004e0                __floatundidf
                0x080004e0                __aeabi_ul2d
                0x080004f0                __floatdidf
                0x080004f0                __aeabi_l2d
 .text          0x0800054c      0x424 c:/program files (x86)/atollic/truestudio for arm lite 4.3.1/armtools/bin/../lib/gcc/arm-atollic-eabi/4.7.3/armv7e-m/fpu\libgcc.a(_arm_muldivdf3.o)
                0x0800054c                __aeabi_dmul
                0x0800054c                __muldf3
                0x080007a0                __divdf3
                0x080007a0                __aeabi_ddiv
 .text          0x08000970      0x110 c:/program files (x86)/atollic/truestudio for arm lite 4.3.1/armtools/bin/../lib/gcc/arm-atollic-eabi/4.7.3/armv7e-m/fpu\libgcc.a(_arm_cmpdf2.o)
                0x08000970                __gtdf2
                0x08000970                __gedf2
                0x08000978                __ltdf2
                0x08000978                __ledf2
                0x08000980                __nedf2
                0x08000980                __eqdf2
                0x08000980                __cmpdf2
                0x080009fc                __aeabi_cdrcmple
                0x08000a0c                __aeabi_cdcmpeq
                0x08000a0c                __aeabi_cdcmple
                0x08000a1c                __aeabi_dcmpeq
                0x08000a30                __aeabi_dcmplt
                0x08000a44                __aeabi_dcmple
                0x08000a58                __aeabi_dcmpge
                0x08000a6c                __aeabi_dcmpgt
 .text          0x08000a80       0xa0 c:/program files (x86)/atollic/truestudio for arm lite 4.3.1/armtools/bin/../lib/gcc/arm-atollic-eabi/4.7.3/armv7e-m/fpu\libgcc.a(_arm_truncdfsf2.o)
                0x08000a80                __truncdfsf2
                0x08000a80                __aeabi_d2f
 .text          0x08000b20       0x2c c:/program files (x86)/atollic/truestudio for arm lite 4.3.1/armtools/bin/../lib/gcc/arm-atollic-eabi/4.7.3/armv7e-m/fpu\libgcc.a(_aeabi_uldivmod.o)
                0x08000b20                __aeabi_uldivmod
 .text          0x08000b4c       0x58 c:/program files (x86)/atollic/truestudio for arm lite 4.3.1/armtools/bin/../lib/gcc/arm-atollic-eabi/4.7.3/armv7e-m/fpu\libgcc.a(bpabi.o)
                0x08000b4c                __gnu_ldivmod_helper
                0x08000b78                __gnu_uldivmod_helper
 .text          0x08000ba4        0x4 c:/program files (x86)/atollic/truestudio for arm lite 4.3.1/armtools/bin/../lib/gcc/arm-atollic-eabi/4.7.3/armv7e-m/fpu\libgcc.a(_dvmd_tls.o)
                0x08000ba4                __aeabi_idiv0
                0x08000ba4                __aeabi_ldiv0
 .text          0x08000ba8      0x2bc c:/program files (x86)/atollic/truestudio for arm lite 4.3.1/armtools/bin/../lib/gcc/arm-atollic-eabi/4.7.3/armv7e-m/fpu\libgcc.a(_divdi3.o)
                0x08000ba8                __divdi3
 .text          0x08000e64      0x288 c:/program files (x86)/atollic/truestudio for arm lite 4.3.1/armtools/bin/../lib/gcc/arm-atollic-eabi/4.7.3/armv7e-m/fpu\libgcc.a(_udivdi3.o)
                0x08000e64                __udivdi3
 *(.text*)
 .text.USBD_USR_Init
                0x080010ec        0x2 src\usbd_usr.o
                0x080010ec                USBD_USR_Init
 .text.USBD_USR_DeviceReset
                0x080010ee        0x2 src\usbd_usr.o
                0x080010ee                USBD_USR_DeviceReset
 .text.USBD_USR_DeviceConfigured
                0x080010f0        0x2 src\usbd_usr.o
                0x080010f0                USBD_USR_DeviceConfigured
 .text.USBD_USR_DeviceConnected
                0x080010f2        0x2 src\usbd_usr.o
                0x080010f2                USBD_USR_DeviceConnected
 .text.USBD_USR_DeviceDisconnected
                0x080010f4        0x2 src\usbd_usr.o
                0x080010f4                USBD_USR_DeviceDisconnected
 .text.USBD_USR_DeviceSuspended
                0x080010f6        0x2 src\usbd_usr.o
                0x080010f6                USBD_USR_DeviceSuspended
 .text.USBD_USR_DeviceResumed
                0x080010f8        0x2 src\usbd_usr.o
                0x080010f8                USBD_USR_DeviceResumed
 *fill*         0x080010fa        0x2 00
 .text.USBD_USR_DeviceDescriptor
                0x080010fc        0xc src\usbd_desc.o
                0x080010fc                USBD_USR_DeviceDescriptor
 .text.USBD_USR_LangIDStrDescriptor
                0x08001108        0xc src\usbd_desc.o
                0x08001108                USBD_USR_LangIDStrDescriptor
 .text.USBD_USR_ManufacturerStrDescriptor
                0x08001114       0x1c src\usbd_desc.o
                0x08001114                USBD_USR_ManufacturerStrDescriptor
 .text.USBD_USR_InterfaceStrDescriptor
                0x08001130       0x1c src\usbd_desc.o
                0x08001130                USBD_USR_InterfaceStrDescriptor
 .text.USBD_USR_ConfigStrDescriptor
                0x0800114c       0x1c src\usbd_desc.o
                0x0800114c                USBD_USR_ConfigStrDescriptor
 .text.USBD_USR_SerialStrDescriptor
                0x08001168       0x24 src\usbd_desc.o
                0x08001168                USBD_USR_SerialStrDescriptor
 .text.USBD_USR_ProductStrDescriptor
                0x0800118c       0x24 src\usbd_desc.o
                0x0800118c                USBD_USR_ProductStrDescriptor
 .text.VCP_DataRx
                0x080011b0       0x8c src\usbd_cdc_vcp.o
 .text.VCP_DeInit
                0x0800123c       0x20 src\usbd_cdc_vcp.o
 .text.VCP_Init
                0x0800125c       0x22 src\usbd_cdc_vcp.o
 *fill*         0x0800127e        0x2 00
 .text.VCP_Ctrl
                0x08001280       0x34 src\usbd_cdc_vcp.o
 .text.VCP_DataTx
                0x080012b4       0x8c src\usbd_cdc_vcp.o
                0x080012b4                VCP_DataTx
 .text.USB_OTG_BSP_Init
                0x08001340       0xa8 src\usb_bsp.o
                0x08001340                USB_OTG_BSP_Init
 .text.USB_OTG_BSP_EnableInterrupt
                0x080013e8       0x28 src\usb_bsp.o
                0x080013e8                USB_OTG_BSP_EnableInterrupt
 .text.USB_OTG_BSP_uDelay
                0x08001410       0x14 src\usb_bsp.o
                0x08001410                USB_OTG_BSP_uDelay
 .text.USB_OTG_BSP_mDelay
                0x08001424        0xa src\usb_bsp.o
                0x08001424                USB_OTG_BSP_mDelay
 .text.ust_cpy  0x0800142e       0x12 src\usart.o
                0x0800142e                ust_cpy
 .text.ust_config
                0x08001440       0xa2 src\usart.o
                0x08001440                ust_config
 .text.ts_itoa  0x080014e2       0x36 src\tiny_printf.o
                0x080014e2                ts_itoa
 .text.ts_formatstring
                0x08001518       0xba src\tiny_printf.o
                0x08001518                ts_formatstring
 .text.siprintf
                0x080015d2       0x18 src\tiny_printf.o
                0x080015d2                siprintf
                0x080015d2                sprintf
 *fill*         0x080015ea        0x2 00
 .text.SystemInit
                0x080015ec      0x11c src\system_stm32f4xx.o
                0x080015ec                SystemInit
 .text.NMI_Handler
                0x08001708        0x2 src\stm32f4xx_it.o
                0x08001708                NMI_Handler
 .text.HardFault_Handler
                0x0800170a        0x2 src\stm32f4xx_it.o
                0x0800170a                HardFault_Handler
 .text.MemManage_Handler
                0x0800170c        0x2 src\stm32f4xx_it.o
                0x0800170c                MemManage_Handler
 .text.BusFault_Handler
                0x0800170e        0x2 src\stm32f4xx_it.o
                0x0800170e                BusFault_Handler
 .text.UsageFault_Handler
                0x08001710        0x2 src\stm32f4xx_it.o
                0x08001710                UsageFault_Handler
 .text.SVC_Handler
                0x08001712        0x2 src\stm32f4xx_it.o
                0x08001712                SVC_Handler
 .text.DebugMon_Handler
                0x08001714        0x2 src\stm32f4xx_it.o
                0x08001714                DebugMon_Handler
 .text.PendSV_Handler
                0x08001716        0x2 src\stm32f4xx_it.o
                0x08001716                PendSV_Handler
 .text.SysTick_Handler
                0x08001718        0xe src\stm32f4xx_it.o
                0x08001718                SysTick_Handler
 *fill*         0x08001726        0x2 00
 .text.EXTI9_5_IRQHandler
                0x08001728       0x98 src\stm32f4xx_it.o
                0x08001728                EXTI9_5_IRQHandler
 .text.OTG_FS_WKUP_IRQHandler
                0x080017c0       0x30 src\stm32f4xx_it.o
                0x080017c0                OTG_FS_WKUP_IRQHandler
 .text.OTG_FS_IRQHandler
                0x080017f0        0xc src\stm32f4xx_it.o
                0x080017f0                OTG_FS_IRQHandler
 .text.USART2_IRQHandler
                0x080017fc       0x40 src\stm32f4xx_it.o
                0x080017fc                USART2_IRQHandler
 .text.Reset_Handler
                0x0800183c       0x50 src\startup_stm32f40xx.o
                0x0800183c                Reset_Handler
 .text.Default_Handler
                0x0800188c        0x4 src\startup_stm32f40xx.o
                0x0800188c                RTC_Alarm_IRQHandler
                0x0800188c                HASH_RNG_IRQHandler
                0x0800188c                EXTI2_IRQHandler
                0x0800188c                TIM8_CC_IRQHandler
                0x0800188c                TIM1_CC_IRQHandler
                0x0800188c                DMA2_Stream5_IRQHandler
                0x0800188c                DMA1_Stream5_IRQHandler
                0x0800188c                PVD_IRQHandler
                0x0800188c                SDIO_IRQHandler
                0x0800188c                TAMP_STAMP_IRQHandler
                0x0800188c                CAN2_RX1_IRQHandler
                0x0800188c                EXTI3_IRQHandler
                0x0800188c                TIM8_TRG_COM_TIM14_IRQHandler
                0x0800188c                TIM1_UP_TIM10_IRQHandler
                0x0800188c                TIM8_UP_TIM13_IRQHandler
                0x0800188c                I2C3_ER_IRQHandler
                0x0800188c                EXTI0_IRQHandler
                0x0800188c                I2C2_EV_IRQHandler
                0x0800188c                DMA1_Stream2_IRQHandler
                0x0800188c                CAN1_RX0_IRQHandler
                0x0800188c                FPU_IRQHandler
                0x0800188c                OTG_HS_WKUP_IRQHandler
                0x0800188c                CAN2_SCE_IRQHandler
                0x0800188c                DMA2_Stream2_IRQHandler
                0x0800188c                SPI1_IRQHandler
                0x0800188c                TIM6_DAC_IRQHandler
                0x0800188c                TIM1_BRK_TIM9_IRQHandler
                0x0800188c                DCMI_IRQHandler
                0x0800188c                CAN2_RX0_IRQHandler
                0x0800188c                DMA2_Stream3_IRQHandler
                0x0800188c                USART6_IRQHandler
                0x0800188c                USART3_IRQHandler
                0x0800188c                CRYP_IRQHandler
                0x0800188c                CAN1_RX1_IRQHandler
                0x0800188c                UART5_IRQHandler
                0x0800188c                DMA2_Stream0_IRQHandler
                0x0800188c                TIM4_IRQHandler
                0x0800188c                I2C1_EV_IRQHandler
                0x0800188c                DMA1_Stream6_IRQHandler
                0x0800188c                DMA1_Stream1_IRQHandler
                0x0800188c                UART4_IRQHandler
                0x0800188c                TIM3_IRQHandler
                0x0800188c                RCC_IRQHandler
                0x0800188c                TIM8_BRK_TIM12_IRQHandler
                0x0800188c                Default_Handler
                0x0800188c                EXTI15_10_IRQHandler
                0x0800188c                ADC_IRQHandler
                0x0800188c                DMA1_Stream7_IRQHandler
                0x0800188c                CAN2_TX_IRQHandler
                0x0800188c                TIM5_IRQHandler
                0x0800188c                DMA2_Stream7_IRQHandler
                0x0800188c                I2C3_EV_IRQHandler
                0x0800188c                RTC_WKUP_IRQHandler
                0x0800188c                ETH_WKUP_IRQHandler
                0x0800188c                SPI2_IRQHandler
                0x0800188c                OTG_HS_EP1_IN_IRQHandler
                0x0800188c                DMA1_Stream0_IRQHandler
                0x0800188c                CAN1_TX_IRQHandler
                0x0800188c                EXTI4_IRQHandler
                0x0800188c                FSMC_IRQHandler
                0x0800188c                ETH_IRQHandler
                0x0800188c                OTG_HS_EP1_OUT_IRQHandler
                0x0800188c                WWDG_IRQHandler
                0x0800188c                TIM1_TRG_COM_TIM11_IRQHandler
                0x0800188c                OTG_HS_IRQHandler
                0x0800188c                EXTI1_IRQHandler
                0x0800188c                I2C2_ER_IRQHandler
                0x0800188c                DMA2_Stream1_IRQHandler
                0x0800188c                CAN1_SCE_IRQHandler
                0x0800188c                FLASH_IRQHandler
                0x0800188c                DMA2_Stream4_IRQHandler
                0x0800188c                USART1_IRQHandler
                0x0800188c                SPI3_IRQHandler
                0x0800188c                DMA1_Stream4_IRQHandler
                0x0800188c                I2C1_ER_IRQHandler
                0x0800188c                DMA2_Stream6_IRQHandler
                0x0800188c                DMA1_Stream3_IRQHandler
 .text.startup.main
                0x08001890      0x1d4 src\main.o
                0x08001890                main
 .text.USB_init
                0x08001a64       0x74 src\USB\usb.o
                0x08001a64                USB_init
 .text.InitTimerWithIRQ
                0x08001ad8       0x74 src\Timer\timer.o
                0x08001ad8                InitTimerWithIRQ
 .text.InitPWM  0x08001b4c       0xb0 src\Timer\timer.o
                0x08001b4c                InitPWM
 .text.TIM2_IRQHandler
                0x08001bfc       0x8c src\Timer\timer.o
                0x08001bfc                TIM2_IRQHandler
 .text.task_del
                0x08001c88       0x30 src\HD44780_task\HD44780.o
 .text.set_output
                0x08001cb8       0x48 src\HD44780_task\HD44780.o
 .text.enable   0x08001d00       0x20 src\HD44780_task\HD44780.o
 .text.write    0x08001d20       0x60 src\HD44780_task\HD44780.o
 .text.TIM7_IRQHandler
                0x08001d80       0xc4 src\HD44780_task\HD44780.o
                0x08001d80                TIM7_IRQHandler
 .text.LCD_WriteNibble
                0x08001e44       0x60 src\HD44780\hd44780.o
                0x08001e44                LCD_WriteNibble
 .text.LCD_ReadNibble
                0x08001ea4       0x60 src\HD44780\hd44780.o
                0x08001ea4                LCD_ReadNibble
 .text.LCD_ReadStatus
                0x08001f04       0x68 src\HD44780\hd44780.o
                0x08001f04                LCD_ReadStatus
 .text.LCD_WriteData
                0x08001f6c       0x38 src\HD44780\hd44780.o
                0x08001f6c                LCD_WriteData
 .text.LCD_WriteCommand
                0x08001fa4       0x2c src\HD44780\hd44780.o
                0x08001fa4                LCD_WriteCommand
 .text.LCD_DefineCharacter
                0x08001fd0       0x20 src\HD44780\hd44780.o
                0x08001fd0                LCD_DefineCharacter
 .text.LCD_WriteText
                0x08001ff0       0x16 src\HD44780\hd44780.o
                0x08001ff0                LCD_WriteText
 .text.LCD_GoTo
                0x08002006        0xe src\HD44780\hd44780.o
                0x08002006                LCD_GoTo
 .text.LCD_WriteTextXY
                0x08002014       0x16 src\HD44780\hd44780.o
                0x08002014                LCD_WriteTextXY
 .text.LCD_Clear
                0x0800202a        0x6 src\HD44780\hd44780.o
                0x0800202a                LCD_Clear
 .text.LCD_Initialize
                0x08002030       0x9c src\HD44780\hd44780.o
                0x08002030                LCD_Initialize
 .text.LCD_CreateCustomCharsForLevels
                0x080020cc       0xa8 src\HD44780\hd44780.o
                0x080020cc                LCD_CreateCustomCharsForLevels
 .text.InitLeds
                0x08002174       0x50 src\GPIO\gpio.o
                0x08002174                InitLeds
 .text.InitButtons
                0x080021c4       0x28 src\GPIO\gpio.o
                0x080021c4                InitButtons
 .text.SysTick_ButtonAction
                0x080021ec       0x70 src\GPIO\gpio.o
                0x080021ec                SysTick_ButtonAction
 .text.InitButtonsEXTI
                0x0800225c       0x52 src\EXTI\exti.o
                0x0800225c                InitButtonsEXTI
 *fill*         0x080022ae        0x2 00
 .text.delay_ms
                0x080022b0       0x10 src\Delay\delay.o
                0x080022b0                delay_ms
 .text.SysTick_DelayAction
                0x080022c0       0x14 src\Delay\delay.o
                0x080022c0                SysTick_DelayAction
 .text.SysTick_Conf
                0x080022d4       0x40 src\Delay\delay.o
                0x080022d4                SysTick_Conf
 .text.ADC3_CH12_DMA_Config
                0x08002314       0xe0 src\ADC\adc.o
                0x08002314                ADC3_CH12_DMA_Config
 *fill*         0x080023f4        0x4 00
 .text.algorithm
                0x080023f8      0x3d8 src\ADC\Goertzel.o
                0x080023f8                algorithm
 .text.USBD_OTG_ISR_Handler
                0x080027d0      0x49c Libraries\STM32_USB_OTG_Driver\src\usb_dcd_int.o
                0x080027d0                USBD_OTG_ISR_Handler
 .text.DCD_Init
                0x08002c6c       0x88 Libraries\STM32_USB_OTG_Driver\src\usb_dcd.o
                0x08002c6c                DCD_Init
 .text.DCD_EP_Open
                0x08002cf4       0x42 Libraries\STM32_USB_OTG_Driver\src\usb_dcd.o
                0x08002cf4                DCD_EP_Open
 .text.DCD_EP_Close
                0x08002d36       0x32 Libraries\STM32_USB_OTG_Driver\src\usb_dcd.o
                0x08002d36                DCD_EP_Close
 .text.DCD_EP_PrepareRx
                0x08002d68       0x34 Libraries\STM32_USB_OTG_Driver\src\usb_dcd.o
                0x08002d68                DCD_EP_PrepareRx
 .text.DCD_EP_Tx
                0x08002d9c       0x32 Libraries\STM32_USB_OTG_Driver\src\usb_dcd.o
                0x08002d9c                DCD_EP_Tx
 .text.DCD_EP_Stall
                0x08002dce       0x3c Libraries\STM32_USB_OTG_Driver\src\usb_dcd.o
                0x08002dce                DCD_EP_Stall
 .text.DCD_EP_ClrStall
                0x08002e0a       0x3c Libraries\STM32_USB_OTG_Driver\src\usb_dcd.o
                0x08002e0a                DCD_EP_ClrStall
 .text.DCD_EP_SetAddress
                0x08002e46       0x10 Libraries\STM32_USB_OTG_Driver\src\usb_dcd.o
                0x08002e46                DCD_EP_SetAddress
 *fill*         0x08002e56        0x2 00
 .text.USB_OTG_CoreReset
                0x08002e58       0x4c Libraries\STM32_USB_OTG_Driver\src\usb_core.o
 .text.USB_OTG_WritePacket
                0x08002ea4       0x26 Libraries\STM32_USB_OTG_Driver\src\usb_core.o
                0x08002ea4                USB_OTG_WritePacket
 .text.USB_OTG_ReadPacket
                0x08002eca       0x22 Libraries\STM32_USB_OTG_Driver\src\usb_core.o
                0x08002eca                USB_OTG_ReadPacket
 .text.USB_OTG_SelectCore
                0x08002eec       0xc0 Libraries\STM32_USB_OTG_Driver\src\usb_core.o
                0x08002eec                USB_OTG_SelectCore
 .text.USB_OTG_CoreInit
                0x08002fac       0xe4 Libraries\STM32_USB_OTG_Driver\src\usb_core.o
                0x08002fac                USB_OTG_CoreInit
 .text.USB_OTG_EnableGlobalInt
                0x08003090        0xe Libraries\STM32_USB_OTG_Driver\src\usb_core.o
                0x08003090                USB_OTG_EnableGlobalInt
 .text.USB_OTG_DisableGlobalInt
                0x0800309e        0xe Libraries\STM32_USB_OTG_Driver\src\usb_core.o
                0x0800309e                USB_OTG_DisableGlobalInt
 .text.USB_OTG_FlushTxFifo
                0x080030ac       0x3c Libraries\STM32_USB_OTG_Driver\src\usb_core.o
                0x080030ac                USB_OTG_FlushTxFifo
 .text.USB_OTG_FlushRxFifo
                0x080030e8       0x34 Libraries\STM32_USB_OTG_Driver\src\usb_core.o
                0x080030e8                USB_OTG_FlushRxFifo
 .text.USB_OTG_SetCurrentMode
                0x0800311c       0x2a Libraries\STM32_USB_OTG_Driver\src\usb_core.o
                0x0800311c                USB_OTG_SetCurrentMode
 .text.USB_OTG_IsDeviceMode
                0x08003146        0xe Libraries\STM32_USB_OTG_Driver\src\usb_core.o
                0x08003146                USB_OTG_IsDeviceMode
 .text.USB_OTG_ReadCoreItr
                0x08003154        0xa Libraries\STM32_USB_OTG_Driver\src\usb_core.o
                0x08003154                USB_OTG_ReadCoreItr
 .text.USB_OTG_InitDevSpeed
                0x0800315e        0xc Libraries\STM32_USB_OTG_Driver\src\usb_core.o
                0x0800315e                USB_OTG_InitDevSpeed
 *fill*         0x0800316a        0x2 00
 .text.USB_OTG_EnableDevInt
                0x0800316c       0x3c Libraries\STM32_USB_OTG_Driver\src\usb_core.o
                0x0800316c                USB_OTG_EnableDevInt
 .text.USB_OTG_CoreInitDev
                0x080031a8      0x100 Libraries\STM32_USB_OTG_Driver\src\usb_core.o
                0x080031a8                USB_OTG_CoreInitDev
 .text.USB_OTG_GetDeviceSpeed
                0x080032a8       0x1c Libraries\STM32_USB_OTG_Driver\src\usb_core.o
                0x080032a8                USB_OTG_GetDeviceSpeed
 .text.USB_OTG_EP0Activate
                0x080032c4       0x2c Libraries\STM32_USB_OTG_Driver\src\usb_core.o
                0x080032c4                USB_OTG_EP0Activate
 .text.USB_OTG_EPActivate
                0x080032f0       0x5e Libraries\STM32_USB_OTG_Driver\src\usb_core.o
                0x080032f0                USB_OTG_EPActivate
 .text.USB_OTG_EPDeactivate
                0x0800334e       0x3e Libraries\STM32_USB_OTG_Driver\src\usb_core.o
                0x0800334e                USB_OTG_EPDeactivate
 .text.USB_OTG_EPStartXfer
                0x0800338c      0x10a Libraries\STM32_USB_OTG_Driver\src\usb_core.o
                0x0800338c                USB_OTG_EPStartXfer
 .text.USB_OTG_EP0StartXfer
                0x08003496       0xda Libraries\STM32_USB_OTG_Driver\src\usb_core.o
                0x08003496                USB_OTG_EP0StartXfer
 .text.USB_OTG_EPSetStall
                0x08003570       0x36 Libraries\STM32_USB_OTG_Driver\src\usb_core.o
                0x08003570                USB_OTG_EPSetStall
 .text.USB_OTG_EPClearStall
                0x080035a6       0x28 Libraries\STM32_USB_OTG_Driver\src\usb_core.o
                0x080035a6                USB_OTG_EPClearStall
 .text.USB_OTG_ReadDevAllOutEp_itr
                0x080035ce        0xc Libraries\STM32_USB_OTG_Driver\src\usb_core.o
                0x080035ce                USB_OTG_ReadDevAllOutEp_itr
 .text.USB_OTG_ReadDevOutEP_itr
                0x080035da       0x10 Libraries\STM32_USB_OTG_Driver\src\usb_core.o
                0x080035da                USB_OTG_ReadDevOutEP_itr
 .text.USB_OTG_ReadDevAllInEPItr
                0x080035ea        0xc Libraries\STM32_USB_OTG_Driver\src\usb_core.o
                0x080035ea                USB_OTG_ReadDevAllInEPItr
 .text.USB_OTG_EP0_OutStart
                0x080035f6       0x3c Libraries\STM32_USB_OTG_Driver\src\usb_core.o
                0x080035f6                USB_OTG_EP0_OutStart
 .text.USB_OTG_UngateClock
                0x08003632       0x20 Libraries\STM32_USB_OTG_Driver\src\usb_core.o
                0x08003632                USB_OTG_UngateClock
 .text.USBD_ParseSetupRequest
                0x08003652       0x44 Libraries\STM32_USB_Device_Library\Core\src\usbd_req.o
                0x08003652                USBD_ParseSetupRequest
 .text.USBD_CtlError
                0x08003696       0x28 Libraries\STM32_USB_Device_Library\Core\src\usbd_req.o
                0x08003696                USBD_CtlError
 *fill*         0x080036be        0x2 00
 .text.USBD_StdEPReq
                0x080036c0       0xc4 Libraries\STM32_USB_Device_Library\Core\src\usbd_req.o
                0x080036c0                USBD_StdEPReq
 .text.USBD_StdItfReq
                0x08003784       0x30 Libraries\STM32_USB_Device_Library\Core\src\usbd_req.o
                0x08003784                USBD_StdItfReq
 .text.USBD_StdDevReq
                0x080037b4      0x254 Libraries\STM32_USB_Device_Library\Core\src\usbd_req.o
                0x080037b4                USBD_StdDevReq
 .text.USBD_GetString
                0x08003a08       0x3c Libraries\STM32_USB_Device_Library\Core\src\usbd_req.o
                0x08003a08                USBD_GetString
 .text.USBD_CtlSendData
                0x08003a44       0x22 Libraries\STM32_USB_Device_Library\Core\src\usbd_ioreq.o
                0x08003a44                USBD_CtlSendData
 .text.USBD_CtlContinueSendData
                0x08003a66       0x12 Libraries\STM32_USB_Device_Library\Core\src\usbd_ioreq.o
                0x08003a66                USBD_CtlContinueSendData
 .text.USBD_CtlPrepareRx
                0x08003a78       0x22 Libraries\STM32_USB_Device_Library\Core\src\usbd_ioreq.o
                0x08003a78                USBD_CtlPrepareRx
 .text.USBD_CtlContinueRx
                0x08003a9a       0x12 Libraries\STM32_USB_Device_Library\Core\src\usbd_ioreq.o
                0x08003a9a                USBD_CtlContinueRx
 .text.USBD_CtlSendStatus
                0x08003aac       0x1e Libraries\STM32_USB_Device_Library\Core\src\usbd_ioreq.o
                0x08003aac                USBD_CtlSendStatus
 .text.USBD_CtlReceiveStatus
                0x08003aca       0x1e Libraries\STM32_USB_Device_Library\Core\src\usbd_ioreq.o
                0x08003aca                USBD_CtlReceiveStatus
 .text.USBD_Resume
                0x08003ae8       0x16 Libraries\STM32_USB_Device_Library\Core\src\usbd_core.o
 .text.USBD_Suspend
                0x08003afe       0x14 Libraries\STM32_USB_Device_Library\Core\src\usbd_core.o
 .text.USBD_SOF
                0x08003b12       0x10 Libraries\STM32_USB_Device_Library\Core\src\usbd_core.o
 .text.USBD_IsoINIncomplete
                0x08003b22        0xe Libraries\STM32_USB_Device_Library\Core\src\usbd_core.o
 .text.USBD_IsoOUTIncomplete
                0x08003b30        0xe Libraries\STM32_USB_Device_Library\Core\src\usbd_core.o
 .text.USBD_Reset
                0x08003b3e       0x2e Libraries\STM32_USB_Device_Library\Core\src\usbd_core.o
 .text.USBD_SetupStage
                0x08003b6c       0x48 Libraries\STM32_USB_Device_Library\Core\src\usbd_core.o
 .text.USBD_DataInStage
                0x08003bb4       0x98 Libraries\STM32_USB_Device_Library\Core\src\usbd_core.o
 .text.USBD_DataOutStage
                0x08003c4c       0x74 Libraries\STM32_USB_Device_Library\Core\src\usbd_core.o
 .text.USBD_Init
                0x08003cc0       0x38 Libraries\STM32_USB_Device_Library\Core\src\usbd_core.o
                0x08003cc0                USBD_Init
 .text.USBD_SetCfg
                0x08003cf8       0x18 Libraries\STM32_USB_Device_Library\Core\src\usbd_core.o
                0x08003cf8                USBD_SetCfg
 .text.USBD_ClrCfg
                0x08003d10        0xe Libraries\STM32_USB_Device_Library\Core\src\usbd_core.o
                0x08003d10                USBD_ClrCfg
 *fill*         0x08003d1e        0x2 00
 .text.usbd_cdc_EP0_RxReady
                0x08003d20       0x30 Libraries\STM32_USB_Device_Library\Class\cdc\src\usbd_cdc_core.o
 .text.USBD_cdc_GetCfgDesc
                0x08003d50        0xc Libraries\STM32_USB_Device_Library\Class\cdc\src\usbd_cdc_core.o
 .text.usbd_cdc_SOF
                0x08003d5c       0x9c Libraries\STM32_USB_Device_Library\Class\cdc\src\usbd_cdc_core.o
 .text.usbd_cdc_DataOut
                0x08003df8       0x38 Libraries\STM32_USB_Device_Library\Class\cdc\src\usbd_cdc_core.o
 .text.usbd_cdc_Setup
                0x08003e30       0xb4 Libraries\STM32_USB_Device_Library\Class\cdc\src\usbd_cdc_core.o
 .text.usbd_cdc_DeInit
                0x08003ee4       0x28 Libraries\STM32_USB_Device_Library\Class\cdc\src\usbd_cdc_core.o
 .text.usbd_cdc_Init
                0x08003f0c       0x64 Libraries\STM32_USB_Device_Library\Class\cdc\src\usbd_cdc_core.o
 .text.usbd_cdc_DataIn
                0x08003f70       0x58 Libraries\STM32_USB_Device_Library\Class\cdc\src\usbd_cdc_core.o
 .text.USART_Init
                0x08003fc8       0xb8 Libraries\STM32F4xx_StdPeriph_Driver\src\stm32f4xx_usart.o
                0x08003fc8                USART_Init
 .text.USART_Cmd
                0x08004080       0x18 Libraries\STM32F4xx_StdPeriph_Driver\src\stm32f4xx_usart.o
                0x08004080                USART_Cmd
 .text.USART_SendData
                0x08004098        0x8 Libraries\STM32F4xx_StdPeriph_Driver\src\stm32f4xx_usart.o
                0x08004098                USART_SendData
 .text.USART_ReceiveData
                0x080040a0        0x8 Libraries\STM32F4xx_StdPeriph_Driver\src\stm32f4xx_usart.o
                0x080040a0                USART_ReceiveData
 .text.USART_ITConfig
                0x080040a8       0x34 Libraries\STM32F4xx_StdPeriph_Driver\src\stm32f4xx_usart.o
                0x080040a8                USART_ITConfig
 .text.USART_GetFlagStatus
                0x080040dc        0xc Libraries\STM32F4xx_StdPeriph_Driver\src\stm32f4xx_usart.o
                0x080040dc                USART_GetFlagStatus
 .text.USART_GetITStatus
                0x080040e8       0x40 Libraries\STM32F4xx_StdPeriph_Driver\src\stm32f4xx_usart.o
                0x080040e8                USART_GetITStatus
 .text.TIM_TimeBaseInit
                0x08004128       0x7c Libraries\STM32F4xx_StdPeriph_Driver\src\stm32f4xx_tim.o
                0x08004128                TIM_TimeBaseInit
 .text.TIM_ARRPreloadConfig
                0x080041a4       0x18 Libraries\STM32F4xx_StdPeriph_Driver\src\stm32f4xx_tim.o
                0x080041a4                TIM_ARRPreloadConfig
 .text.TIM_Cmd  0x080041bc       0x18 Libraries\STM32F4xx_StdPeriph_Driver\src\stm32f4xx_tim.o
                0x080041bc                TIM_Cmd
 .text.TIM_OC1Init
                0x080041d4       0x70 Libraries\STM32F4xx_StdPeriph_Driver\src\stm32f4xx_tim.o
                0x080041d4                TIM_OC1Init
 .text.TIM_OC2Init
                0x08004244       0x88 Libraries\STM32F4xx_StdPeriph_Driver\src\stm32f4xx_tim.o
                0x08004244                TIM_OC2Init
 .text.TIM_OC1PreloadConfig
                0x080042cc       0x10 Libraries\STM32F4xx_StdPeriph_Driver\src\stm32f4xx_tim.o
                0x080042cc                TIM_OC1PreloadConfig
 .text.TIM_OC2PreloadConfig
                0x080042dc       0x14 Libraries\STM32F4xx_StdPeriph_Driver\src\stm32f4xx_tim.o
                0x080042dc                TIM_OC2PreloadConfig
 .text.TIM_ITConfig
                0x080042f0       0x12 Libraries\STM32F4xx_StdPeriph_Driver\src\stm32f4xx_tim.o
                0x080042f0                TIM_ITConfig
 .text.TIM_GetITStatus
                0x08004302       0x16 Libraries\STM32F4xx_StdPeriph_Driver\src\stm32f4xx_tim.o
                0x08004302                TIM_GetITStatus
 .text.TIM_ClearITPendingBit
                0x08004318        0x8 Libraries\STM32F4xx_StdPeriph_Driver\src\stm32f4xx_tim.o
                0x08004318                TIM_ClearITPendingBit
 .text.SYSCFG_EXTILineConfig
                0x08004320       0x34 Libraries\STM32F4xx_StdPeriph_Driver\src\stm32f4xx_syscfg.o
                0x08004320                SYSCFG_EXTILineConfig
 .text.RCC_GetClocksFreq
                0x08004354       0x8c Libraries\STM32F4xx_StdPeriph_Driver\src\stm32f4xx_rcc.o
                0x08004354                RCC_GetClocksFreq
 .text.RCC_AHB1PeriphClockCmd
                0x080043e0       0x18 Libraries\STM32F4xx_StdPeriph_Driver\src\stm32f4xx_rcc.o
                0x080043e0                RCC_AHB1PeriphClockCmd
 .text.RCC_AHB2PeriphClockCmd
                0x080043f8       0x18 Libraries\STM32F4xx_StdPeriph_Driver\src\stm32f4xx_rcc.o
                0x080043f8                RCC_AHB2PeriphClockCmd
 .text.RCC_APB1PeriphClockCmd
                0x08004410       0x18 Libraries\STM32F4xx_StdPeriph_Driver\src\stm32f4xx_rcc.o
                0x08004410                RCC_APB1PeriphClockCmd
 .text.RCC_APB2PeriphClockCmd
                0x08004428       0x18 Libraries\STM32F4xx_StdPeriph_Driver\src\stm32f4xx_rcc.o
                0x08004428                RCC_APB2PeriphClockCmd
 .text.RCC_APB1PeriphResetCmd
                0x08004440       0x18 Libraries\STM32F4xx_StdPeriph_Driver\src\stm32f4xx_rcc.o
                0x08004440                RCC_APB1PeriphResetCmd
 .text.GPIO_Init
                0x08004458       0x86 Libraries\STM32F4xx_StdPeriph_Driver\src\stm32f4xx_gpio.o
                0x08004458                GPIO_Init
 .text.GPIO_ReadInputDataBit
                0x080044de        0xc Libraries\STM32F4xx_StdPeriph_Driver\src\stm32f4xx_gpio.o
                0x080044de                GPIO_ReadInputDataBit
 .text.GPIO_SetBits
                0x080044ea        0x4 Libraries\STM32F4xx_StdPeriph_Driver\src\stm32f4xx_gpio.o
                0x080044ea                GPIO_SetBits
 .text.GPIO_ResetBits
                0x080044ee        0x4 Libraries\STM32F4xx_StdPeriph_Driver\src\stm32f4xx_gpio.o
                0x080044ee                GPIO_ResetBits
 .text.GPIO_WriteBit
                0x080044f2        0xa Libraries\STM32F4xx_StdPeriph_Driver\src\stm32f4xx_gpio.o
                0x080044f2                GPIO_WriteBit
 .text.GPIO_Write
                0x080044fc        0x4 Libraries\STM32F4xx_StdPeriph_Driver\src\stm32f4xx_gpio.o
                0x080044fc                GPIO_Write
 .text.GPIO_ToggleBits
                0x08004500        0x8 Libraries\STM32F4xx_StdPeriph_Driver\src\stm32f4xx_gpio.o
                0x08004500                GPIO_ToggleBits
 .text.GPIO_PinAFConfig
                0x08004508       0x2e Libraries\STM32F4xx_StdPeriph_Driver\src\stm32f4xx_gpio.o
                0x08004508                GPIO_PinAFConfig
 *fill*         0x08004536        0x2 00
 .text.EXTI_Init
                0x08004538       0x78 Libraries\STM32F4xx_StdPeriph_Driver\src\stm32f4xx_exti.o
                0x08004538                EXTI_Init
 .text.EXTI_GetITStatus
                0x080045b0       0x14 Libraries\STM32F4xx_StdPeriph_Driver\src\stm32f4xx_exti.o
                0x080045b0                EXTI_GetITStatus
 .text.EXTI_ClearITPendingBit
                0x080045c4        0xc Libraries\STM32F4xx_StdPeriph_Driver\src\stm32f4xx_exti.o
                0x080045c4                EXTI_ClearITPendingBit
 .text.DMA_Init
                0x080045d0       0x54 Libraries\STM32F4xx_StdPeriph_Driver\src\stm32f4xx_dma.o
                0x080045d0                DMA_Init
 .text.DMA_Cmd  0x08004624       0x12 Libraries\STM32F4xx_StdPeriph_Driver\src\stm32f4xx_dma.o
                0x08004624                DMA_Cmd
 *fill*         0x08004636        0x2 00
 .text.ADC_Init
                0x08004638       0x4c Libraries\STM32F4xx_StdPeriph_Driver\src\stm32f4xx_adc.o
                0x08004638                ADC_Init
 .text.ADC_CommonInit
                0x08004684       0x28 Libraries\STM32F4xx_StdPeriph_Driver\src\stm32f4xx_adc.o
                0x08004684                ADC_CommonInit
 .text.ADC_Cmd  0x080046ac       0x12 Libraries\STM32F4xx_StdPeriph_Driver\src\stm32f4xx_adc.o
                0x080046ac                ADC_Cmd
 .text.ADC_RegularChannelConfig
                0x080046be       0x9c Libraries\STM32F4xx_StdPeriph_Driver\src\stm32f4xx_adc.o
                0x080046be                ADC_RegularChannelConfig
 .text.ADC_SoftwareStartConv
                0x0800475a        0xa Libraries\STM32F4xx_StdPeriph_Driver\src\stm32f4xx_adc.o
                0x0800475a                ADC_SoftwareStartConv
 .text.ADC_DMACmd
                0x08004764       0x12 Libraries\STM32F4xx_StdPeriph_Driver\src\stm32f4xx_adc.o
                0x08004764                ADC_DMACmd
 .text.ADC_DMARequestAfterLastTransferCmd
                0x08004776       0x12 Libraries\STM32F4xx_StdPeriph_Driver\src\stm32f4xx_adc.o
                0x08004776                ADC_DMARequestAfterLastTransferCmd
 .text.NVIC_PriorityGroupConfig
                0x08004788       0x14 Libraries\STM32F4xx_StdPeriph_Driver\src\misc.o
                0x08004788                NVIC_PriorityGroupConfig
 .text.NVIC_Init
                0x0800479c       0x6c Libraries\STM32F4xx_StdPeriph_Driver\src\misc.o
                0x0800479c                NVIC_Init
 .text.SysTick_CLKSourceConfig
                0x08004808       0x18 Libraries\STM32F4xx_StdPeriph_Driver\src\misc.o
                0x08004808                SysTick_CLKSourceConfig
 .text.arm_cos_f32
                0x08004820       0xdc C:\Users\Antonio\Atollic\TrueSTUDIO\ARM_workspace\ADC_MIC_30_04\libarm_cortexM4lf_math.a(arm_cos_f32.o)
                0x08004820                arm_cos_f32
 .text.__libc_init_array
                0x080048fc       0x4c c:/program files (x86)/atollic/truestudio for arm lite 4.3.1/armtools/bin/../lib/gcc/arm-atollic-eabi/4.7.3/../../../../arm-atollic-eabi/lib/armv7e-m/fpu\libc.a(lib_a-init.o)
                0x080048fc                __libc_init_array
 .text.memcpy   0x08004948       0x12 c:/program files (x86)/atollic/truestudio for arm lite 4.3.1/armtools/bin/../lib/gcc/arm-atollic-eabi/4.7.3/../../../../arm-atollic-eabi/lib/armv7e-m/fpu\libc.a(lib_a-memcpy.o)
                0x08004948                memcpy
 .text.memset   0x0800495a       0x10 c:/program files (x86)/atollic/truestudio for arm lite 4.3.1/armtools/bin/../lib/gcc/arm-atollic-eabi/4.7.3/../../../../arm-atollic-eabi/lib/armv7e-m/fpu\libc.a(lib_a-memset.o)
                0x0800495a                memset
 *(.glue_7)
 .glue_7        0x00000000        0x0 linker stubs
 *(.glue_7t)
 .glue_7t       0x00000000        0x0 linker stubs
 *(.eh_frame)
 *fill*         0x0800496a        0x2 00
 .eh_frame      0x0800496c        0x0 c:/program files (x86)/atollic/truestudio for arm lite 4.3.1/armtools/bin/../lib/gcc/arm-atollic-eabi/4.7.3/armv7e-m/fpu/crtbegin.o
 *(.init)
 .init          0x0800496c        0x4 c:/program files (x86)/atollic/truestudio for arm lite 4.3.1/armtools/bin/../lib/gcc/arm-atollic-eabi/4.7.3/armv7e-m/fpu/crti.o
                0x0800496c                _init
 .init          0x08004970        0x8 c:/program files (x86)/atollic/truestudio for arm lite 4.3.1/armtools/bin/../lib/gcc/arm-atollic-eabi/4.7.3/armv7e-m/fpu/crtn.o
 *(.fini)
 .fini          0x08004978        0x4 c:/program files (x86)/atollic/truestudio for arm lite 4.3.1/armtools/bin/../lib/gcc/arm-atollic-eabi/4.7.3/armv7e-m/fpu/crti.o
                0x08004978                _fini
 .fini          0x0800497c        0x8 c:/program files (x86)/atollic/truestudio for arm lite 4.3.1/armtools/bin/../lib/gcc/arm-atollic-eabi/4.7.3/armv7e-m/fpu/crtn.o
                0x08004984                . = ALIGN (0x4)
                0x08004984                _etext = .

.vfp11_veneer   0x08004984        0x0
 .vfp11_veneer  0x00000000        0x0 linker stubs

.v4_bx          0x08004984        0x0
 .v4_bx         0x00000000        0x0 linker stubs

.iplt           0x08004984        0x0
 .iplt          0x00000000        0x0 c:/program files (x86)/atollic/truestudio for arm lite 4.3.1/armtools/bin/../lib/gcc/arm-atollic-eabi/4.7.3/armv7e-m/fpu/crtbegin.o

.rodata         0x08004984      0x5dc
                0x08004984                . = ALIGN (0x4)
 *(.rodata)
 .rodata        0x08004984       0x38 src\HD44780\hd44780.o
 .rodata        0x080049bc       0x6c src\ADC\Goertzel.o
 .rodata        0x08004a28      0x410 C:\Users\Antonio\Atollic\TrueSTUDIO\ARM_workspace\ADC_MIC_30_04\libarm_cortexM4lf_math.a(arm_cos_f32.o)
 *(.rodata*)
 .rodata.str1.1
                0x08004e38       0x88 src\usbd_desc.o
 .rodata.str1.1
                0x08004ec0       0x6c src\main.o
                                 0x79 (size before relaxing)
 .rodata.LONG_TIME_IN_MS
                0x08004f2c        0x4 src\GPIO\gpio.o
                0x08004f2c                LONG_TIME_IN_MS
 .rodata.str1.1
                0x08004f30       0x2a src\ADC\Goertzel.o
 .rodata.CSWTCH.22
                0x08004f5a        0x3 Libraries\STM32_USB_OTG_Driver\src\usb_core.o
                0x08004f60                . = ALIGN (0x4)
 *fill*         0x08004f5d        0x3 00

.ARM.extab
 *(.ARM.extab* .gnu.linkonce.armextab.*)

.ARM            0x08004f60        0x8
                0x08004f60                __exidx_start = .
 *(.ARM.exidx*)
 .ARM.exidx     0x08004f60        0x8 c:/program files (x86)/atollic/truestudio for arm lite 4.3.1/armtools/bin/../lib/gcc/arm-atollic-eabi/4.7.3/armv7e-m/fpu\libgcc.a(_divdi3.o)
 .ARM.exidx     0x08004f68        0x0 c:/program files (x86)/atollic/truestudio for arm lite 4.3.1/armtools/bin/../lib/gcc/arm-atollic-eabi/4.7.3/armv7e-m/fpu\libgcc.a(_udivdi3.o)
                                  0x8 (size before relaxing)
                0x08004f68                __exidx_end = .

.rel.dyn        0x08004f68        0x0
 .rel.iplt      0x00000000        0x0 c:/program files (x86)/atollic/truestudio for arm lite 4.3.1/armtools/bin/../lib/gcc/arm-atollic-eabi/4.7.3/armv7e-m/fpu/crtbegin.o

.preinit_array  0x08004f68        0x0
                0x08004f68                PROVIDE (__preinit_array_start, .)
 *(.preinit_array*)
                0x08004f68                PROVIDE (__preinit_array_end, .)

.init_array     0x08004f68        0x4
                0x08004f68                PROVIDE (__init_array_start, .)
 *(SORT(.init_array.*))
 *(.init_array*)
 .init_array    0x08004f68        0x4 c:/program files (x86)/atollic/truestudio for arm lite 4.3.1/armtools/bin/../lib/gcc/arm-atollic-eabi/4.7.3/armv7e-m/fpu/crtbegin.o
                0x08004f6c                PROVIDE (__init_array_end, .)

.fini_array     0x08004f6c        0x4
                0x08004f6c                PROVIDE (__fini_array_start, .)
 *(SORT(.fini_array.*))
 *(.fini_array*)
 .fini_array    0x08004f6c        0x4 c:/program files (x86)/atollic/truestudio for arm lite 4.3.1/armtools/bin/../lib/gcc/arm-atollic-eabi/4.7.3/armv7e-m/fpu/crtbegin.o
                0x08004f70                PROVIDE (__fini_array_end, .)
                0x08004f70                _sidata = LOADADDR (.data)

.data           0x20000000      0x130 load address 0x08004f70
                0x20000000                . = ALIGN (0x4)
                0x20000000                _sdata = .
 *(.data)
 *(.data*)
 .data.USR_cb   0x20000000       0x1c src\usbd_usr.o
                0x20000000                USR_cb
 .data.USR_desc
                0x2000001c       0x1c src\usbd_desc.o
                0x2000001c                USR_desc
 .data.USBD_LangIDDesc
                0x20000038        0x4 src\usbd_desc.o
                0x20000038                USBD_LangIDDesc
 .data.USBD_DeviceDesc
                0x2000003c       0x12 src\usbd_desc.o
                0x2000003c                USBD_DeviceDesc
 *fill*         0x2000004e        0x2 00
 .data.VCP_fops
                0x20000050       0x14 src\usbd_cdc_vcp.o
                0x20000050                VCP_fops
 .data.g_lc     0x20000064        0x8 src\usbd_cdc_vcp.o
                0x20000064                g_lc
 .data.SystemCoreClock
                0x2000006c        0x4 src\system_stm32f4xx.o
                0x2000006c                SystemCoreClock
 .data.ServoDirection
                0x20000070        0x1 src\main.o
                0x20000070                ServoDirection
 *fill*         0x20000071        0x3 00
 .data.pBuffer_done
                0x20000074        0x4 src\ADC\adc.o
                0x20000074                pBuffer_done
 .data.pBuffer_temp
                0x20000078        0x4 src\ADC\adc.o
                0x20000078                pBuffer_temp
 .data.USBD_DCD_INT_fops
                0x2000007c        0x4 Libraries\STM32_USB_Device_Library\Core\src\usbd_core.o
                0x2000007c                USBD_DCD_INT_fops
 .data.USBD_DCD_INT_cb
                0x20000080       0x2c Libraries\STM32_USB_Device_Library\Core\src\usbd_core.o
                0x20000080                USBD_DCD_INT_cb
 .data.USBD_CDC_cb
                0x200000ac       0x2c Libraries\STM32_USB_Device_Library\Class\cdc\src\usbd_cdc_core.o
                0x200000ac                USBD_CDC_cb
 .data.cdcCmd   0x200000d8        0x4 Libraries\STM32_USB_Device_Library\Class\cdc\src\usbd_cdc_core.o
 .data.usbd_cdc_CfgDesc
                0x200000dc       0x43 Libraries\STM32_USB_Device_Library\Class\cdc\src\usbd_cdc_core.o
                0x200000dc                usbd_cdc_CfgDesc
 .data.APBAHBPrescTable
                0x2000011f       0x10 Libraries\STM32F4xx_StdPeriph_Driver\src\stm32f4xx_rcc.o
                0x20000130                . = ALIGN (0x4)
 *fill*         0x2000012f        0x1 00
                0x20000130                _edata = .
                0x080050a0                _siccmram = LOADADDR (.ccmram)

.jcr            0x20000130        0x0 load address 0x080050a0
 .jcr           0x20000130        0x0 c:/program files (x86)/atollic/truestudio for arm lite 4.3.1/armtools/bin/../lib/gcc/arm-atollic-eabi/4.7.3/armv7e-m/fpu/crtbegin.o

.igot.plt       0x20000130        0x0 load address 0x080050a0
 .igot.plt      0x00000000        0x0 c:/program files (x86)/atollic/truestudio for arm lite 4.3.1/armtools/bin/../lib/gcc/arm-atollic-eabi/4.7.3/armv7e-m/fpu/crtbegin.o

.ccmram         0x10000000        0x0 load address 0x080050a0
                0x10000000                . = ALIGN (0x4)
                0x10000000                _sccmram = .
 *(.ccmram)
 *(.ccmram*)
                0x10000000                . = ALIGN (0x4)
                0x10000000                _eccmram = .
                0x10000000                . = ALIGN (0x4)

.bss            0x20000130     0x2304
                0x20000130                _sbss = .
                0x20000130                __bss_start__ = _sbss
 *(.bss)
 .bss           0x20000130       0x1c c:/program files (x86)/atollic/truestudio for arm lite 4.3.1/armtools/bin/../lib/gcc/arm-atollic-eabi/4.7.3/armv7e-m/fpu/crtbegin.o
 *(.bss*)
 .bss.numberOfStoredValues.8683
                0x2000014c        0x2 src\Timer\timer.o
 .bss.numberOfSummedSamples.8681
                0x2000014e        0x1 src\Timer\timer.o
 *fill*         0x2000014f        0x1 00
 .bss.currentSum.8682
                0x20000150        0x4 src\Timer\timer.o
 .bss.Queue_Tail
                0x20000154        0x2 src\HD44780_task\HD44780.o
 .bss.Queue     0x20000156      0xbb8 src\HD44780_task\HD44780.o
 .bss.Queue_Head
                0x20000d0e        0x2 src\HD44780_task\HD44780.o
 .bss.Lcd_Conf  0x20000d10       0x24 src\HD44780_task\HD44780.o
 .bss.buttonsTime
                0x20000d34        0xc src\GPIO\gpio.o
                0x20000d34                buttonsTime
 .bss.buttons   0x20000d40        0x3 src\GPIO\gpio.o
                0x20000d40                buttons
 *fill*         0x20000d43        0x1 00
 .bss.Buffer1   0x20000d44      0x400 src\ADC\adc.o
                0x20000d44                Buffer1
 .bss.Buffer2   0x20001144      0x400 src\ADC\adc.o
                0x20001144                Buffer2
 .bss.micSamplesReady
                0x20001544        0x4 src\ADC\adc.o
                0x20001544                micSamplesReady
 .bss.DataSendRequest
                0x20001548        0x1 src\ADC\adc.o
                0x20001548                DataSendRequest
 *fill*         0x20001549        0x1 00
 .bss.ADC3ConvertedValue
                0x2000154a        0x2 src\ADC\adc.o
                0x2000154a                ADC3ConvertedValue
 .bss.USBD_cfg_status
                0x2000154c        0x4 Libraries\STM32_USB_Device_Library\Core\src\usbd_req.o
                0x2000154c                USBD_cfg_status
 .bss.cfgidx.8750
                0x20001550        0x1 Libraries\STM32_USB_Device_Library\Core\src\usbd_req.o
 *fill*         0x20001551        0x3 00
 .bss.USBD_ep_status
                0x20001554        0x4 Libraries\STM32_USB_Device_Library\Core\src\usbd_req.o
                0x20001554                USBD_ep_status
 .bss.USBD_default_cfg
                0x20001558        0x4 Libraries\STM32_USB_Device_Library\Core\src\usbd_req.o
                0x20001558                USBD_default_cfg
 .bss.usbd_cdc_AltSet
                0x2000155c        0x4 Libraries\STM32_USB_Device_Library\Class\cdc\src\usbd_cdc_core.o
 .bss.USB_Tx_State
                0x20001560        0x1 Libraries\STM32_USB_Device_Library\Class\cdc\src\usbd_cdc_core.o
                0x20001560                USB_Tx_State
 *fill*         0x20001561        0x3 00
 .bss.cdcLen    0x20001564        0x4 Libraries\STM32_USB_Device_Library\Class\cdc\src\usbd_cdc_core.o
 .bss.APP_Rx_ptr_in
                0x20001568        0x4 Libraries\STM32_USB_Device_Library\Class\cdc\src\usbd_cdc_core.o
                0x20001568                APP_Rx_ptr_in
 .bss.APP_Rx_ptr_out
                0x2000156c        0x4 Libraries\STM32_USB_Device_Library\Class\cdc\src\usbd_cdc_core.o
                0x2000156c                APP_Rx_ptr_out
 .bss.APP_Rx_length
                0x20001570        0x4 Libraries\STM32_USB_Device_Library\Class\cdc\src\usbd_cdc_core.o
                0x20001570                APP_Rx_length
 .bss.FrameCount.8744
                0x20001574        0x4 Libraries\STM32_USB_Device_Library\Class\cdc\src\usbd_cdc_core.o
 *(COMMON)
 COMMON         0x20001578        0x4 src\stm32f4xx_it.o
                0x20001578                delayCnt
 COMMON         0x2000157c      0x5f0 src\USB\usb.o
                0x2000157c                USB_OTG_dev
 COMMON         0x20001b6c        0x8 src\HD44780\hd44780.o
                0x20001b6c                GPIO_InitStructure
 COMMON         0x20001b74       0x32 Libraries\STM32_USB_Device_Library\Core\src\usbd_req.o
                0x20001b74                USBD_StrDesc
 COMMON         0x20001ba6      0x88b Libraries\STM32_USB_Device_Library\Class\cdc\src\usbd_cdc_core.o
                0x20001ba6                usbd_cdc_OtherCfgDesc
                0x20001be9                USB_Rx_Buffer
                0x20001c29                CmdBuff
                0x20001c31                APP_Rx_Buffer
                0x20002434                . = ALIGN (0x4)
 *fill*         0x20002431        0x3 00
                0x20002434                _ebss = .
                0x20002434                __bss_end__ = _ebss

._user_heap_stack
                0x20002434      0x400
                0x20002434                . = ALIGN (0x4)
                0x20002434                PROVIDE (end, .)
                0x20002434                PROVIDE (_end, .)
                0x20002434                . = (. + _Min_Heap_Size)
                0x20002834                . = (. + _Min_Stack_Size)
 *fill*         0x20002434      0x400 00
                0x20002834                . = ALIGN (0x4)

.memory_b1_text
 *(.mb1text)
 *(.mb1text*)
 *(.mb1rodata)
 *(.mb1rodata*)

/DISCARD/
 libc.a(*)
 libm.a(*)
 libgcc.a(*)

.ARM.attributes
                0x00000000       0x32
 *(.ARM.attributes)
 .ARM.attributes
                0x00000000       0x24 c:/program files (x86)/atollic/truestudio for arm lite 4.3.1/armtools/bin/../lib/gcc/arm-atollic-eabi/4.7.3/armv7e-m/fpu/crti.o
 .ARM.attributes
                0x00000024       0x36 c:/program files (x86)/atollic/truestudio for arm lite 4.3.1/armtools/bin/../lib/gcc/arm-atollic-eabi/4.7.3/armv7e-m/fpu/crtbegin.o
 .ARM.attributes
                0x0000005a       0x3b src\usbd_usr.o
 .ARM.attributes
                0x00000095       0x3b src\usbd_desc.o
 .ARM.attributes
                0x000000d0       0x3b src\usbd_cdc_vcp.o
 .ARM.attributes
                0x0000010b       0x3b src\usb_bsp.o
 .ARM.attributes
                0x00000146       0x3b src\usart.o
 .ARM.attributes
                0x00000181       0x3b src\tiny_printf.o
 .ARM.attributes
                0x000001bc       0x3b src\system_stm32f4xx.o
 .ARM.attributes
                0x000001f7       0x3b src\stm32f4xx_it.o
 .ARM.attributes
                0x00000232       0x21 src\startup_stm32f40xx.o
 .ARM.attributes
                0x00000253       0x3b src\main.o
 .ARM.attributes
                0x0000028e       0x3b src\USB\usb.o
 .ARM.attributes
                0x000002c9       0x3b src\Timer\timer.o
 .ARM.attributes
                0x00000304       0x3b src\HD44780_task\HD44780.o
 .ARM.attributes
                0x0000033f       0x3b src\HD44780\hd44780.o
 .ARM.attributes
                0x0000037a       0x3b src\GPIO\gpio.o
 .ARM.attributes
                0x000003b5       0x3b src\EXTI\exti.o
 .ARM.attributes
                0x000003f0       0x3b src\Delay\delay.o
 .ARM.attributes
                0x0000042b       0x3b src\ADC\adc.o
 .ARM.attributes
                0x00000466       0x3b src\ADC\Goertzel.o
 .ARM.attributes
                0x000004a1       0x3b Libraries\STM32_USB_OTG_Driver\src\usb_dcd_int.o
 .ARM.attributes
                0x000004dc       0x3b Libraries\STM32_USB_OTG_Driver\src\usb_dcd.o
 .ARM.attributes
                0x00000517       0x3b Libraries\STM32_USB_OTG_Driver\src\usb_core.o
 .ARM.attributes
                0x00000552       0x3b Libraries\STM32_USB_Device_Library\Core\src\usbd_req.o
 .ARM.attributes
                0x0000058d       0x3b Libraries\STM32_USB_Device_Library\Core\src\usbd_ioreq.o
 .ARM.attributes
                0x000005c8       0x3b Libraries\STM32_USB_Device_Library\Core\src\usbd_core.o
 .ARM.attributes
                0x00000603       0x3b Libraries\STM32_USB_Device_Library\Class\cdc\src\usbd_cdc_core.o
 .ARM.attributes
                0x0000063e       0x3b Libraries\STM32F4xx_StdPeriph_Driver\src\stm32f4xx_usart.o
 .ARM.attributes
                0x00000679       0x3b Libraries\STM32F4xx_StdPeriph_Driver\src\stm32f4xx_tim.o
 .ARM.attributes
                0x000006b4       0x3b Libraries\STM32F4xx_StdPeriph_Driver\src\stm32f4xx_syscfg.o
 .ARM.attributes
                0x000006ef       0x3b Libraries\STM32F4xx_StdPeriph_Driver\src\stm32f4xx_rcc.o
 .ARM.attributes
                0x0000072a       0x3b Libraries\STM32F4xx_StdPeriph_Driver\src\stm32f4xx_gpio.o
 .ARM.attributes
                0x00000765       0x3b Libraries\STM32F4xx_StdPeriph_Driver\src\stm32f4xx_exti.o
 .ARM.attributes
                0x000007a0       0x3b Libraries\STM32F4xx_StdPeriph_Driver\src\stm32f4xx_dma.o
 .ARM.attributes
                0x000007db       0x3b Libraries\STM32F4xx_StdPeriph_Driver\src\stm32f4xx_adc.o
 .ARM.attributes
                0x00000816       0x3b Libraries\STM32F4xx_StdPeriph_Driver\src\misc.o
 .ARM.attributes
                0x00000851       0x3b C:\Users\Antonio\Atollic\TrueSTUDIO\ARM_workspace\ADC_MIC_30_04\libarm_cortexM4lf_math.a(arm_cos_f32.o)
 .ARM.attributes
                0x0000088c       0x36 c:/program files (x86)/atollic/truestudio for arm lite 4.3.1/armtools/bin/../lib/gcc/arm-atollic-eabi/4.7.3/../../../../arm-atollic-eabi/lib/armv7e-m/fpu\libc.a(lib_a-init.o)
 .ARM.attributes
                0x000008c2       0x36 c:/program files (x86)/atollic/truestudio for arm lite 4.3.1/armtools/bin/../lib/gcc/arm-atollic-eabi/4.7.3/../../../../arm-atollic-eabi/lib/armv7e-m/fpu\libc.a(lib_a-memcpy.o)
 .ARM.attributes
                0x000008f8       0x36 c:/program files (x86)/atollic/truestudio for arm lite 4.3.1/armtools/bin/../lib/gcc/arm-atollic-eabi/4.7.3/../../../../arm-atollic-eabi/lib/armv7e-m/fpu\libc.a(lib_a-memset.o)
 .ARM.attributes
                0x0000092e       0x24 c:/program files (x86)/atollic/truestudio for arm lite 4.3.1/armtools/bin/../lib/gcc/arm-atollic-eabi/4.7.3/armv7e-m/fpu\libgcc.a(_arm_addsubdf3.o)
 .ARM.attributes
                0x00000952       0x24 c:/program files (x86)/atollic/truestudio for arm lite 4.3.1/armtools/bin/../lib/gcc/arm-atollic-eabi/4.7.3/armv7e-m/fpu\libgcc.a(_arm_muldivdf3.o)
 .ARM.attributes
                0x00000976       0x24 c:/program files (x86)/atollic/truestudio for arm lite 4.3.1/armtools/bin/../lib/gcc/arm-atollic-eabi/4.7.3/armv7e-m/fpu\libgcc.a(_arm_cmpdf2.o)
 .ARM.attributes
                0x0000099a       0x24 c:/program files (x86)/atollic/truestudio for arm lite 4.3.1/armtools/bin/../lib/gcc/arm-atollic-eabi/4.7.3/armv7e-m/fpu\libgcc.a(_arm_truncdfsf2.o)
 .ARM.attributes
                0x000009be       0x24 c:/program files (x86)/atollic/truestudio for arm lite 4.3.1/armtools/bin/../lib/gcc/arm-atollic-eabi/4.7.3/armv7e-m/fpu\libgcc.a(_aeabi_uldivmod.o)
 .ARM.attributes
                0x000009e2       0x36 c:/program files (x86)/atollic/truestudio for arm lite 4.3.1/armtools/bin/../lib/gcc/arm-atollic-eabi/4.7.3/armv7e-m/fpu\libgcc.a(bpabi.o)
 .ARM.attributes
                0x00000a18       0x24 c:/program files (x86)/atollic/truestudio for arm lite 4.3.1/armtools/bin/../lib/gcc/arm-atollic-eabi/4.7.3/armv7e-m/fpu\libgcc.a(_dvmd_tls.o)
 .ARM.attributes
                0x00000a3c       0x36 c:/program files (x86)/atollic/truestudio for arm lite 4.3.1/armtools/bin/../lib/gcc/arm-atollic-eabi/4.7.3/armv7e-m/fpu\libgcc.a(_divdi3.o)
 .ARM.attributes
                0x00000a72       0x36 c:/program files (x86)/atollic/truestudio for arm lite 4.3.1/armtools/bin/../lib/gcc/arm-atollic-eabi/4.7.3/armv7e-m/fpu\libgcc.a(_udivdi3.o)
 .ARM.attributes
                0x00000aa8       0x24 c:/program files (x86)/atollic/truestudio for arm lite 4.3.1/armtools/bin/../lib/gcc/arm-atollic-eabi/4.7.3/armv7e-m/fpu/crtn.o
OUTPUT(ADC_MIC_30_04.elf elf32-littlearm)

.debug_info     0x00000000    0x1d6e2
 .debug_info    0x00000000      0x1eb src\usbd_usr.o
 .debug_info    0x000001eb      0x50e src\usbd_desc.o
 .debug_info    0x000006f9      0xaa7 src\usbd_cdc_vcp.o
 .debug_info    0x000011a0     0x13bf src\usb_bsp.o
 .debug_info    0x0000255f      0x3b9 src\usart.o
 .debug_info    0x00002918      0xe8e src\tiny_printf.o
 .debug_info    0x000037a6      0x64c src\system_stm32f4xx.o
 .debug_info    0x00003df2     0x11b5 src\stm32f4xx_it.o
 .debug_info    0x00004fa7       0x86 src\startup_stm32f40xx.o
 .debug_info    0x0000502d      0xc4e src\main.o
 .debug_info    0x00005c7b      0xf49 src\USB\usb.o
 .debug_info    0x00006bc4      0xcf0 src\Timer\timer.o
 .debug_info    0x000078b4     0x16f8 src\HD44780_task\HD44780.o
 .debug_info    0x00008fac      0xc7e src\HD44780\hd44780.o
 .debug_info    0x00009c2a      0x449 src\GPIO\gpio.o
 .debug_info    0x0000a073      0x4d4 src\EXTI\exti.o
 .debug_info    0x0000a547      0x776 src\Delay\delay.o
 .debug_info    0x0000acbd      0x968 src\ADC\adc.o
 .debug_info    0x0000b625      0x989 src\ADC\Goertzel.o
 .debug_info    0x0000bfae     0x251a Libraries\STM32_USB_OTG_Driver\src\usb_dcd_int.o
 .debug_info    0x0000e4c8     0x14f9 Libraries\STM32_USB_OTG_Driver\src\usb_dcd.o
 .debug_info    0x0000f9c1     0x2a20 Libraries\STM32_USB_OTG_Driver\src\usb_core.o
 .debug_info    0x000123e1     0x1465 Libraries\STM32_USB_Device_Library\Core\src\usbd_req.o
 .debug_info    0x00013846      0xf1e Libraries\STM32_USB_Device_Library\Core\src\usbd_ioreq.o
 .debug_info    0x00014764     0x13eb Libraries\STM32_USB_Device_Library\Core\src\usbd_core.o
 .debug_info    0x00015b4f     0x1347 Libraries\STM32_USB_Device_Library\Class\cdc\src\usbd_cdc_core.o
 .debug_info    0x00016e96      0xbb1 Libraries\STM32F4xx_StdPeriph_Driver\src\stm32f4xx_usart.o
 .debug_info    0x00017a47     0x2276 Libraries\STM32F4xx_StdPeriph_Driver\src\stm32f4xx_tim.o
 .debug_info    0x00019cbd      0x2ed Libraries\STM32F4xx_StdPeriph_Driver\src\stm32f4xx_syscfg.o
 .debug_info    0x00019faa      0xf4b Libraries\STM32F4xx_StdPeriph_Driver\src\stm32f4xx_rcc.o
 .debug_info    0x0001aef5      0x782 Libraries\STM32F4xx_StdPeriph_Driver\src\stm32f4xx_gpio.o
 .debug_info    0x0001b677      0x365 Libraries\STM32F4xx_StdPeriph_Driver\src\stm32f4xx_exti.o
 .debug_info    0x0001b9dc      0x7b3 Libraries\STM32F4xx_StdPeriph_Driver\src\stm32f4xx_dma.o
 .debug_info    0x0001c18f      0xd67 Libraries\STM32F4xx_StdPeriph_Driver\src\stm32f4xx_adc.o
 .debug_info    0x0001cef6      0x597 Libraries\STM32F4xx_StdPeriph_Driver\src\misc.o
 .debug_info    0x0001d48d      0x255 C:\Users\Antonio\Atollic\TrueSTUDIO\ARM_workspace\ADC_MIC_30_04\libarm_cortexM4lf_math.a(arm_cos_f32.o)

.debug_abbrev   0x00000000     0x4c83
 .debug_abbrev  0x00000000       0xe1 src\usbd_usr.o
 .debug_abbrev  0x000000e1      0x1dd src\usbd_desc.o
 .debug_abbrev  0x000002be      0x2bd src\usbd_cdc_vcp.o
 .debug_abbrev  0x0000057b      0x278 src\usb_bsp.o
 .debug_abbrev  0x000007f3      0x18c src\usart.o
 .debug_abbrev  0x0000097f      0x2e2 src\tiny_printf.o
 .debug_abbrev  0x00000c61      0x163 src\system_stm32f4xx.o
 .debug_abbrev  0x00000dc4      0x29d src\stm32f4xx_it.o
 .debug_abbrev  0x00001061       0x12 src\startup_stm32f40xx.o
 .debug_abbrev  0x00001073      0x21c src\main.o
 .debug_abbrev  0x0000128f      0x1db src\USB\usb.o
 .debug_abbrev  0x0000146a      0x1f5 src\Timer\timer.o
 .debug_abbrev  0x0000165f      0x3a6 src\HD44780_task\HD44780.o
 .debug_abbrev  0x00001a05      0x22e src\HD44780\hd44780.o
 .debug_abbrev  0x00001c33      0x185 src\GPIO\gpio.o
 .debug_abbrev  0x00001db8      0x12b src\EXTI\exti.o
 .debug_abbrev  0x00001ee3      0x1db src\Delay\delay.o
 .debug_abbrev  0x000020be      0x18b src\ADC\adc.o
 .debug_abbrev  0x00002249      0x262 src\ADC\Goertzel.o
 .debug_abbrev  0x000024ab      0x2df Libraries\STM32_USB_OTG_Driver\src\usb_dcd_int.o
 .debug_abbrev  0x0000278a      0x2ea Libraries\STM32_USB_OTG_Driver\src\usb_dcd.o
 .debug_abbrev  0x00002a74      0x41a Libraries\STM32_USB_OTG_Driver\src\usb_core.o
 .debug_abbrev  0x00002e8e      0x381 Libraries\STM32_USB_Device_Library\Core\src\usbd_req.o
 .debug_abbrev  0x0000320f      0x1d0 Libraries\STM32_USB_Device_Library\Core\src\usbd_ioreq.o
 .debug_abbrev  0x000033df      0x33a Libraries\STM32_USB_Device_Library\Core\src\usbd_core.o
 .debug_abbrev  0x00003719      0x320 Libraries\STM32_USB_Device_Library\Class\cdc\src\usbd_cdc_core.o
 .debug_abbrev  0x00003a39      0x225 Libraries\STM32F4xx_StdPeriph_Driver\src\stm32f4xx_usart.o
 .debug_abbrev  0x00003c5e      0x2cb Libraries\STM32F4xx_StdPeriph_Driver\src\stm32f4xx_tim.o
 .debug_abbrev  0x00003f29      0x185 Libraries\STM32F4xx_StdPeriph_Driver\src\stm32f4xx_syscfg.o
 .debug_abbrev  0x000040ae      0x20b Libraries\STM32F4xx_StdPeriph_Driver\src\stm32f4xx_rcc.o
 .debug_abbrev  0x000042b9      0x21e Libraries\STM32F4xx_StdPeriph_Driver\src\stm32f4xx_gpio.o
 .debug_abbrev  0x000044d7      0x1e1 Libraries\STM32F4xx_StdPeriph_Driver\src\stm32f4xx_exti.o
 .debug_abbrev  0x000046b8      0x1ad Libraries\STM32F4xx_StdPeriph_Driver\src\stm32f4xx_dma.o
 .debug_abbrev  0x00004865      0x215 Libraries\STM32F4xx_StdPeriph_Driver\src\stm32f4xx_adc.o
 .debug_abbrev  0x00004a7a      0x13a Libraries\STM32F4xx_StdPeriph_Driver\src\misc.o
 .debug_abbrev  0x00004bb4       0xcf C:\Users\Antonio\Atollic\TrueSTUDIO\ARM_workspace\ADC_MIC_30_04\libarm_cortexM4lf_math.a(arm_cos_f32.o)

.debug_aranges  0x00000000     0x1148
 .debug_aranges
                0x00000000       0x50 src\usbd_usr.o
 .debug_aranges
                0x00000050       0x50 src\usbd_desc.o
 .debug_aranges
                0x000000a0       0x40 src\usbd_cdc_vcp.o
 .debug_aranges
                0x000000e0       0x48 src\usb_bsp.o
 .debug_aranges
                0x00000128       0x28 src\usart.o
 .debug_aranges
                0x00000150       0x60 src\tiny_printf.o
 .debug_aranges
                0x000001b0       0x28 src\system_stm32f4xx.o
 .debug_aranges
                0x000001d8       0x80 src\stm32f4xx_it.o
 .debug_aranges
                0x00000258       0x28 src\startup_stm32f40xx.o
 .debug_aranges
                0x00000280       0x20 src\main.o
 .debug_aranges
                0x000002a0       0x20 src\USB\usb.o
 .debug_aranges
                0x000002c0       0x38 src\Timer\timer.o
 .debug_aranges
                0x000002f8       0x90 src\HD44780_task\HD44780.o
 .debug_aranges
                0x00000388       0x90 src\HD44780\hd44780.o
 .debug_aranges
                0x00000418       0x30 src\GPIO\gpio.o
 .debug_aranges
                0x00000448       0x20 src\EXTI\exti.o
 .debug_aranges
                0x00000468       0x30 src\Delay\delay.o
 .debug_aranges
                0x00000498       0x28 src\ADC\adc.o
 .debug_aranges
                0x000004c0       0x20 src\ADC\Goertzel.o
 .debug_aranges
                0x000004e0       0x20 Libraries\STM32_USB_OTG_Driver\src\usb_dcd_int.o
 .debug_aranges
                0x00000500       0x80 Libraries\STM32_USB_OTG_Driver\src\usb_dcd.o
 .debug_aranges
                0x00000580      0x130 Libraries\STM32_USB_OTG_Driver\src\usb_core.o
 .debug_aranges
                0x000006b0       0x48 Libraries\STM32_USB_Device_Library\Core\src\usbd_req.o
 .debug_aranges
                0x000006f8       0x50 Libraries\STM32_USB_Device_Library\Core\src\usbd_ioreq.o
 .debug_aranges
                0x00000748       0x80 Libraries\STM32_USB_Device_Library\Core\src\usbd_core.o
 .debug_aranges
                0x000007c8       0x58 Libraries\STM32_USB_Device_Library\Class\cdc\src\usbd_cdc_core.o
 .debug_aranges
                0x00000820      0x100 Libraries\STM32F4xx_StdPeriph_Driver\src\stm32f4xx_usart.o
 .debug_aranges
                0x00000920      0x2e8 Libraries\STM32F4xx_StdPeriph_Driver\src\stm32f4xx_tim.o
 .debug_aranges
                0x00000c08       0x50 Libraries\STM32F4xx_StdPeriph_Driver\src\stm32f4xx_syscfg.o
 .debug_aranges
                0x00000c58      0x1b8 Libraries\STM32F4xx_StdPeriph_Driver\src\stm32f4xx_rcc.o
 .debug_aranges
                0x00000e10       0x88 Libraries\STM32F4xx_StdPeriph_Driver\src\stm32f4xx_gpio.o
 .debug_aranges
                0x00000e98       0x58 Libraries\STM32F4xx_StdPeriph_Driver\src\stm32f4xx_exti.o
 .debug_aranges
                0x00000ef0       0xb0 Libraries\STM32F4xx_StdPeriph_Driver\src\stm32f4xx_dma.o
 .debug_aranges
                0x00000fa0      0x148 Libraries\STM32F4xx_StdPeriph_Driver\src\stm32f4xx_adc.o
 .debug_aranges
                0x000010e8       0x40 Libraries\STM32F4xx_StdPeriph_Driver\src\misc.o
 .debug_aranges
                0x00001128       0x20 C:\Users\Antonio\Atollic\TrueSTUDIO\ARM_workspace\ADC_MIC_30_04\libarm_cortexM4lf_math.a(arm_cos_f32.o)

.debug_ranges   0x00000000     0x10c8
 .debug_ranges  0x00000000       0x40 src\usbd_usr.o
 .debug_ranges  0x00000040       0xa0 src\usbd_desc.o
 .debug_ranges  0x000000e0       0x48 src\usbd_cdc_vcp.o
 .debug_ranges  0x00000128       0x38 src\usb_bsp.o
 .debug_ranges  0x00000160       0x18 src\usart.o
 .debug_ranges  0x00000178       0x98 src\tiny_printf.o
 .debug_ranges  0x00000210       0x18 src\system_stm32f4xx.o
 .debug_ranges  0x00000228       0x70 src\stm32f4xx_it.o
 .debug_ranges  0x00000298       0x20 src\startup_stm32f40xx.o
 .debug_ranges  0x000002b8       0x10 src\main.o
 .debug_ranges  0x000002c8       0x10 src\USB\usb.o
 .debug_ranges  0x000002d8       0x28 src\Timer\timer.o
 .debug_ranges  0x00000300       0xb0 src\HD44780_task\HD44780.o
 .debug_ranges  0x000003b0       0x80 src\HD44780\hd44780.o
 .debug_ranges  0x00000430       0x20 src\GPIO\gpio.o
 .debug_ranges  0x00000450       0x10 src\EXTI\exti.o
 .debug_ranges  0x00000460       0x50 src\Delay\delay.o
 .debug_ranges  0x000004b0       0x18 src\ADC\adc.o
 .debug_ranges  0x000004c8       0x40 src\ADC\Goertzel.o
 .debug_ranges  0x00000508       0x10 Libraries\STM32_USB_OTG_Driver\src\usb_dcd_int.o
 .debug_ranges  0x00000518       0x70 Libraries\STM32_USB_OTG_Driver\src\usb_dcd.o
 .debug_ranges  0x00000588      0x138 Libraries\STM32_USB_OTG_Driver\src\usb_core.o
 .debug_ranges  0x000006c0       0x58 Libraries\STM32_USB_Device_Library\Core\src\usbd_req.o
 .debug_ranges  0x00000718       0x40 Libraries\STM32_USB_Device_Library\Core\src\usbd_ioreq.o
 .debug_ranges  0x00000758       0x70 Libraries\STM32_USB_Device_Library\Core\src\usbd_core.o
 .debug_ranges  0x000007c8       0x48 Libraries\STM32_USB_Device_Library\Class\cdc\src\usbd_cdc_core.o
 .debug_ranges  0x00000810       0xf0 Libraries\STM32F4xx_StdPeriph_Driver\src\stm32f4xx_usart.o
 .debug_ranges  0x00000900      0x308 Libraries\STM32F4xx_StdPeriph_Driver\src\stm32f4xx_tim.o
 .debug_ranges  0x00000c08       0x40 Libraries\STM32F4xx_StdPeriph_Driver\src\stm32f4xx_syscfg.o
 .debug_ranges  0x00000c48      0x1a8 Libraries\STM32F4xx_StdPeriph_Driver\src\stm32f4xx_rcc.o
 .debug_ranges  0x00000df0       0x78 Libraries\STM32F4xx_StdPeriph_Driver\src\stm32f4xx_gpio.o
 .debug_ranges  0x00000e68       0x48 Libraries\STM32F4xx_StdPeriph_Driver\src\stm32f4xx_exti.o
 .debug_ranges  0x00000eb0       0xa0 Libraries\STM32F4xx_StdPeriph_Driver\src\stm32f4xx_dma.o
 .debug_ranges  0x00000f50      0x138 Libraries\STM32F4xx_StdPeriph_Driver\src\stm32f4xx_adc.o
 .debug_ranges  0x00001088       0x30 Libraries\STM32F4xx_StdPeriph_Driver\src\misc.o
 .debug_ranges  0x000010b8       0x10 C:\Users\Antonio\Atollic\TrueSTUDIO\ARM_workspace\ADC_MIC_30_04\libarm_cortexM4lf_math.a(arm_cos_f32.o)

.debug_line     0x00000000     0x6e60
 .debug_line    0x00000000      0x19a src\usbd_usr.o
 .debug_line    0x0000019a      0x203 src\usbd_desc.o
 .debug_line    0x0000039d      0x2e0 src\usbd_cdc_vcp.o
 .debug_line    0x0000067d      0x282 src\usb_bsp.o
 .debug_line    0x000008ff      0x1d0 src\usart.o
 .debug_line    0x00000acf      0x35e src\tiny_printf.o
 .debug_line    0x00000e2d      0x1b1 src\system_stm32f4xx.o
 .debug_line    0x00000fde      0x328 src\stm32f4xx_it.o
 .debug_line    0x00001306       0x78 src\startup_stm32f40xx.o
 .debug_line    0x0000137e      0x2ef src\main.o
 .debug_line    0x0000166d      0x2a0 src\USB\usb.o
 .debug_line    0x0000190d      0x281 src\Timer\timer.o
 .debug_line    0x00001b8e      0x463 src\HD44780_task\HD44780.o
 .debug_line    0x00001ff1      0x361 src\HD44780\hd44780.o
 .debug_line    0x00002352      0x1f0 src\GPIO\gpio.o
 .debug_line    0x00002542      0x1b1 src\EXTI\exti.o
 .debug_line    0x000026f3      0x1df src\Delay\delay.o
 .debug_line    0x000028d2      0x21d src\ADC\adc.o
 .debug_line    0x00002aef      0x2c1 src\ADC\Goertzel.o
 .debug_line    0x00002db0      0x2c9 Libraries\STM32_USB_OTG_Driver\src\usb_dcd_int.o
 .debug_line    0x00003079      0x348 Libraries\STM32_USB_OTG_Driver\src\usb_dcd.o
 .debug_line    0x000033c1      0x6fd Libraries\STM32_USB_OTG_Driver\src\usb_core.o
 .debug_line    0x00003abe      0x2fa Libraries\STM32_USB_Device_Library\Core\src\usbd_req.o
 .debug_line    0x00003db8      0x247 Libraries\STM32_USB_Device_Library\Core\src\usbd_ioreq.o
 .debug_line    0x00003fff      0x33a Libraries\STM32_USB_Device_Library\Core\src\usbd_core.o
 .debug_line    0x00004339      0x309 Libraries\STM32_USB_Device_Library\Class\cdc\src\usbd_cdc_core.o
 .debug_line    0x00004642      0x469 Libraries\STM32F4xx_StdPeriph_Driver\src\stm32f4xx_usart.o
 .debug_line    0x00004aab      0xa77 Libraries\STM32F4xx_StdPeriph_Driver\src\stm32f4xx_tim.o
 .debug_line    0x00005522      0x21f Libraries\STM32F4xx_StdPeriph_Driver\src\stm32f4xx_syscfg.o
 .debug_line    0x00005741      0x5cf Libraries\STM32F4xx_StdPeriph_Driver\src\stm32f4xx_rcc.o
 .debug_line    0x00005d10      0x307 Libraries\STM32F4xx_StdPeriph_Driver\src\stm32f4xx_gpio.o
 .debug_line    0x00006017      0x24c Libraries\STM32F4xx_StdPeriph_Driver\src\stm32f4xx_exti.o
 .debug_line    0x00006263      0x3a1 Libraries\STM32F4xx_StdPeriph_Driver\src\stm32f4xx_dma.o
 .debug_line    0x00006604      0x526 Libraries\STM32F4xx_StdPeriph_Driver\src\stm32f4xx_adc.o
 .debug_line    0x00006b2a      0x1f4 Libraries\STM32F4xx_StdPeriph_Driver\src\misc.o
 .debug_line    0x00006d1e      0x142 C:\Users\Antonio\Atollic\TrueSTUDIO\ARM_workspace\ADC_MIC_30_04\libarm_cortexM4lf_math.a(arm_cos_f32.o)

.debug_str      0x00000000     0x5d7d
 .debug_str     0x00000000      0x1e1 src\usbd_usr.o
                                0x280 (size before relaxing)
 .debug_str     0x000001e1      0x217 src\usbd_desc.o
                                0x35d (size before relaxing)
 .debug_str     0x000003f8      0x7de src\usbd_cdc_vcp.o
                                0x945 (size before relaxing)
 .debug_str     0x00000bd6      0x7d7 src\usb_bsp.o
                               0x113f (size before relaxing)
 .debug_str     0x000013ad       0xb2 src\usart.o
                                0x2d6 (size before relaxing)
 .debug_str     0x0000145f      0x43c src\tiny_printf.o
                                0x5a0 (size before relaxing)
 .debug_str     0x0000189b      0x1d2 src\system_stm32f4xx.o
                                0x381 (size before relaxing)
 .debug_str     0x00001a6d      0x1d9 src\stm32f4xx_it.o
                                0xb90 (size before relaxing)
 .debug_str     0x00001c46      0x25e src\main.o
                                0x551 (size before relaxing)
 .debug_str     0x00001ea4       0x7c src\USB\usb.o
                                0xb29 (size before relaxing)
 .debug_str     0x00001f20      0x2ab src\Timer\timer.o
                                0xb40 (size before relaxing)
 .debug_str     0x000021cb      0x28c src\HD44780_task\HD44780.o
                                0xd87 (size before relaxing)
 .debug_str     0x00002457      0x10e src\HD44780\hd44780.o
                                0x4ea (size before relaxing)
 .debug_str     0x00002565       0x25 src\GPIO\gpio.o
                                0x3b6 (size before relaxing)
 .debug_str     0x0000258a      0x113 src\EXTI\exti.o
                                0x814 (size before relaxing)
 .debug_str     0x0000269d       0xb4 src\Delay\delay.o
                                0x7ca (size before relaxing)
 .debug_str     0x00002751      0x2f1 src\ADC\adc.o
                                0x6e2 (size before relaxing)
 .debug_str     0x00002a42      0x161 src\ADC\Goertzel.o
                                0x426 (size before relaxing)
 .debug_str     0x00002ba3      0x8d8 Libraries\STM32_USB_OTG_Driver\src\usb_dcd_int.o
                               0x137b (size before relaxing)
 .debug_str     0x0000347b      0x243 Libraries\STM32_USB_OTG_Driver\src\usb_dcd.o
                                0xc86 (size before relaxing)
 .debug_str     0x000036be      0x440 Libraries\STM32_USB_OTG_Driver\src\usb_core.o
                               0x168c (size before relaxing)
 .debug_str     0x00003afe      0x1a1 Libraries\STM32_USB_Device_Library\Core\src\usbd_req.o
                                0xb5f (size before relaxing)
 .debug_str     0x00003c9f       0xa0 Libraries\STM32_USB_Device_Library\Core\src\usbd_ioreq.o
                                0x9ce (size before relaxing)
 .debug_str     0x00003d3f       0xe2 Libraries\STM32_USB_Device_Library\Core\src\usbd_core.o
                                0xb9b (size before relaxing)
 .debug_str     0x00003e21      0x191 Libraries\STM32_USB_Device_Library\Class\cdc\src\usbd_cdc_core.o
                                0xb73 (size before relaxing)
 .debug_str     0x00003fb2      0x3ce Libraries\STM32F4xx_StdPeriph_Driver\src\stm32f4xx_usart.o
                                0x6ab (size before relaxing)
 .debug_str     0x00004380      0x91f Libraries\STM32F4xx_StdPeriph_Driver\src\stm32f4xx_tim.o
                                0xdda (size before relaxing)
 .debug_str     0x00004c9f      0x15a Libraries\STM32F4xx_StdPeriph_Driver\src\stm32f4xx_syscfg.o
                                0x30c (size before relaxing)
 .debug_str     0x00004df9      0x5a0 Libraries\STM32F4xx_StdPeriph_Driver\src\stm32f4xx_rcc.o
                                0x971 (size before relaxing)
 .debug_str     0x00005399       0xe9 Libraries\STM32F4xx_StdPeriph_Driver\src\stm32f4xx_gpio.o
                                0x4a3 (size before relaxing)
 .debug_str     0x00005482       0xc1 Libraries\STM32F4xx_StdPeriph_Driver\src\stm32f4xx_exti.o
                                0x33d (size before relaxing)
 .debug_str     0x00005543      0x250 Libraries\STM32F4xx_StdPeriph_Driver\src\stm32f4xx_dma.o
                                0x528 (size before relaxing)
 .debug_str     0x00005793      0x460 Libraries\STM32F4xx_StdPeriph_Driver\src\stm32f4xx_adc.o
                                0x7f7 (size before relaxing)
 .debug_str     0x00005bf3       0xc4 Libraries\STM32F4xx_StdPeriph_Driver\src\misc.o
                                0x3b5 (size before relaxing)
 .debug_str     0x00005cb7       0xc6 C:\Users\Antonio\Atollic\TrueSTUDIO\ARM_workspace\ADC_MIC_30_04\libarm_cortexM4lf_math.a(arm_cos_f32.o)
                                0x1f0 (size before relaxing)

.comment        0x00000000       0xf3
 .comment       0x00000000       0x83 src\usbd_usr.o
                                 0x84 (size before relaxing)
 .comment       0x00000000       0x84 src\usbd_desc.o
 .comment       0x00000000       0x84 src\usbd_cdc_vcp.o
 .comment       0x00000000       0x84 src\usb_bsp.o
 .comment       0x00000000       0x84 src\usart.o
 .comment       0x00000000       0x84 src\tiny_printf.o
 .comment       0x00000000       0x84 src\system_stm32f4xx.o
 .comment       0x00000000       0x84 src\stm32f4xx_it.o
 .comment       0x00000000       0x84 src\main.o
 .comment       0x00000000       0x84 src\USB\usb.o
 .comment       0x00000000       0x84 src\Timer\timer.o
 .comment       0x00000000       0x84 src\HD44780_task\HD44780.o
 .comment       0x00000000       0x84 src\HD44780\hd44780.o
 .comment       0x00000000       0x84 src\GPIO\gpio.o
 .comment       0x00000000       0x84 src\EXTI\exti.o
 .comment       0x00000000       0x84 src\Delay\delay.o
 .comment       0x00000000       0x84 src\ADC\adc.o
 .comment       0x00000000       0x84 src\ADC\Goertzel.o
 .comment       0x00000000       0x84 Libraries\STM32_USB_OTG_Driver\src\usb_dcd_int.o
 .comment       0x00000000       0x84 Libraries\STM32_USB_OTG_Driver\src\usb_dcd.o
 .comment       0x00000000       0x84 Libraries\STM32_USB_OTG_Driver\src\usb_core.o
 .comment       0x00000000       0x84 Libraries\STM32_USB_Device_Library\Core\src\usbd_req.o
 .comment       0x00000000       0x84 Libraries\STM32_USB_Device_Library\Core\src\usbd_ioreq.o
 .comment       0x00000000       0x84 Libraries\STM32_USB_Device_Library\Core\src\usbd_core.o
 .comment       0x00000000       0x84 Libraries\STM32_USB_Device_Library\Class\cdc\src\usbd_cdc_core.o
 .comment       0x00000000       0x84 Libraries\STM32F4xx_StdPeriph_Driver\src\stm32f4xx_usart.o
 .comment       0x00000000       0x84 Libraries\STM32F4xx_StdPeriph_Driver\src\stm32f4xx_tim.o
 .comment       0x00000000       0x84 Libraries\STM32F4xx_StdPeriph_Driver\src\stm32f4xx_syscfg.o
 .comment       0x00000000       0x84 Libraries\STM32F4xx_StdPeriph_Driver\src\stm32f4xx_rcc.o
 .comment       0x00000000       0x84 Libraries\STM32F4xx_StdPeriph_Driver\src\stm32f4xx_gpio.o
 .comment       0x00000000       0x84 Libraries\STM32F4xx_StdPeriph_Driver\src\stm32f4xx_exti.o
 .comment       0x00000000       0x84 Libraries\STM32F4xx_StdPeriph_Driver\src\stm32f4xx_dma.o
 .comment       0x00000000       0x84 Libraries\STM32F4xx_StdPeriph_Driver\src\stm32f4xx_adc.o
 .comment       0x00000000       0x84 Libraries\STM32F4xx_StdPeriph_Driver\src\misc.o
 .comment       0x00000083       0x70 C:\Users\Antonio\Atollic\TrueSTUDIO\ARM_workspace\ADC_MIC_30_04\libarm_cortexM4lf_math.a(arm_cos_f32.o)
                                 0x71 (size before relaxing)

.debug_frame    0x00000000     0x264c
 .debug_frame   0x00000000       0x80 src\usbd_usr.o
 .debug_frame   0x00000080       0xa8 src\usbd_desc.o
 .debug_frame   0x00000128       0x94 src\usbd_cdc_vcp.o
 .debug_frame   0x000001bc       0x8c src\usb_bsp.o
 .debug_frame   0x00000248       0x40 src\usart.o
 .debug_frame   0x00000288      0x138 src\tiny_printf.o
 .debug_frame   0x000003c0       0x34 src\system_stm32f4xx.o
 .debug_frame   0x000003f4      0x100 src\stm32f4xx_it.o
 .debug_frame   0x000004f4       0x38 src\main.o
 .debug_frame   0x0000052c       0x34 src\USB\usb.o
 .debug_frame   0x00000560       0x8c src\Timer\timer.o
 .debug_frame   0x000005ec      0x1a8 src\HD44780_task\HD44780.o
 .debug_frame   0x00000794      0x17c src\HD44780\hd44780.o
 .debug_frame   0x00000910       0x5c src\GPIO\gpio.o
 .debug_frame   0x0000096c       0x30 src\EXTI\exti.o
 .debug_frame   0x0000099c       0x48 src\Delay\delay.o
 .debug_frame   0x000009e4       0x40 src\ADC\adc.o
 .debug_frame   0x00000a24       0x3c src\ADC\Goertzel.o
 .debug_frame   0x00000a60       0x3c Libraries\STM32_USB_OTG_Driver\src\usb_dcd_int.o
 .debug_frame   0x00000a9c      0x130 Libraries\STM32_USB_OTG_Driver\src\usb_dcd.o
 .debug_frame   0x00000bcc      0x308 Libraries\STM32_USB_OTG_Driver\src\usb_core.o
 .debug_frame   0x00000ed4       0xac Libraries\STM32_USB_Device_Library\Core\src\usbd_req.o
 .debug_frame   0x00000f80       0xb8 Libraries\STM32_USB_Device_Library\Core\src\usbd_ioreq.o
 .debug_frame   0x00001038      0x150 Libraries\STM32_USB_Device_Library\Core\src\usbd_core.o
 .debug_frame   0x00001188       0xe0 Libraries\STM32_USB_Device_Library\Class\cdc\src\usbd_cdc_core.o
 .debug_frame   0x00001268      0x20c Libraries\STM32F4xx_StdPeriph_Driver\src\stm32f4xx_usart.o
 .debug_frame   0x00001474      0x66c Libraries\STM32F4xx_StdPeriph_Driver\src\stm32f4xx_tim.o
 .debug_frame   0x00001ae0       0x94 Libraries\STM32F4xx_StdPeriph_Driver\src\stm32f4xx_syscfg.o
 .debug_frame   0x00001b74      0x36c Libraries\STM32F4xx_StdPeriph_Driver\src\stm32f4xx_rcc.o
 .debug_frame   0x00001ee0      0x118 Libraries\STM32F4xx_StdPeriph_Driver\src\stm32f4xx_gpio.o
 .debug_frame   0x00001ff8       0x98 Libraries\STM32F4xx_StdPeriph_Driver\src\stm32f4xx_exti.o
 .debug_frame   0x00002090      0x168 Libraries\STM32F4xx_StdPeriph_Driver\src\stm32f4xx_dma.o
 .debug_frame   0x000021f8      0x2a8 Libraries\STM32F4xx_StdPeriph_Driver\src\stm32f4xx_adc.o
 .debug_frame   0x000024a0       0x60 Libraries\STM32F4xx_StdPeriph_Driver\src\misc.o
 .debug_frame   0x00002500       0x20 C:\Users\Antonio\Atollic\TrueSTUDIO\ARM_workspace\ADC_MIC_30_04\libarm_cortexM4lf_math.a(arm_cos_f32.o)
 .debug_frame   0x00002520       0x2c c:/program files (x86)/atollic/truestudio for arm lite 4.3.1/armtools/bin/../lib/gcc/arm-atollic-eabi/4.7.3/../../../../arm-atollic-eabi/lib/armv7e-m/fpu\libc.a(lib_a-init.o)
 .debug_frame   0x0000254c       0x28 c:/program files (x86)/atollic/truestudio for arm lite 4.3.1/armtools/bin/../lib/gcc/arm-atollic-eabi/4.7.3/../../../../arm-atollic-eabi/lib/armv7e-m/fpu\libc.a(lib_a-memcpy.o)
 .debug_frame   0x00002574       0x20 c:/program files (x86)/atollic/truestudio for arm lite 4.3.1/armtools/bin/../lib/gcc/arm-atollic-eabi/4.7.3/../../../../arm-atollic-eabi/lib/armv7e-m/fpu\libc.a(lib_a-memset.o)
 .debug_frame   0x00002594       0x50 c:/program files (x86)/atollic/truestudio for arm lite 4.3.1/armtools/bin/../lib/gcc/arm-atollic-eabi/4.7.3/armv7e-m/fpu\libgcc.a(bpabi.o)
 .debug_frame   0x000025e4       0x34 c:/program files (x86)/atollic/truestudio for arm lite 4.3.1/armtools/bin/../lib/gcc/arm-atollic-eabi/4.7.3/armv7e-m/fpu\libgcc.a(_divdi3.o)
 .debug_frame   0x00002618       0x34 c:/program files (x86)/atollic/truestudio for arm lite 4.3.1/armtools/bin/../lib/gcc/arm-atollic-eabi/4.7.3/armv7e-m/fpu\libgcc.a(_udivdi3.o)

.debug_loc      0x00000000     0xaefa
 .debug_loc     0x00000000      0x313 src\usbd_desc.o
 .debug_loc     0x00000313      0x20e src\usbd_cdc_vcp.o
 .debug_loc     0x00000521       0xe3 src\usb_bsp.o
 .debug_loc     0x00000604       0x96 src\usart.o
 .debug_loc     0x0000069a      0x827 src\tiny_printf.o
 .debug_loc     0x00000ec1      0x148 src\system_stm32f4xx.o
 .debug_loc     0x00001009       0x80 src\stm32f4xx_it.o
 .debug_loc     0x00001089       0x78 src\main.o
 .debug_loc     0x00001101       0x20 src\USB\usb.o
 .debug_loc     0x00001121       0xf7 src\Timer\timer.o
 .debug_loc     0x00001218      0x6d4 src\HD44780_task\HD44780.o
 .debug_loc     0x000018ec      0x432 src\HD44780\hd44780.o
 .debug_loc     0x00001d1e       0x40 src\GPIO\gpio.o
 .debug_loc     0x00001d5e       0x20 src\EXTI\exti.o
 .debug_loc     0x00001d7e       0x9c src\Delay\delay.o
 .debug_loc     0x00001e1a       0x2d src\ADC\adc.o
 .debug_loc     0x00001e47      0x493 src\ADC\Goertzel.o
 .debug_loc     0x000022da      0x68c Libraries\STM32_USB_OTG_Driver\src\usb_dcd_int.o
 .debug_loc     0x00002966      0x758 Libraries\STM32_USB_OTG_Driver\src\usb_dcd.o
 .debug_loc     0x000030be     0x12a7 Libraries\STM32_USB_OTG_Driver\src\usb_core.o
 .debug_loc     0x00004365      0x6f0 Libraries\STM32_USB_Device_Library\Core\src\usbd_req.o
 .debug_loc     0x00004a55      0x2b8 Libraries\STM32_USB_Device_Library\Core\src\usbd_ioreq.o
 .debug_loc     0x00004d0d      0x5cf Libraries\STM32_USB_Device_Library\Core\src\usbd_core.o
 .debug_loc     0x000052dc      0x508 Libraries\STM32_USB_Device_Library\Class\cdc\src\usbd_cdc_core.o
 .debug_loc     0x000057e4      0x9c1 Libraries\STM32F4xx_StdPeriph_Driver\src\stm32f4xx_usart.o
 .debug_loc     0x000061a5     0x2041 Libraries\STM32F4xx_StdPeriph_Driver\src\stm32f4xx_tim.o
 .debug_loc     0x000081e6       0xe6 Libraries\STM32F4xx_StdPeriph_Driver\src\stm32f4xx_syscfg.o
 .debug_loc     0x000082cc      0xcee Libraries\STM32F4xx_StdPeriph_Driver\src\stm32f4xx_rcc.o
 .debug_loc     0x00008fba      0x446 Libraries\STM32F4xx_StdPeriph_Driver\src\stm32f4xx_gpio.o
 .debug_loc     0x00009400      0x1c3 Libraries\STM32F4xx_StdPeriph_Driver\src\stm32f4xx_exti.o
 .debug_loc     0x000095c3      0x65f Libraries\STM32F4xx_StdPeriph_Driver\src\stm32f4xx_dma.o
 .debug_loc     0x00009c22      0xe11 Libraries\STM32F4xx_StdPeriph_Driver\src\stm32f4xx_adc.o
 .debug_loc     0x0000aa33      0x18c Libraries\STM32F4xx_StdPeriph_Driver\src\misc.o